[0;35m Generating random numbers for stack_size 190...

[0m[1;30m TEST 0: [0m[0;32mOK [0m[1;37m 2457 [0m instructions
[1;30m TEST 1: [0m[0;32mOK [0m[1;37m 2440 [0m instructions
[1;30m TEST 2: [0m[0;32mOK [0m[1;37m 2560 [0m instructions
[1;30m TEST 3: [0m[0;32mOK [0m[1;37m 2390 [0m instructions
[1;30m TEST 4: [0m[0;32mOK [0m[1;37m 2372 [0m instructions
[1;30m TEST 5: [0m[0;32mOK [0m[1;37m 2451 [0m instructions
[1;30m TEST 6: [0m[0;32mOK [0m[1;37m 2446 [0m instructions
[1;30m TEST 7: [0m[0;32mOK [0m[1;37m 2509 [0m instructions
[1;30m TEST 8: [0m[0;32mOK [0m[1;37m 2527 [0m instructions
[1;30m TEST 9: [0m[0;32mOK [0m[1;37m 2514 [0m instructions

Mean: 2466 for stack of size 190 

[0;35m Generating random numbers for stack_size 191...

[0m[1;30m TEST 0: [0m[0;32mOK [0m[1;37m 2489 [0m instructions
[1;30m TEST 1: [0m[0;32mOK [0m[1;37m 2413 [0m instructions
[1;30m TEST 2: [0m[0;32mOK [0m[1;37m 2481 [0m instructions
[1;30m TEST 3: [0m[0;32mOK [0m[1;37m 2462 [0m instructions
[1;30m TEST 4: [0m[0;32mOK [0m[1;37m 2556 [0m instructions
[1;30m TEST 5: [0m[0;32mOK [0m[1;37m 2542 [0m instructions
[1;30m TEST 6: [0m[0;32mOK [0m[1;37m 2541 [0m instructions
[1;30m TEST 7: [0m[0;32mOK [0m[1;37m 2551 [0m instructions
[1;30m TEST 8: [0m[0;32mOK [0m[1;37m 2354 [0m instructions
[1;30m TEST 9: [0m[0;32mOK [0m[1;37m 2419 [0m instructions

Mean: 2480 for stack of size 191 

[0;35m Generating random numbers for stack_size 192...

[0m[1;30m TEST 0: [0m[0;32mOK [0m[1;37m 2392 [0m instructions
[1;30m TEST 1: [0m[0;32mOK [0m[1;37m 2465 [0m instructions
[1;30m TEST 2: [0m[0;32mOK [0m[1;37m 2457 [0m instructions
[1;30m TEST 3: [0m[0;32mOK [0m[1;37m 2381 [0m instructions
[1;30m TEST 4: [0m[0;32mOK [0m[1;37m 2401 [0m instructions
[1;30m TEST 5: [0m[0;32mOK [0m[1;37m 2355 [0m instructions
[1;30m TEST 6: [0m[0;32mOK [0m[1;37m 2382 [0m instructions
[1;30m TEST 7: [0m[0;32mOK [0m[1;37m 2417 [0m instructions
[1;30m TEST 8: [0m[0;32mOK [0m[1;37m 2238 [0m instructions
[1;30m TEST 9: [0m[0;32mOK [0m[1;37m 2353 [0m instructions

Mean: 2384 for stack of size 192 

[0;35m Generating random numbers for stack_size 193...

[0m[1;30m TEST 0: [0m[0;32mOK [0m[1;37m 2441 [0m instructions
[1;30m TEST 1: [0m[0;32mOK [0m[1;37m 2498 [0m instructions
[1;30m TEST 2: [0m[0;32mOK [0m[1;37m 2590 [0m instructions
[1;30m TEST 3: [0m[0;32mOK [0m[1;37m 2589 [0m instructions
[1;30m TEST 4: [0m[0;32mOK [0m[1;37m 2598 [0m instructions
[1;30m TEST 5: [0m[0;32mOK [0m[1;37m 2682 [0m instructions
[1;30m TEST 6: [0m[0;32mOK [0m[1;37m 2366 [0m instructions
[1;30m TEST 7: [0m[0;32mOK [0m[1;37m 2571 [0m instructions
[1;30m TEST 8: [0m[0;32mOK [0m[1;37m 2567 [0m instructions
[1;30m TEST 9: [0m[0;32mOK [0m[1;37m 2624 [0m instructions

Mean: 2552 for stack of size 193 

[0;35m Generating random numbers for stack_size 194...

[0m[1;30m TEST 0: [0m[0;32mOK [0m[1;37m 2539 [0m instructions
[1;30m TEST 1: [0m[0;32mOK [0m[1;37m 2589 [0m instructions
[1;30m TEST 2: [0m[0;32mOK [0m[1;37m 2484 [0m instructions
[1;30m TEST 3: [0m[0;32mOK [0m[1;37m 2626 [0m instructions
[1;30m TEST 4: [0m[0;32mOK [0m[1;37m 2419 [0m instructions
[1;30m TEST 5: [0m[0;32mOK [0m[1;37m 2560 [0m instructions
[1;30m TEST 6: [0m[0;32mOK [0m[1;37m 2540 [0m instructions
[1;30m TEST 7: [0m[0;32mOK [0m[1;37m 2550 [0m instructions
[1;30m TEST 8: [0m[0;32mOK [0m[1;37m 2526 [0m instructions
[1;30m TEST 9: [0m[0;32mOK [0m[1;37m 2610 [0m instructions

Mean: 2544 for stack of size 194 

[0;35m Generating random numbers for stack_size 195...

[0m[1;30m TEST 0: [0m[0;32mOK [0m[1;37m 2592 [0m instructions
[1;30m TEST 1: [0m[0;32mOK [0m[1;37m 2553 [0m instructions
[1;30m TEST 2: [0m[0;32mOK [0m[1;37m 2549 [0m instructions
[1;30m TEST 3: [0m[0;32mOK [0m[1;37m 2479 [0m instructions
[1;30m TEST 4: [0m[0;32mOK [0m[1;37m 2614 [0m instructions
[1;30m TEST 5: [0m[0;32mOK [0m[1;37m 2574 [0m instructions
[1;30m TEST 6: [0m[0;32mOK [0m[1;37m 2538 [0m instructions
[1;30m TEST 7: [0m[0;32mOK [0m[1;37m 2576 [0m instructions
[1;30m TEST 8: [0m[0;32mOK [0m[1;37m 2549 [0m instructions
[1;30m TEST 9: [0m[0;32mOK [0m[1;37m 2599 [0m instructions

Mean: 2562 for stack of size 195 

[0;35m Generating random numbers for stack_size 196...

[0m[1;30m TEST 0: [0m[0;32mOK [0m[1;37m 2464 [0m instructions
[1;30m TEST 1: [0m[0;32mOK [0m[1;37m 2507 [0m instructions
[1;30m TEST 2: [0m[0;32mOK [0m[1;37m 2542 [0m instructions
[1;30m TEST 3: [0m[0;32mOK [0m[1;37m 2457 [0m instructions
[1;30m TEST 4: [0m[0;32mOK [0m[1;37m 2461 [0m instructions
[1;30m TEST 5: [0m[0;32mOK [0m[1;37m 2517 [0m instructions
[1;30m TEST 6: [0m[0;32mOK [0m[1;37m 2423 [0m instructions
[1;30m TEST 7: [0m[0;32mOK [0m[1;37m 2547 [0m instructions
[1;30m TEST 8: [0m[0;32mOK [0m[1;37m 2500 [0m instructions
[1;30m TEST 9: [0m[0;32mOK [0m[1;37m 2471 [0m instructions

Mean: 2488 for stack of size 196 

[0;35m Generating random numbers for stack_size 197...

[0m[1;30m TEST 0: [0m[0;32mOK [0m[1;37m 2602 [0m instructions
[1;30m TEST 1: [0m[0;32mOK [0m[1;37m 2501 [0m instructions
[1;30m TEST 2: [0m[0;32mOK [0m[1;37m 2553 [0m instructions
[1;30m TEST 3: [0m[0;32mOK [0m[1;37m 2654 [0m instructions
[1;30m TEST 4: [0m[0;32mOK [0m[1;37m 2565 [0m instructions
[1;30m TEST 5: [0m[0;32mOK [0m[1;37m 2574 [0m instructions
[1;30m TEST 6: [0m[0;32mOK [0m[1;37m 2452 [0m instructions
[1;30m TEST 7: [0m[0;32mOK [0m[1;37m 2436 [0m instructions
[1;30m TEST 8: [0m[0;32mOK [0m[1;37m 2565 [0m instructions
[1;30m TEST 9: [0m[0;32mOK [0m[1;37m 2399 [0m instructions

Mean: 2530 for stack of size 197 

[0;35m Generating random numbers for stack_size 198...

[0m[1;30m TEST 0: [0m[0;32mOK [0m[1;37m 2643 [0m instructions
[1;30m TEST 1: [0m[0;32mOK [0m[1;37m 2587 [0m instructions
[1;30m TEST 2: [0m[0;32mOK [0m[1;37m 2525 [0m instructions
[1;30m TEST 3: [0m[0;32mOK [0m[1;37m 2577 [0m instructions
[1;30m TEST 4: [0m[0;32mOK [0m[1;37m 2678 [0m instructions
[1;30m TEST 5: [0m[0;32mOK [0m[1;37m 2816 [0m instructions
[1;30m TEST 6: [0m[0;32mOK [0m[1;37m 2590 [0m instructions
[1;30m TEST 7: [0m[0;32mOK [0m[1;37m 2455 [0m instructions
[1;30m TEST 8: [0m[0;32mOK [0m[1;37m 2743 [0m instructions
[1;30m TEST 9: [0m[0;32mOK [0m[1;37m 2626 [0m instructions

Mean: 2624 for stack of size 198 

[0;35m Generating random numbers for stack_size 199...

[0m[1;30m TEST 0: [0m[0;32mOK [0m[1;37m 2531 [0m instructions
[1;30m TEST 1: [0m[0;32mOK [0m[1;37m 2660 [0m instructions
[1;30m TEST 2: [0m[0;32mOK [0m[1;37m 2672 [0m instructions
[1;30m TEST 3: [0m[0;32mOK [0m[1;37m 2673 [0m instructions
[1;30m TEST 4: [0m[0;32mOK [0m[1;37m 2723 [0m instructions
[1;30m TEST 5: [0m[0;32mOK [0m[1;37m 2592 [0m instructions
[1;30m TEST 6: [0m[0;32mOK [0m[1;37m 2750 [0m instructions
[1;30m TEST 7: [0m[0;32mOK [0m[1;37m 2660 [0m instructions
[1;30m TEST 8: [0m[0;32mOK [0m[1;37m 2666 [0m instructions
[1;30m TEST 9: [0m[0;32mOK [0m[1;37m 2624 [0m instructions

Mean: 2655 for stack of size 199 

[0;35m Generating random numbers for stack_size 200...

[0m[1;30m TEST 0: [0m[0;32mOK [0m[1;37m 2232 [0m instructions
[1;30m TEST 1: [0m[0;32mOK [0m[1;37m 2281 [0m instructions
[1;30m TEST 2: [0m[0;32mOK [0m[1;37m 2311 [0m instructions
[1;30m TEST 3: [0m[0;32mOK [0m[1;37m 2229 [0m instructions
[1;30m TEST 4: [0m[0;32mOK [0m[1;37m 2266 [0m instructions
[1;30m TEST 5: [0m[0;32mOK [0m[1;37m 2289 [0m instructions
[1;30m TEST 6: [0m[0;32mOK [0m[1;37m 2267 [0m instructions
[1;30m TEST 7: [0m[0;32mOK [0m[1;37m 2280 [0m instructions
[1;30m TEST 8: [0m[0;32mOK [0m[1;37m 2273 [0m instructions
[1;30m TEST 9: [0m[0;32mOK [0m[1;37m 2273 [0m instructions

Mean: 2270 for stack of size 200 

[0;35m Generating random numbers for stack_size 201...

[0m[1;30m TEST 0: [0m[0;32mOK [0m[1;37m 2530 [0m instructions
[1;30m TEST 1: [0m[0;32mOK [0m[1;37m 2293 [0m instructions
[1;30m TEST 2: [0m[0;32mOK [0m[1;37m 2351 [0m instructions
[1;30m TEST 3: [0m[0;32mOK [0m[1;37m 2385 [0m instructions
[1;30m TEST 4: [0m[0;32mOK [0m[1;37m 2507 [0m instructions
[1;30m TEST 5: [0m[0;32mOK [0m[1;37m 2360 [0m instructions
[1;30m TEST 6: [0m[0;32mOK [0m[1;37m 2511 [0m instructions
[1;30m TEST 7: [0m[0;32mOK [0m[1;37m 2457 [0m instructions
[1;30m TEST 8: [0m[0;32mOK [0m[1;37m 2449 [0m instructions
[1;30m TEST 9: [0m[0;32mOK [0m[1;37m 2348 [0m instructions

Mean: 2419 for stack of size 201 

[0;35m Generating random numbers for stack_size 202...

[0m[1;30m TEST 0: [0m[0;32mOK [0m[1;37m 2488 [0m instructions
[1;30m TEST 1: [0m[0;32mOK [0m[1;37m 2388 [0m instructions
[1;30m TEST 2: [0m[0;32mOK [0m[1;37m 2491 [0m instructions
[1;30m TEST 3: [0m[0;32mOK [0m[1;37m 2470 [0m instructions
[1;30m TEST 4: [0m[0;32mOK [0m[1;37m 2494 [0m instructions
[1;30m TEST 5: [0m[0;32mOK [0m[1;37m 2447 [0m instructions
[1;30m TEST 6: [0m[0;32mOK [0m[1;37m 2356 [0m instructions
[1;30m TEST 7: [0m[0;32mOK [0m[1;37m 2469 [0m instructions
[1;30m TEST 8: [0m[0;32mOK [0m[1;37m 2498 [0m instructions
[1;30m TEST 9: [0m[0;32mOK [0m[1;37m 2502 [0m instructions

Mean: 2460 for stack of size 202 

[0;35m Generating random numbers for stack_size 203...

[0m[1;30m TEST 0: [0m[0;32mOK [0m[1;37m 2498 [0m instructions
[1;30m TEST 1: [0m[0;32mOK [0m[1;37m 2510 [0m instructions
[1;30m TEST 2: [0m[0;32mOK [0m[1;37m 2531 [0m instructions
[1;30m TEST 3: [0m[0;32mOK [0m[1;37m 2478 [0m instructions
[1;30m TEST 4: [0m[0;32mOK [0m[1;37m 2539 [0m instructions
[1;30m TEST 5: [0m[0;32mOK [0m[1;37m 2429 [0m instructions
[1;30m TEST 6: [0m[0;32mOK [0m[1;37m 2448 [0m instructions
[1;30m TEST 7: [0m[0;32mOK [0m[1;37m 2445 [0m instructions
[1;30m TEST 8: [0m[0;32mOK [0m[1;37m 2451 [0m instructions
[1;30m TEST 9: [0m[0;32mOK [0m[1;37m 2342 [0m instructions

Mean: 2467 for stack of size 203 

[0;35m Generating random numbers for stack_size 204...

[0m[1;30m TEST 0: [0m[0;32mOK [0m[1;37m 2493 [0m instructions
[1;30m TEST 1: [0m[0;32mOK [0m[1;37m 2454 [0m instructions
[1;30m TEST 2: [0m[0;32mOK [0m[1;37m 2459 [0m instructions
[1;30m TEST 3: [0m[0;32mOK [0m[1;37m 2538 [0m instructions
[1;30m TEST 4: [0m[0;32mOK [0m[1;37m 2536 [0m instructions
[1;30m TEST 5: [0m[0;32mOK [0m[1;37m 2523 [0m instructions
[1;30m TEST 6: [0m[0;32mOK [0m[1;37m 2485 [0m instructions
[1;30m TEST 7: [0m[0;32mOK [0m[1;37m 2457 [0m instructions
[1;30m TEST 8: [0m[0;32mOK [0m[1;37m 2466 [0m instructions
[1;30m TEST 9: [0m[0;32mOK [0m[1;37m 2487 [0m instructions

Mean: 2489 for stack of size 204 

[0;35m Generating random numbers for stack_size 205...

[0m[1;30m TEST 0: [0m[0;32mOK [0m[1;37m 2404 [0m instructions
[1;30m TEST 1: [0m[0;32mOK [0m[1;37m 2434 [0m instructions
[1;30m TEST 2: [0m[0;32mOK [0m[1;37m 2465 [0m instructions
[1;30m TEST 3: [0m[0;32mOK [0m[1;37m 2512 [0m instructions
[1;30m TEST 4: [0m[0;32mOK [0m[1;37m 2492 [0m instructions
[1;30m TEST 5: [0m[0;32mOK [0m[1;37m 2575 [0m instructions
[1;30m TEST 6: [0m[0;32mOK [0m[1;37m 2499 [0m instructions
[1;30m TEST 7: [0m[0;32mOK [0m[1;37m 2520 [0m instructions
[1;30m TEST 8: [0m[0;32mOK [0m[1;37m 2495 [0m instructions
[1;30m TEST 9: [0m[0;32mOK [0m[1;37m 2526 [0m instructions

Mean: 2492 for stack of size 205 

[0;35m Generating random numbers for stack_size 206...

[0m[1;30m TEST 0: [0m[0;32mOK [0m[1;37m 2539 [0m instructions
[1;30m TEST 1: [0m[0;32mOK [0m[1;37m 2529 [0m instructions
[1;30m TEST 2: [0m[0;32mOK [0m[1;37m 2474 [0m instructions
[1;30m TEST 3: [0m[0;32mOK [0m[1;37m 2502 [0m instructions
[1;30m TEST 4: [0m[0;32mOK [0m[1;37m 2465 [0m instructions
[1;30m TEST 5: [0m[0;32mOK [0m[1;37m 2424 [0m instructions
[1;30m TEST 6: [0m[0;32mOK [0m[1;37m 2490 [0m instructions
[1;30m TEST 7: [0m[0;32mOK [0m[1;37m 2504 [0m instructions
[1;30m TEST 8: [0m[0;32mOK [0m[1;37m 2444 [0m instructions
[1;30m TEST 9: [0m[0;32mOK [0m[1;37m 2480 [0m instructions

Mean: 2485 for stack of size 206 

[0;35m Generating random numbers for stack_size 207...

[0m[1;30m TEST 0: [0m[0;32mOK [0m[1;37m 2511 [0m instructions
[1;30m TEST 1: [0m[0;32mOK [0m[1;37m 2504 [0m instructions
[1;30m TEST 2: [0m[0;32mOK [0m[1;37m 2474 [0m instructions
[1;30m TEST 3: [0m[0;32mOK [0m[1;37m 2481 [0m instructions
[1;30m TEST 4: [0m[0;32mOK [0m[1;37m 2495 [0m instructions
[1;30m TEST 5: [0m[0;32mOK [0m[1;37m 2531 [0m instructions
[1;30m TEST 6: [0m[0;32mOK [0m[1;37m 2476 [0m instructions
[1;30m TEST 7: [0m[0;32mOK [0m[1;37m 2497 [0m instructions
[1;30m TEST 8: [0m[0;32mOK [0m[1;37m 2524 [0m instructions
[1;30m TEST 9: [0m[0;32mOK [0m[1;37m 2402 [0m instructions

Mean: 2489 for stack of size 207 

[0;35m Generating random numbers for stack_size 208...

[0m[1;30m TEST 0: [0m[0;32mOK [0m[1;37m 2355 [0m instructions
[1;30m TEST 1: [0m[0;32mOK [0m[1;37m 2376 [0m instructions
[1;30m TEST 2: [0m[0;32mOK [0m[1;37m 2430 [0m instructions
[1;30m TEST 3: [0m[0;32mOK [0m[1;37m 2397 [0m instructions
[1;30m TEST 4: [0m[0;32mOK [0m[1;37m 2389 [0m instructions
[1;30m TEST 5: [0m[0;32mOK [0m[1;37m 2386 [0m instructions
[1;30m TEST 6: [0m[0;32mOK [0m[1;37m 2367 [0m instructions
[1;30m TEST 7: [0m[0;32mOK [0m[1;37m 2371 [0m instructions
[1;30m TEST 8: [0m[0;32mOK [0m[1;37m 2370 [0m instructions
[1;30m TEST 9: [0m[0;32mOK [0m[1;37m 2338 [0m instructions

Mean: 2377 for stack of size 208 

[0;35m Generating random numbers for stack_size 209...

[0m[1;30m TEST 0: [0m[0;32mOK [0m[1;37m 2554 [0m instructions
[1;30m TEST 1: [0m[0;32mOK [0m[1;37m 2451 [0m instructions
[1;30m TEST 2: [0m[0;32mOK [0m[1;37m 2590 [0m instructions
[1;30m TEST 3: [0m[0;32mOK [0m[1;37m 2427 [0m instructions
[1;30m TEST 4: [0m[0;32mOK [0m[1;37m 2609 [0m instructions
[1;30m TEST 5: [0m[0;32mOK [0m[1;37m 2616 [0m instructions
[1;30m TEST 6: [0m[0;32mOK [0m[1;37m 2582 [0m instructions
[1;30m TEST 7: [0m[0;32mOK [0m[1;37m 2614 [0m instructions
[1;30m TEST 8: [0m[0;32mOK [0m[1;37m 2556 [0m instructions
[1;30m TEST 9: [0m[0;32mOK [0m[1;37m 2631 [0m instructions

Mean: 2563 for stack of size 209 

[0;35m Generating random numbers for stack_size 210...

[0m[1;30m TEST 0: [0m[0;32mOK [0m[1;37m 2586 [0m instructions
[1;30m TEST 1: [0m[0;32mOK [0m[1;37m 2635 [0m instructions
[1;30m TEST 2: [0m[0;32mOK [0m[1;37m 2561 [0m instructions
[1;30m TEST 3: [0m[0;32mOK [0m[1;37m 2612 [0m instructions
[1;30m TEST 4: [0m[0;32mOK [0m[1;37m 2624 [0m instructions
[1;30m TEST 5: [0m[0;32mOK [0m[1;37m 2598 [0m instructions
[1;30m TEST 6: [0m[0;32mOK [0m[1;37m 2626 [0m instructions
[1;30m TEST 7: [0m[0;32mOK [0m[1;37m 2624 [0m instructions
[1;30m TEST 8: [0m[0;32mOK [0m[1;37m 2532 [0m instructions
[1;30m TEST 9: [0m[0;32mOK [0m[1;37m 2594 [0m instructions

Mean: 2599 for stack of size 210 

[0;35m Generating random numbers for stack_size 211...

[0m[1;30m TEST 0: [0m[0;32mOK [0m[1;37m 2596 [0m instructions
[1;30m TEST 1: [0m[0;32mOK [0m[1;37m 2593 [0m instructions
[1;30m TEST 2: [0m[0;32mOK [0m[1;37m 2628 [0m instructions
[1;30m TEST 3: [0m[0;32mOK [0m[1;37m 2588 [0m instructions
[1;30m TEST 4: [0m[0;32mOK [0m[1;37m 2538 [0m instructions
[1;30m TEST 5: [0m[0;32mOK [0m[1;37m 2613 [0m instructions
[1;30m TEST 6: [0m[0;32mOK [0m[1;37m 2644 [0m instructions
[1;30m TEST 7: [0m[0;32mOK [0m[1;37m 2546 [0m instructions
[1;30m TEST 8: [0m[0;32mOK [0m[1;37m 2649 [0m instructions
[1;30m TEST 9: [0m[0;32mOK [0m[1;37m 2537 [0m instructions

Mean: 2593 for stack of size 211 

[0;35m Generating random numbers for stack_size 212...

[0m[1;30m TEST 0: [0m[0;32mOK [0m[1;37m 2652 [0m instructions
[1;30m TEST 1: [0m[0;32mOK [0m[1;37m 2626 [0m instructions
[1;30m TEST 2: [0m[0;32mOK [0m[1;37m 2608 [0m instructions
[1;30m TEST 3: [0m[0;32mOK [0m[1;37m 2588 [0m instructions
[1;30m TEST 4: [0m[0;32mOK [0m[1;37m 2533 [0m instructions
[1;30m TEST 5: [0m[0;32mOK [0m[1;37m 2662 [0m instructions
[1;30m TEST 6: [0m[0;32mOK [0m[1;37m 2648 [0m instructions
[1;30m TEST 7: [0m[0;32mOK [0m[1;37m 2634 [0m instructions
[1;30m TEST 8: [0m[0;32mOK [0m[1;37m 2604 [0m instructions
[1;30m TEST 9: [0m[0;32mOK [0m[1;37m 2606 [0m instructions

Mean: 2616 for stack of size 212 

[0;35m Generating random numbers for stack_size 213...

[0m[1;30m TEST 0: [0m[0;32mOK [0m[1;37m 2594 [0m instructions
[1;30m TEST 1: [0m[0;32mOK [0m[1;37m 2553 [0m instructions
[1;30m TEST 2: [0m[0;32mOK [0m[1;37m 2556 [0m instructions
[1;30m TEST 3: [0m[0;32mOK [0m[1;37m 2656 [0m instructions
[1;30m TEST 4: [0m[0;32mOK [0m[1;37m 2641 [0m instructions
[1;30m TEST 5: [0m[0;32mOK [0m[1;37m 2569 [0m instructions
[1;30m TEST 6: [0m[0;32mOK [0m[1;37m 2573 [0m instructions
[1;30m TEST 7: [0m[0;32mOK [0m[1;37m 2608 [0m instructions
[1;30m TEST 8: [0m[0;32mOK [0m[1;37m 2602 [0m instructions
[1;30m TEST 9: [0m[0;32mOK [0m[1;37m 2572 [0m instructions

Mean: 2592 for stack of size 213 

[0;35m Generating random numbers for stack_size 214...

[0m[1;30m TEST 0: [0m[0;32mOK [0m[1;37m 2648 [0m instructions
[1;30m TEST 1: [0m[0;32mOK [0m[1;37m 2584 [0m instructions
[1;30m TEST 2: [0m[0;32mOK [0m[1;37m 2681 [0m instructions
[1;30m TEST 3: [0m[0;32mOK [0m[1;37m 2600 [0m instructions
[1;30m TEST 4: [0m[0;32mOK [0m[1;37m 2606 [0m instructions
[1;30m TEST 5: [0m[0;32mOK [0m[1;37m 2565 [0m instructions
[1;30m TEST 6: [0m[0;32mOK [0m[1;37m 2598 [0m instructions
[1;30m TEST 7: [0m[0;32mOK [0m[1;37m 2598 [0m instructions
[1;30m TEST 8: [0m[0;32mOK [0m[1;37m 2617 [0m instructions
[1;30m TEST 9: [0m[0;32mOK [0m[1;37m 2682 [0m instructions

Mean: 2617 for stack of size 214 

[0;35m Generating random numbers for stack_size 215...

[0m[1;30m TEST 0: [0m[0;32mOK [0m[1;37m 2571 [0m instructions
[1;30m TEST 1: [0m[0;32mOK [0m[1;37m 2689 [0m instructions
[1;30m TEST 2: [0m[0;32mOK [0m[1;37m 2622 [0m instructions
[1;30m TEST 3: [0m[0;32mOK [0m[1;37m 2632 [0m instructions
[1;30m TEST 4: [0m[0;32mOK [0m[1;37m 2580 [0m instructions
[1;30m TEST 5: [0m[0;32mOK [0m[1;37m 2687 [0m instructions
[1;30m TEST 6: [0m[0;32mOK [0m[1;37m 2644 [0m instructions
[1;30m TEST 7: [0m[0;32mOK [0m[1;37m 2573 [0m instructions
[1;30m TEST 8: [0m[0;32mOK [0m[1;37m 2689 [0m instructions
[1;30m TEST 9: [0m[0;32mOK [0m[1;37m 2579 [0m instructions

Mean: 2626 for stack of size 215 

[0;35m Generating random numbers for stack_size 216...

[0m[1;30m TEST 0: [0m[0;32mOK [0m[1;37m 2526 [0m instructions
[1;30m TEST 1: [0m[0;32mOK [0m[1;37m 2517 [0m instructions
[1;30m TEST 2: [0m[0;32mOK [0m[1;37m 2535 [0m instructions
[1;30m TEST 3: [0m[0;32mOK [0m[1;37m 2540 [0m instructions
[1;30m TEST 4: [0m[0;32mOK [0m[1;37m 2499 [0m instructions
[1;30m TEST 5: [0m[0;32mOK [0m[1;37m 2517 [0m instructions
[1;30m TEST 6: [0m[0;32mOK [0m[1;37m 2506 [0m instructions
[1;30m TEST 7: [0m[0;32mOK [0m[1;37m 2532 [0m instructions
[1;30m TEST 8: [0m[0;32mOK [0m[1;37m 2538 [0m instructions
[1;30m TEST 9: [0m[0;32mOK [0m[1;37m 2500 [0m instructions

Mean: 2521 for stack of size 216 

[0;35m Generating random numbers for stack_size 217...

[0m[1;30m TEST 0: [0m[0;32mOK [0m[1;37m 2715 [0m instructions
[1;30m TEST 1: [0m[0;32mOK [0m[1;37m 2722 [0m instructions
[1;30m TEST 2: [0m[0;32mOK [0m[1;37m 2712 [0m instructions
[1;30m TEST 3: [0m[0;32mOK [0m[1;37m 2574 [0m instructions
[1;30m TEST 4: [0m[0;32mOK [0m[1;37m 2727 [0m instructions
[1;30m TEST 5: [0m[0;32mOK [0m[1;37m 2449 [0m instructions
[1;30m TEST 6: [0m[0;32mOK [0m[1;37m 2735 [0m instructions
[1;30m TEST 7: [0m[0;32mOK [0m[1;37m 2624 [0m instructions
[1;30m TEST 8: [0m[0;32mOK [0m[1;37m 2746 [0m instructions
[1;30m TEST 9: [0m[0;32mOK [0m[1;37m 2605 [0m instructions

Mean: 2660 for stack of size 217 

[0;35m Generating random numbers for stack_size 218...

[0m[1;30m TEST 0: [0m[0;32mOK [0m[1;37m 2709 [0m instructions
[1;30m TEST 1: [0m[0;32mOK [0m[1;37m 2623 [0m instructions
[1;30m TEST 2: [0m[0;32mOK [0m[1;37m 2701 [0m instructions
[1;30m TEST 3: [0m[0;32mOK [0m[1;37m 2738 [0m instructions
[1;30m TEST 4: [0m[0;32mOK [0m[1;37m 2739 [0m instructions
[1;30m TEST 5: [0m[0;32mOK [0m[1;37m 2727 [0m instructions
[1;30m TEST 6: [0m[0;32mOK [0m[1;37m 2797 [0m instructions
[1;30m TEST 7: [0m[0;32mOK [0m[1;37m 2704 [0m instructions
[1;30m TEST 8: [0m[0;32mOK [0m[1;37m 2688 [0m instructions
[1;30m TEST 9: [0m[0;32mOK [0m[1;37m 2598 [0m instructions

Mean: 2702 for stack of size 218 

[0;35m Generating random numbers for stack_size 219...

[0m[1;30m TEST 0: [0m[0;32mOK [0m[1;37m 2776 [0m instructions
[1;30m TEST 1: [0m[0;32mOK [0m[1;37m 2736 [0m instructions
[1;30m TEST 2: [0m[0;32mOK [0m[1;37m 2678 [0m instructions
[1;30m TEST 3: [0m[0;32mOK [0m[1;37m 2627 [0m instructions
[1;30m TEST 4: [0m[0;32mOK [0m[1;37m 2715 [0m instructions
[1;30m TEST 5: [0m[0;32mOK [0m[1;37m 2806 [0m instructions
[1;30m TEST 6: [0m[0;32mOK [0m[1;37m 2731 [0m instructions
[1;30m TEST 7: [0m[0;32mOK [0m[1;37m 2755 [0m instructions
[1;30m TEST 8: [0m[0;32mOK [0m[1;37m 2743 [0m instructions
[1;30m TEST 9: [0m[0;32mOK [0m[1;37m 2736 [0m instructions

Mean: 2730 for stack of size 219 

[0;35m Generating random numbers for stack_size 220...

[0m[1;30m TEST 0: [0m[0;32mOK [0m[1;37m 2722 [0m instructions
[1;30m TEST 1: [0m[0;32mOK [0m[1;37m 2696 [0m instructions
[1;30m TEST 2: [0m[0;32mOK [0m[1;37m 2705 [0m instructions
[1;30m TEST 3: [0m[0;32mOK [0m[1;37m 2720 [0m instructions
[1;30m TEST 4: [0m[0;32mOK [0m[1;37m 2726 [0m instructions
[1;30m TEST 5: [0m[0;32mOK [0m[1;37m 2757 [0m instructions
[1;30m TEST 6: [0m[0;32mOK [0m[1;37m 2726 [0m instructions
[1;30m TEST 7: [0m[0;32mOK [0m[1;37m 2661 [0m instructions
[1;30m TEST 8: [0m[0;32mOK [0m[1;37m 2697 [0m instructions
[1;30m TEST 9: [0m[0;32mOK [0m[1;37m 2752 [0m instructions

Mean: 2716 for stack of size 220 

[0;35m Generating random numbers for stack_size 221...

[0m[1;30m TEST 0: [0m[0;32mOK [0m[1;37m 2778 [0m instructions
[1;30m TEST 1: [0m[0;32mOK [0m[1;37m 2728 [0m instructions
[1;30m TEST 2: [0m[0;32mOK [0m[1;37m 2805 [0m instructions
[1;30m TEST 3: [0m[0;32mOK [0m[1;37m 2722 [0m instructions
[1;30m TEST 4: [0m[0;32mOK [0m[1;37m 2747 [0m instructions
[1;30m TEST 5: [0m[0;32mOK [0m[1;37m 2708 [0m instructions
[1;30m TEST 6: [0m[0;32mOK [0m[1;37m 2751 [0m instructions
[1;30m TEST 7: [0m[0;32mOK [0m[1;37m 2740 [0m instructions
[1;30m TEST 8: [0m[0;32mOK [0m[1;37m 2751 [0m instructions
[1;30m TEST 9: [0m[0;32mOK [0m[1;37m 2654 [0m instructions

Mean: 2738 for stack of size 221 

[0;35m Generating random numbers for stack_size 222...

[0m[1;30m TEST 0: [0m[0;32mOK [0m[1;37m 2821 [0m instructions
[1;30m TEST 1: [0m[0;32mOK [0m[1;37m 2716 [0m instructions
[1;30m TEST 2: [0m[0;32mOK [0m[1;37m 2755 [0m instructions
[1;30m TEST 3: [0m[0;32mOK [0m[1;37m 2693 [0m instructions
[1;30m TEST 4: [0m[0;32mOK [0m[1;37m 2676 [0m instructions
[1;30m TEST 5: [0m[0;32mOK [0m[1;37m 2748 [0m instructions
[1;30m TEST 6: [0m[0;32mOK [0m[1;37m 2709 [0m instructions
[1;30m TEST 7: [0m[0;32mOK [0m[1;37m 2736 [0m instructions
[1;30m TEST 8: [0m[0;32mOK [0m[1;37m 2729 [0m instructions
[1;30m TEST 9: [0m[0;32mOK [0m[1;37m 2687 [0m instructions

Mean: 2727 for stack of size 222 

[0;35m Generating random numbers for stack_size 223...

[0m[1;30m TEST 0: [0m[0;32mOK [0m[1;37m 2706 [0m instructions
[1;30m TEST 1: [0m[0;32mOK [0m[1;37m 2732 [0m instructions
[1;30m TEST 2: [0m[0;32mOK [0m[1;37m 2722 [0m instructions
[1;30m TEST 3: [0m[0;32mOK [0m[1;37m 2699 [0m instructions
[1;30m TEST 4: [0m[0;32mOK [0m[1;37m 2743 [0m instructions
[1;30m TEST 5: [0m[0;32mOK [0m[1;37m 2713 [0m instructions
[1;30m TEST 6: [0m[0;32mOK [0m[1;37m 2711 [0m instructions
[1;30m TEST 7: [0m[0;32mOK [0m[1;37m 2726 [0m instructions
[1;30m TEST 8: [0m[0;32mOK [0m[1;37m 2756 [0m instructions
[1;30m TEST 9: [0m[0;32mOK [0m[1;37m 2742 [0m instructions

Mean: 2725 for stack of size 223 

[0;35m Generating random numbers for stack_size 224...

[0m[1;30m TEST 0: [0m[0;32mOK [0m[1;37m 2564 [0m instructions
[1;30m TEST 1: [0m[0;32mOK [0m[1;37m 2667 [0m instructions
[1;30m TEST 2: [0m[0;32mOK [0m[1;37m 2654 [0m instructions
[1;30m TEST 3: [0m[0;32mOK [0m[1;37m 2578 [0m instructions
[1;30m TEST 4: [0m[0;32mOK [0m[1;37m 2622 [0m instructions
[1;30m TEST 5: [0m[0;32mOK [0m[1;37m 2646 [0m instructions
[1;30m TEST 6: [0m[0;32mOK [0m[1;37m 2641 [0m instructions
[1;30m TEST 7: [0m[0;32mOK [0m[1;37m 2656 [0m instructions
[1;30m TEST 8: [0m[0;32mOK [0m[1;37m 2623 [0m instructions
[1;30m TEST 9: [0m[0;32mOK [0m[1;37m 2600 [0m instructions

Mean: 2625 for stack of size 224 

[0;35m Generating random numbers for stack_size 225...

[0m[1;30m TEST 0: [0m[0;32mOK [0m[1;37m 2768 [0m instructions
[1;30m TEST 1: [0m[0;32mOK [0m[1;37m 2892 [0m instructions
[1;30m TEST 2: [0m[0;32mOK [0m[1;37m 2744 [0m instructions
[1;30m TEST 3: [0m[0;32mOK [0m[1;37m 2795 [0m instructions
[1;30m TEST 4: [0m[0;32mOK [0m[1;37m 2835 [0m instructions
[1;30m TEST 5: [0m[0;32mOK [0m[1;37m 2724 [0m instructions
[1;30m TEST 6: [0m[0;32mOK [0m[1;37m 2648 [0m instructions
[1;30m TEST 7: [0m[0;32mOK [0m[1;37m 2696 [0m instructions
[1;30m TEST 8: [0m[0;32mOK [0m[1;37m 2903 [0m instructions
[1;30m TEST 9: [0m[0;32mOK [0m[1;37m 2837 [0m instructions

Mean: 2784 for stack of size 225 

[0;35m Generating random numbers for stack_size 226...

[0m[1;30m TEST 0: [0m[0;32mOK [0m[1;37m 2763 [0m instructions
[1;30m TEST 1: [0m[0;32mOK [0m[1;37m 2900 [0m instructions
[1;30m TEST 2: [0m[0;32mOK [0m[1;37m 2851 [0m instructions
[1;30m TEST 3: [0m[0;32mOK [0m[1;37m 2779 [0m instructions
[1;30m TEST 4: [0m[0;32mOK [0m[1;37m 2854 [0m instructions
[1;30m TEST 5: [0m[0;32mOK [0m[1;37m 2873 [0m instructions
[1;30m TEST 6: [0m[0;32mOK [0m[1;37m 2861 [0m instructions
[1;30m TEST 7: [0m[0;32mOK [0m[1;37m 2936 [0m instructions
[1;30m TEST 8: [0m[0;32mOK [0m[1;37m 2866 [0m instructions
[1;30m TEST 9: [0m[0;32mOK [0m[1;37m 2811 [0m instructions

Mean: 2849 for stack of size 226 

[0;35m Generating random numbers for stack_size 227...

[0m[1;30m TEST 0: [0m[0;32mOK [0m[1;37m 2823 [0m instructions
[1;30m TEST 1: [0m[0;32mOK [0m[1;37m 2884 [0m instructions
[1;30m TEST 2: [0m[0;32mOK [0m[1;37m 2865 [0m instructions
[1;30m TEST 3: [0m[0;32mOK [0m[1;37m 2923 [0m instructions
[1;30m TEST 4: [0m[0;32mOK [0m[1;37m 2796 [0m instructions
[1;30m TEST 5: [0m[0;32mOK [0m[1;37m 2883 [0m instructions
[1;30m TEST 6: [0m[0;32mOK [0m[1;37m 2871 [0m instructions
[1;30m TEST 7: [0m[0;32mOK [0m[1;37m 2885 [0m instructions
[1;30m TEST 8: [0m[0;32mOK [0m[1;37m 2759 [0m instructions
[1;30m TEST 9: [0m[0;32mOK [0m[1;37m 2878 [0m instructions

Mean: 2856 for stack of size 227 

[0;35m Generating random numbers for stack_size 228...

[0m[1;30m TEST 0: [0m[0;32mOK [0m[1;37m 2870 [0m instructions
[1;30m TEST 1: [0m[0;32mOK [0m[1;37m 2912 [0m instructions
[1;30m TEST 2: [0m[0;32mOK [0m[1;37m 2718 [0m instructions
[1;30m TEST 3: [0m[0;32mOK [0m[1;37m 2856 [0m instructions
[1;30m TEST 4: [0m[0;32mOK [0m[1;37m 2848 [0m instructions
[1;30m TEST 5: [0m[0;32mOK [0m[1;37m 2912 [0m instructions
[1;30m TEST 6: [0m[0;32mOK [0m[1;37m 2847 [0m instructions
[1;30m TEST 7: [0m[0;32mOK [0m[1;37m 2808 [0m instructions
[1;30m TEST 8: [0m[0;32mOK [0m[1;37m 2834 [0m instructions
[1;30m TEST 9: [0m[0;32mOK [0m[1;37m 2803 [0m instructions

Mean: 2840 for stack of size 228 

[0;35m Generating random numbers for stack_size 229...

[0m[1;30m TEST 0: [0m[0;32mOK [0m[1;37m 2897 [0m instructions
[1;30m TEST 1: [0m[0;32mOK [0m[1;37m 2882 [0m instructions
[1;30m TEST 2: [0m[0;32mOK [0m[1;37m 2796 [0m instructions
[1;30m TEST 3: [0m[0;32mOK [0m[1;37m 2904 [0m instructions
[1;30m TEST 4: [0m[0;32mOK [0m[1;37m 2886 [0m instructions
[1;30m TEST 5: [0m[0;32mOK [0m[1;37m 2793 [0m instructions
[1;30m TEST 6: [0m[0;32mOK [0m[1;37m 2905 [0m instructions
[1;30m TEST 7: [0m[0;32mOK [0m[1;37m 2899 [0m instructions
[1;30m TEST 8: [0m[0;32mOK [0m[1;37m 2834 [0m instructions
[1;30m TEST 9: [0m[0;32mOK [0m[1;37m 2928 [0m instructions

Mean: 2872 for stack of size 229 

[0;35m Generating random numbers for stack_size 230...

[0m[1;30m TEST 0: [0m[0;32mOK [0m[1;37m 2869 [0m instructions
[1;30m TEST 1: [0m[0;32mOK [0m[1;37m 2882 [0m instructions
[1;30m TEST 2: [0m[0;32mOK [0m[1;37m 2885 [0m instructions
[1;30m TEST 3: [0m[0;32mOK [0m[1;37m 2962 [0m instructions
[1;30m TEST 4: [0m[0;32mOK [0m[1;37m 2940 [0m instructions
[1;30m TEST 5: [0m[0;32mOK [0m[1;37m 2899 [0m instructions
[1;30m TEST 6: [0m[0;32mOK [0m[1;37m 2880 [0m instructions
[1;30m TEST 7: [0m[0;32mOK [0m[1;37m 2898 [0m instructions
[1;30m TEST 8: [0m[0;32mOK [0m[1;37m 2878 [0m instructions
[1;30m TEST 9: [0m[0;32mOK [0m[1;37m 2889 [0m instructions

Mean: 2898 for stack of size 230 

[0;35m Generating random numbers for stack_size 231...

[0m[1;30m TEST 0: [0m[0;32mOK [0m[1;37m 2879 [0m instructions
[1;30m TEST 1: [0m[0;32mOK [0m[1;37m 2888 [0m instructions
[1;30m TEST 2: [0m[0;32mOK [0m[1;37m 2942 [0m instructions
[1;30m TEST 3: [0m[0;32mOK [0m[1;37m 2876 [0m instructions
[1;30m TEST 4: [0m[0;32mOK [0m[1;37m 2945 [0m instructions
[1;30m TEST 5: [0m[0;32mOK [0m[1;37m 2907 [0m instructions
[1;30m TEST 6: [0m[0;32mOK [0m[1;37m 2855 [0m instructions
[1;30m TEST 7: [0m[0;32mOK [0m[1;37m 2821 [0m instructions
[1;30m TEST 8: [0m[0;32mOK [0m[1;37m 2915 [0m instructions
[1;30m TEST 9: [0m[0;32mOK [0m[1;37m 2863 [0m instructions

Mean: 2889 for stack of size 231 

[0;35m Generating random numbers for stack_size 232...

[0m[1;30m TEST 0: [0m[0;32mOK [0m[1;37m 2784 [0m instructions
[1;30m TEST 1: [0m[0;32mOK [0m[1;37m 2667 [0m instructions
[1;30m TEST 2: [0m[0;32mOK [0m[1;37m 2783 [0m instructions
[1;30m TEST 3: [0m[0;32mOK [0m[1;37m 2675 [0m instructions
[1;30m TEST 4: [0m[0;32mOK [0m[1;37m 2719 [0m instructions
[1;30m TEST 5: [0m[0;32mOK [0m[1;37m 2751 [0m instructions
[1;30m TEST 6: [0m[0;32mOK [0m[1;37m 2774 [0m instructions
[1;30m TEST 7: [0m[0;32mOK [0m[1;37m 2760 [0m instructions
[1;30m TEST 8: [0m[0;32mOK [0m[1;37m 2743 [0m instructions
[1;30m TEST 9: [0m[0;32mOK [0m[1;37m 2770 [0m instructions

Mean: 2742 for stack of size 232 

[0;35m Generating random numbers for stack_size 233...

[0m[1;30m TEST 0: [0m[0;32mOK [0m[1;37m 2975 [0m instructions
[1;30m TEST 1: [0m[0;32mOK [0m[1;37m 2981 [0m instructions
[1;30m TEST 2: [0m[0;32mOK [0m[1;37m 2926 [0m instructions
[1;30m TEST 3: [0m[0;32mOK [0m[1;37m 2994 [0m instructions
[1;30m TEST 4: [0m[0;32mOK [0m[1;37m 2967 [0m instructions
[1;30m TEST 5: [0m[0;32mOK [0m[1;37m 2809 [0m instructions
[1;30m TEST 6: [0m[0;32mOK [0m[1;37m 2919 [0m instructions
[1;30m TEST 7: [0m[0;32mOK [0m[1;37m 2915 [0m instructions
[1;30m TEST 8: [0m[0;32mOK [0m[1;37m 2942 [0m instructions
[1;30m TEST 9: [0m[0;32mOK [0m[1;37m 3020 [0m instructions

Mean: 2944 for stack of size 233 

[0;35m Generating random numbers for stack_size 234...

[0m[1;30m TEST 0: [0m[0;32mOK [0m[1;37m 3031 [0m instructions
[1;30m TEST 1: [0m[0;32mOK [0m[1;37m 2946 [0m instructions
[1;30m TEST 2: [0m[0;32mOK [0m[1;37m 2946 [0m instructions
[1;30m TEST 3: [0m[0;32mOK [0m[1;37m 3003 [0m instructions
[1;30m TEST 4: [0m[0;32mOK [0m[1;37m 2986 [0m instructions
[1;30m TEST 5: [0m[0;32mOK [0m[1;37m 2977 [0m instructions
[1;30m TEST 6: [0m[0;32mOK [0m[1;37m 2986 [0m instructions
[1;30m TEST 7: [0m[0;32mOK [0m[1;37m 3024 [0m instructions
[1;30m TEST 8: [0m[0;32mOK [0m[1;37m 2954 [0m instructions
[1;30m TEST 9: [0m[0;32mOK [0m[1;37m 2895 [0m instructions

Mean: 2974 for stack of size 234 

[0;35m Generating random numbers for stack_size 235...

[0m[1;30m TEST 0: [0m[0;32mOK [0m[1;37m 3013 [0m instructions
[1;30m TEST 1: [0m[0;32mOK [0m[1;37m 2929 [0m instructions
[1;30m TEST 2: [0m[0;32mOK [0m[1;37m 2925 [0m instructions
[1;30m TEST 3: [0m[0;32mOK [0m[1;37m 2928 [0m instructions
[1;30m TEST 4: [0m[0;32mOK [0m[1;37m 2987 [0m instructions
[1;30m TEST 5: [0m[0;32mOK [0m[1;37m 2956 [0m instructions
[1;30m TEST 6: [0m[0;32mOK [0m[1;37m 2996 [0m instructions
[1;30m TEST 7: [0m[0;32mOK [0m[1;37m 3000 [0m instructions
[1;30m TEST 8: [0m[0;32mOK [0m[1;37m 2985 [0m instructions
[1;30m TEST 9: [0m[0;32mOK [0m[1;37m 3020 [0m instructions

Mean: 2973 for stack of size 235 

[0;35m Generating random numbers for stack_size 236...

[0m[1;30m TEST 0: [0m[0;32mOK [0m[1;37m 2914 [0m instructions
[1;30m TEST 1: [0m[0;32mOK [0m[1;37m 3037 [0m instructions
[1;30m TEST 2: [0m[0;32mOK [0m[1;37m 2910 [0m instructions
[1;30m TEST 3: [0m[0;32mOK [0m[1;37m 2969 [0m instructions
[1;30m TEST 4: [0m[0;32mOK [0m[1;37m 2994 [0m instructions
[1;30m TEST 5: [0m[0;32mOK [0m[1;37m 3011 [0m instructions
[1;30m TEST 6: [0m[0;32mOK [0m[1;37m 3038 [0m instructions
[1;30m TEST 7: [0m[0;32mOK [0m[1;37m 2939 [0m instructions
[1;30m TEST 8: [0m[0;32mOK [0m[1;37m 3023 [0m instructions
[1;30m TEST 9: [0m[0;32mOK [0m[1;37m 2994 [0m instructions

Mean: 2982 for stack of size 236 

[0;35m Generating random numbers for stack_size 237...

[0m[1;30m TEST 0: [0m[0;32mOK [0m[1;37m 2991 [0m instructions
[1;30m TEST 1: [0m[0;32mOK [0m[1;37m 2966 [0m instructions
[1;30m TEST 2: [0m[0;32mOK [0m[1;37m 3056 [0m instructions
[1;30m TEST 3: [0m[0;32mOK [0m[1;37m 3048 [0m instructions
[1;30m TEST 4: [0m[0;32mOK [0m[1;37m 2994 [0m instructions
[1;30m TEST 5: [0m[0;32mOK [0m[1;37m 2986 [0m instructions
[1;30m TEST 6: [0m[0;32mOK [0m[1;37m 2976 [0m instructions
[1;30m TEST 7: [0m[0;32mOK [0m[1;37m 2958 [0m instructions
[1;30m TEST 8: [0m[0;32mOK [0m[1;37m 3067 [0m instructions
[1;30m TEST 9: [0m[0;32mOK [0m[1;37m 3023 [0m instructions

Mean: 3006 for stack of size 237 

[0;35m Generating random numbers for stack_size 238...

[0m[1;30m TEST 0: [0m[0;32mOK [0m[1;37m 2951 [0m instructions
[1;30m TEST 1: [0m[0;32mOK [0m[1;37m 3046 [0m instructions
[1;30m TEST 2: [0m[0;32mOK [0m[1;37m 2991 [0m instructions
[1;30m TEST 3: [0m[0;32mOK [0m[1;37m 3027 [0m instructions
[1;30m TEST 4: [0m[0;32mOK [0m[1;37m 3046 [0m instructions
[1;30m TEST 5: [0m[0;32mOK [0m[1;37m 3020 [0m instructions
[1;30m TEST 6: [0m[0;32mOK [0m[1;37m 3026 [0m instructions
[1;30m TEST 7: [0m[0;32mOK [0m[1;37m 3008 [0m instructions
[1;30m TEST 8: [0m[0;32mOK [0m[1;37m 3045 [0m instructions
[1;30m TEST 9: [0m[0;32mOK [0m[1;37m 2997 [0m instructions

Mean: 3015 for stack of size 238 

[0;35m Generating random numbers for stack_size 239...

[0m[1;30m TEST 0: [0m[0;32mOK [0m[1;37m 3010 [0m instructions
[1;30m TEST 1: [0m[0;32mOK [0m[1;37m 2978 [0m instructions
[1;30m TEST 2: [0m[0;32mOK [0m[1;37m 3031 [0m instructions
[1;30m TEST 3: [0m[0;32mOK [0m[1;37m 3007 [0m instructions
[1;30m TEST 4: [0m[0;32mOK [0m[1;37m 2957 [0m instructions
[1;30m TEST 5: [0m[0;32mOK [0m[1;37m 3026 [0m instructions
[1;30m TEST 6: [0m[0;32mOK [0m[1;37m 2994 [0m instructions
[1;30m TEST 7: [0m[0;32mOK [0m[1;37m 3033 [0m instructions
[1;30m TEST 8: [0m[0;32mOK [0m[1;37m 2994 [0m instructions
[1;30m TEST 9: [0m[0;32mOK [0m[1;37m 2973 [0m instructions

Mean: 3000 for stack of size 239 

[0;35m Generating random numbers for stack_size 240...

[0m[1;30m TEST 0: [0m[0;32mOK [0m[1;37m 2839 [0m instructions
[1;30m TEST 1: [0m[0;32mOK [0m[1;37m 2899 [0m instructions
[1;30m TEST 2: [0m[0;32mOK [0m[1;37m 2876 [0m instructions
[1;30m TEST 3: [0m[0;32mOK [0m[1;37m 2893 [0m instructions
[1;30m TEST 4: [0m[0;32mOK [0m[1;37m 2872 [0m instructions
[1;30m TEST 5: [0m[0;32mOK [0m[1;37m 2865 [0m instructions
[1;30m TEST 6: [0m[0;32mOK [0m[1;37m 2849 [0m instructions
[1;30m TEST 7: [0m[0;32mOK [0m[1;37m 2766 [0m instructions
[1;30m TEST 8: [0m[0;32mOK [0m[1;37m 2871 [0m instructions
[1;30m TEST 9: [0m[0;32mOK [0m[1;37m 2864 [0m instructions

Mean: 2859 for stack of size 240 

[0;35m Generating random numbers for stack_size 241...

[0m[1;30m TEST 0: [0m[0;32mOK [0m[1;37m 3123 [0m instructions
[1;30m TEST 1: [0m[0;32mOK [0m[1;37m 3048 [0m instructions
[1;30m TEST 2: [0m[0;32mOK [0m[1;37m 3172 [0m instructions
[1;30m TEST 3: [0m[0;32mOK [0m[1;37m 3201 [0m instructions
[1;30m TEST 4: [0m[0;32mOK [0m[1;37m 3096 [0m instructions
[1;30m TEST 5: [0m[0;32mOK [0m[1;37m 3002 [0m instructions
[1;30m TEST 6: [0m[0;32mOK [0m[1;37m 3068 [0m instructions
[1;30m TEST 7: [0m[0;32mOK [0m[1;37m 3193 [0m instructions
[1;30m TEST 8: [0m[0;32mOK [0m[1;37m 3059 [0m instructions
[1;30m TEST 9: [0m[0;32mOK [0m[1;37m 3086 [0m instructions

Mean: 3104 for stack of size 241 

[0;35m Generating random numbers for stack_size 242...

[0m[1;30m TEST 0: [0m[0;32mOK [0m[1;37m 2919 [0m instructions
[1;30m TEST 1: [0m[0;32mOK [0m[1;37m 2931 [0m instructions
[1;30m TEST 2: [0m[0;32mOK [0m[1;37m 3026 [0m instructions
[1;30m TEST 3: [0m[0;32mOK [0m[1;37m 3094 [0m instructions
[1;30m TEST 4: [0m[0;32mOK [0m[1;37m 3034 [0m instructions
[1;30m TEST 5: [0m[0;32mOK [0m[1;37m 3112 [0m instructions
[1;30m TEST 6: [0m[0;32mOK [0m[1;37m 3006 [0m instructions
[1;30m TEST 7: [0m[0;32mOK [0m[1;37m 3055 [0m instructions
[1;30m TEST 8: [0m[0;32mOK [0m[1;37m 3140 [0m instructions
[1;30m TEST 9: [0m[0;32mOK [0m[1;37m 3135 [0m instructions

Mean: 3045 for stack of size 242 

[0;35m Generating random numbers for stack_size 243...

[0m[1;30m TEST 0: [0m[0;32mOK [0m[1;37m 3105 [0m instructions
[1;30m TEST 1: [0m[0;32mOK [0m[1;37m 3091 [0m instructions
[1;30m TEST 2: [0m[0;32mOK [0m[1;37m 3096 [0m instructions
[1;30m TEST 3: [0m[0;32mOK [0m[1;37m 3113 [0m instructions
[1;30m TEST 4: [0m[0;32mOK [0m[1;37m 3163 [0m instructions
[1;30m TEST 5: [0m[0;32mOK [0m[1;37m 2971 [0m instructions
[1;30m TEST 6: [0m[0;32mOK [0m[1;37m 3111 [0m instructions
[1;30m TEST 7: [0m[0;32mOK [0m[1;37m 3109 [0m instructions
[1;30m TEST 8: [0m[0;32mOK [0m[1;37m 3069 [0m instructions
[1;30m TEST 9: [0m[0;32mOK [0m[1;37m 3129 [0m instructions

Mean: 3095 for stack of size 243 

[0;35m Generating random numbers for stack_size 244...

[0m[1;30m TEST 0: [0m[0;32mOK [0m[1;37m 3107 [0m instructions
[1;30m TEST 1: [0m[0;32mOK [0m[1;37m 3123 [0m instructions
[1;30m TEST 2: [0m[0;32mOK [0m[1;37m 3175 [0m instructions
[1;30m TEST 3: [0m[0;32mOK [0m[1;37m 3175 [0m instructions
[1;30m TEST 4: [0m[0;32mOK [0m[1;37m 3187 [0m instructions
[1;30m TEST 5: [0m[0;32mOK [0m[1;37m 3130 [0m instructions
[1;30m TEST 6: [0m[0;32mOK [0m[1;37m 3112 [0m instructions
[1;30m TEST 7: [0m[0;32mOK [0m[1;37m 3071 [0m instructions
[1;30m TEST 8: [0m[0;32mOK [0m[1;37m 3199 [0m instructions
[1;30m TEST 9: [0m[0;32mOK [0m[1;37m 3186 [0m instructions

Mean: 3146 for stack of size 244 

[0;35m Generating random numbers for stack_size 245...

[0m[1;30m TEST 0: [0m[0;32mOK [0m[1;37m 3157 [0m instructions
[1;30m TEST 1: [0m[0;32mOK [0m[1;37m 3175 [0m instructions
[1;30m TEST 2: [0m[0;32mOK [0m[1;37m 3134 [0m instructions
[1;30m TEST 3: [0m[0;32mOK [0m[1;37m 3105 [0m instructions
[1;30m TEST 4: [0m[0;32mOK [0m[1;37m 3114 [0m instructions
[1;30m TEST 5: [0m[0;32mOK [0m[1;37m 3154 [0m instructions
[1;30m TEST 6: [0m[0;32mOK [0m[1;37m 3136 [0m instructions
[1;30m TEST 7: [0m[0;32mOK [0m[1;37m 3131 [0m instructions
[1;30m TEST 8: [0m[0;32mOK [0m[1;37m 3055 [0m instructions
[1;30m TEST 9: [0m[0;32mOK [0m[1;37m 3109 [0m instructions

Mean: 3127 for stack of size 245 

[0;35m Generating random numbers for stack_size 246...

[0m[1;30m TEST 0: [0m[0;32mOK [0m[1;37m 3197 [0m instructions
[1;30m TEST 1: [0m[0;32mOK [0m[1;37m 3107 [0m instructions
[1;30m TEST 2: [0m[0;32mOK [0m[1;37m 3178 [0m instructions
[1;30m TEST 3: [0m[0;32mOK [0m[1;37m 3127 [0m instructions
[1;30m TEST 4: [0m[0;32mOK [0m[1;37m 3143 [0m instructions
[1;30m TEST 5: [0m[0;32mOK [0m[1;37m 3190 [0m instructions
[1;30m TEST 6: [0m[0;32mOK [0m[1;37m 3185 [0m instructions
[1;30m TEST 7: [0m[0;32mOK [0m[1;37m 3188 [0m instructions
[1;30m TEST 8: [0m[0;32mOK [0m[1;37m 3071 [0m instructions
[1;30m TEST 9: [0m[0;32mOK [0m[1;37m 3130 [0m instructions

Mean: 3151 for stack of size 246 

[0;35m Generating random numbers for stack_size 247...

[0m[1;30m TEST 0: [0m[0;32mOK [0m[1;37m 3161 [0m instructions
[1;30m TEST 1: [0m[0;32mOK [0m[1;37m 3158 [0m instructions
[1;30m TEST 2: [0m[0;32mOK [0m[1;37m 3182 [0m instructions
[1;30m TEST 3: [0m[0;32mOK [0m[1;37m 3134 [0m instructions
[1;30m TEST 4: [0m[0;32mOK [0m[1;37m 3125 [0m instructions
[1;30m TEST 5: [0m[0;32mOK [0m[1;37m 3144 [0m instructions
[1;30m TEST 6: [0m[0;32mOK [0m[1;37m 3151 [0m instructions
[1;30m TEST 7: [0m[0;32mOK [0m[1;37m 3167 [0m instructions
[1;30m TEST 8: [0m[0;32mOK [0m[1;37m 3137 [0m instructions
[1;30m TEST 9: [0m[0;32mOK [0m[1;37m 3114 [0m instructions

Mean: 3147 for stack of size 247 

[0;35m Generating random numbers for stack_size 248...

[0m[1;30m TEST 0: [0m[0;32mOK [0m[1;37m 2987 [0m instructions
[1;30m TEST 1: [0m[0;32mOK [0m[1;37m 2956 [0m instructions
[1;30m TEST 2: [0m[0;32mOK [0m[1;37m 3050 [0m instructions
[1;30m TEST 3: [0m[0;32mOK [0m[1;37m 3044 [0m instructions
[1;30m TEST 4: [0m[0;32mOK [0m[1;37m 2985 [0m instructions
[1;30m TEST 5: [0m[0;32mOK [0m[1;37m 2967 [0m instructions
[1;30m TEST 6: [0m[0;32mOK [0m[1;37m 3028 [0m instructions
[1;30m TEST 7: [0m[0;32mOK [0m[1;37m 3026 [0m instructions
[1;30m TEST 8: [0m[0;32mOK [0m[1;37m 3044 [0m instructions
[1;30m TEST 9: [0m[0;32mOK [0m[1;37m 3017 [0m instructions

Mean: 3010 for stack of size 248 

[0;35m Generating random numbers for stack_size 249...

[0m[1;30m TEST 0: [0m[0;32mOK [0m[1;37m 3093 [0m instructions
[1;30m TEST 1: [0m[0;32mOK [0m[1;37m 3215 [0m instructions
[1;30m TEST 2: [0m[0;32mOK [0m[1;37m 3192 [0m instructions
[1;30m TEST 3: [0m[0;32mOK [0m[1;37m 3006 [0m instructions
[1;30m TEST 4: [0m[0;32mOK [0m[1;37m 3012 [0m instructions
[1;30m TEST 5: [0m[0;32mOK [0m[1;37m 3267 [0m instructions
[1;30m TEST 6: [0m[0;32mOK [0m[1;37m 3013 [0m instructions
[1;30m TEST 7: [0m[0;32mOK [0m[1;37m 3247 [0m instructions
[1;30m TEST 8: [0m[0;32mOK [0m[1;37m 3145 [0m instructions
[1;30m TEST 9: [0m[0;32mOK [0m[1;37m 3285 [0m instructions

Mean: 3147 for stack of size 249 

[0;35m Generating random numbers for stack_size 250...

[0m[1;30m TEST 0: [0m[0;32mOK [0m[1;37m 3244 [0m instructions
[1;30m TEST 1: [0m[0;32mOK [0m[1;37m 3128 [0m instructions
[1;30m TEST 2: [0m[0;32mOK [0m[1;37m 3150 [0m instructions
[1;30m TEST 3: [0m[0;32mOK [0m[1;37m 3250 [0m instructions
[1;30m TEST 4: [0m[0;32mOK [0m[1;37m 3217 [0m instructions
[1;30m TEST 5: [0m[0;32mOK [0m[1;37m 3246 [0m instructions
[1;30m TEST 6: [0m[0;32mOK [0m[1;37m 3185 [0m instructions
[1;30m TEST 7: [0m[0;32mOK [0m[1;37m 3081 [0m instructions
[1;30m TEST 8: [0m[0;32mOK [0m[1;37m 3285 [0m instructions
[1;30m TEST 9: [0m[0;32mOK [0m[1;37m 3233 [0m instructions

Mean: 3201 for stack of size 250 

[0;35m Generating random numbers for stack_size 251...

[0m[1;30m TEST 0: [0m[0;32mOK [0m[1;37m 3255 [0m instructions
[1;30m TEST 1: [0m[0;32mOK [0m[1;37m 3243 [0m instructions
[1;30m TEST 2: [0m[0;32mOK [0m[1;37m 3250 [0m instructions
[1;30m TEST 3: [0m[0;32mOK [0m[1;37m 3237 [0m instructions
[1;30m TEST 4: [0m[0;32mOK [0m[1;37m 3134 [0m instructions
[1;30m TEST 5: [0m[0;32mOK [0m[1;37m 3280 [0m instructions
[1;30m TEST 6: [0m[0;32mOK [0m[1;37m 3240 [0m instructions
[1;30m TEST 7: [0m[0;32mOK [0m[1;37m 3259 [0m instructions
[1;30m TEST 8: [0m[0;32mOK [0m[1;37m 3271 [0m instructions
[1;30m TEST 9: [0m[0;32mOK [0m[1;37m 3228 [0m instructions

Mean: 3239 for stack of size 251 

[0;35m Generating random numbers for stack_size 252...

[0m[1;30m TEST 0: [0m[0;32mOK [0m[1;37m 3280 [0m instructions
[1;30m TEST 1: [0m[0;32mOK [0m[1;37m 3239 [0m instructions
[1;30m TEST 2: [0m[0;32mOK [0m[1;37m 3254 [0m instructions
[1;30m TEST 3: [0m[0;32mOK [0m[1;37m 3265 [0m instructions
[1;30m TEST 4: [0m[0;32mOK [0m[1;37m 3199 [0m instructions
[1;30m TEST 5: [0m[0;32mOK [0m[1;37m 3231 [0m instructions
[1;30m TEST 6: [0m[0;32mOK [0m[1;37m 3276 [0m instructions
[1;30m TEST 7: [0m[0;32mOK [0m[1;37m 3205 [0m instructions
[1;30m TEST 8: [0m[0;32mOK [0m[1;37m 3237 [0m instructions
[1;30m TEST 9: [0m[0;32mOK [0m[1;37m 3285 [0m instructions

Mean: 3247 for stack of size 252 

[0;35m Generating random numbers for stack_size 253...

[0m[1;30m TEST 0: [0m[0;32mOK [0m[1;37m 3200 [0m instructions
[1;30m TEST 1: [0m[0;32mOK [0m[1;37m 3181 [0m instructions
[1;30m TEST 2: [0m[0;32mOK [0m[1;37m 3284 [0m instructions
[1;30m TEST 3: [0m[0;32mOK [0m[1;37m 3383 [0m instructions
[1;30m TEST 4: [0m[0;32mOK [0m[1;37m 3244 [0m instructions
[1;30m TEST 5: [0m[0;32mOK [0m[1;37m 3248 [0m instructions
[1;30m TEST 6: [0m[0;32mOK [0m[1;37m 3292 [0m instructions
[1;30m TEST 7: [0m[0;32mOK [0m[1;37m 3273 [0m instructions
[1;30m TEST 8: [0m[0;32mOK [0m[1;37m 3260 [0m instructions
[1;30m TEST 9: [0m[0;32mOK [0m[1;37m 3298 [0m instructions

Mean: 3266 for stack of size 253 

[0;35m Generating random numbers for stack_size 254...

[0m[1;30m TEST 0: [0m[0;32mOK [0m[1;37m 3282 [0m instructions
[1;30m TEST 1: [0m[0;32mOK [0m[1;37m 3196 [0m instructions
[1;30m TEST 2: [0m[0;32mOK [0m[1;37m 3237 [0m instructions
[1;30m TEST 3: [0m[0;32mOK [0m[1;37m 3199 [0m instructions
[1;30m TEST 4: [0m[0;32mOK [0m[1;37m 3322 [0m instructions
[1;30m TEST 5: [0m[0;32mOK [0m[1;37m 3288 [0m instructions
[1;30m TEST 6: [0m[0;32mOK [0m[1;37m 3244 [0m instructions
[1;30m TEST 7: [0m[0;32mOK [0m[1;37m 3281 [0m instructions
[1;30m TEST 8: [0m[0;32mOK [0m[1;37m 3265 [0m instructions
[1;30m TEST 9: [0m[0;32mOK [0m[1;37m 3296 [0m instructions

Mean: 3261 for stack of size 254 

[0;35m Generating random numbers for stack_size 255...

[0m[1;30m TEST 0: [0m[0;32mOK [0m[1;37m 3244 [0m instructions
[1;30m TEST 1: [0m[0;32mOK [0m[1;37m 3192 [0m instructions
[1;30m TEST 2: [0m[0;32mOK [0m[1;37m 3314 [0m instructions
[1;30m TEST 3: [0m[0;32mOK [0m[1;37m 3300 [0m instructions
[1;30m TEST 4: [0m[0;32mOK [0m[1;37m 3297 [0m instructions
[1;30m TEST 5: [0m[0;32mOK [0m[1;37m 3206 [0m instructions
[1;30m TEST 6: [0m[0;32mOK [0m[1;37m 3269 [0m instructions
[1;30m TEST 7: [0m[0;32mOK [0m[1;37m 3275 [0m instructions
[1;30m TEST 8: [0m[0;32mOK [0m[1;37m 3237 [0m instructions
[1;30m TEST 9: [0m[0;32mOK [0m[1;37m 3289 [0m instructions

Mean: 3262 for stack of size 255 

[0;35m Generating random numbers for stack_size 256...

[0m[1;30m TEST 0: [0m[0;32mOK [0m[1;37m 3144 [0m instructions
[1;30m TEST 1: [0m[0;32mOK [0m[1;37m 3116 [0m instructions
[1;30m TEST 2: [0m[0;32mOK [0m[1;37m 3092 [0m instructions
[1;30m TEST 3: [0m[0;32mOK [0m[1;37m 3096 [0m instructions
[1;30m TEST 4: [0m[0;32mOK [0m[1;37m 3170 [0m instructions
[1;30m TEST 5: [0m[0;32mOK [0m[1;37m 3075 [0m instructions
[1;30m TEST 6: [0m[0;32mOK [0m[1;37m 3088 [0m instructions
[1;30m TEST 7: [0m[0;32mOK [0m[1;37m 3096 [0m instructions
[1;30m TEST 8: [0m[0;32mOK [0m[1;37m 3074 [0m instructions
[1;30m TEST 9: [0m[0;32mOK [0m[1;37m 3179 [0m instructions

Mean: 3113 for stack of size 256 

[0;35m Generating random numbers for stack_size 257...

[0m[1;30m TEST 0: [0m[0;32mOK [0m[1;37m 3411 [0m instructions
[1;30m TEST 1: [0m[0;32mOK [0m[1;37m 3178 [0m instructions
[1;30m TEST 2: [0m[0;32mOK [0m[1;37m 3367 [0m instructions
[1;30m TEST 3: [0m[0;32mOK [0m[1;37m 3338 [0m instructions
[1;30m TEST 4: [0m[0;32mOK [0m[1;37m 3252 [0m instructions
[1;30m TEST 5: [0m[0;32mOK [0m[1;37m 3264 [0m instructions
[1;30m TEST 6: [0m[0;32mOK [0m[1;37m 3379 [0m instructions
[1;30m TEST 7: [0m[0;32mOK [0m[1;37m 3307 [0m instructions
[1;30m TEST 8: [0m[0;32mOK [0m[1;37m 3375 [0m instructions
[1;30m TEST 9: [0m[0;32mOK [0m[1;37m 3403 [0m instructions

Mean: 3327 for stack of size 257 

[0;35m Generating random numbers for stack_size 258...

[0m[1;30m TEST 0: [0m[0;32mOK [0m[1;37m 3313 [0m instructions
[1;30m TEST 1: [0m[0;32mOK [0m[1;37m 3379 [0m instructions
[1;30m TEST 2: [0m[0;32mOK [0m[1;37m 3341 [0m instructions
[1;30m TEST 3: [0m[0;32mOK [0m[1;37m 3377 [0m instructions
[1;30m TEST 4: [0m[0;32mOK [0m[1;37m 3361 [0m instructions
[1;30m TEST 5: [0m[0;32mOK [0m[1;37m 3379 [0m instructions
[1;30m TEST 6: [0m[0;32mOK [0m[1;37m 3289 [0m instructions
[1;30m TEST 7: [0m[0;32mOK [0m[1;37m 3340 [0m instructions
[1;30m TEST 8: [0m[0;32mOK [0m[1;37m 3363 [0m instructions
[1;30m TEST 9: [0m[0;32mOK [0m[1;37m 3272 [0m instructions

Mean: 3341 for stack of size 258 

[0;35m Generating random numbers for stack_size 259...

[0m[1;30m TEST 0: [0m[0;32mOK [0m[1;37m 3355 [0m instructions
[1;30m TEST 1: [0m[0;32mOK [0m[1;37m 3417 [0m instructions
[1;30m TEST 2: [0m[0;32mOK [0m[1;37m 3258 [0m instructions
[1;30m TEST 3: [0m[0;32mOK [0m[1;37m 3386 [0m instructions
[1;30m TEST 4: [0m[0;32mOK [0m[1;37m 3363 [0m instructions
[1;30m TEST 5: [0m[0;32mOK [0m[1;37m 3389 [0m instructions
[1;30m TEST 6: [0m[0;32mOK [0m[1;37m 3351 [0m instructions
[1;30m TEST 7: [0m[0;32mOK [0m[1;37m 3392 [0m instructions
[1;30m TEST 8: [0m[0;32mOK [0m[1;37m 3403 [0m instructions
[1;30m TEST 9: [0m[0;32mOK [0m[1;37m 3436 [0m instructions

Mean: 3375 for stack of size 259 

[0;35m Generating random numbers for stack_size 260...

[0m[1;30m TEST 0: [0m[0;32mOK [0m[1;37m 3341 [0m instructions
[1;30m TEST 1: [0m[0;32mOK [0m[1;37m 3499 [0m instructions
[1;30m TEST 2: [0m[0;32mOK [0m[1;37m 3405 [0m instructions
[1;30m TEST 3: [0m[0;32mOK [0m[1;37m 3332 [0m instructions
[1;30m TEST 4: [0m[0;32mOK [0m[1;37m 3382 [0m instructions
[1;30m TEST 5: [0m[0;32mOK [0m[1;37m 3501 [0m instructions
[1;30m TEST 6: [0m[0;32mOK [0m[1;37m 3478 [0m instructions
[1;30m TEST 7: [0m[0;32mOK [0m[1;37m 3343 [0m instructions
[1;30m TEST 8: [0m[0;32mOK [0m[1;37m 3361 [0m instructions
[1;30m TEST 9: [0m[0;32mOK [0m[1;37m 3410 [0m instructions

Mean: 3405 for stack of size 260 

[0;35m Generating random numbers for stack_size 261...

[0m[1;30m TEST 0: [0m[0;32mOK [0m[1;37m 3360 [0m instructions
[1;30m TEST 1: [0m[0;32mOK [0m[1;37m 3464 [0m instructions
[1;30m TEST 2: [0m[0;32mOK [0m[1;37m 3476 [0m instructions
[1;30m TEST 3: [0m[0;32mOK [0m[1;37m 3323 [0m instructions
[1;30m TEST 4: [0m[0;32mOK [0m[1;37m 3387 [0m instructions
[1;30m TEST 5: [0m[0;32mOK [0m[1;37m 3429 [0m instructions
[1;30m TEST 6: [0m[0;32mOK [0m[1;37m 3473 [0m instructions
[1;30m TEST 7: [0m[0;32mOK [0m[1;37m 3488 [0m instructions
[1;30m TEST 8: [0m[0;32mOK [0m[1;37m 3381 [0m instructions
[1;30m TEST 9: [0m[0;32mOK [0m[1;37m 3414 [0m instructions

Mean: 3419 for stack of size 261 

[0;35m Generating random numbers for stack_size 262...

[0m[1;30m TEST 0: [0m[0;32mOK [0m[1;37m 3409 [0m instructions
[1;30m TEST 1: [0m[0;32mOK [0m[1;37m 3319 [0m instructions
[1;30m TEST 2: [0m[0;32mOK [0m[1;37m 3409 [0m instructions
[1;30m TEST 3: [0m[0;32mOK [0m[1;37m 3422 [0m instructions
[1;30m TEST 4: [0m[0;32mOK [0m[1;37m 3517 [0m instructions
[1;30m TEST 5: [0m[0;32mOK [0m[1;37m 3409 [0m instructions
[1;30m TEST 6: [0m[0;32mOK [0m[1;37m 3398 [0m instructions
[1;30m TEST 7: [0m[0;32mOK [0m[1;37m 3433 [0m instructions
[1;30m TEST 8: [0m[0;32mOK [0m[1;37m 3442 [0m instructions
[1;30m TEST 9: [0m[0;32mOK [0m[1;37m 3371 [0m instructions

Mean: 3412 for stack of size 262 

[0;35m Generating random numbers for stack_size 263...

[0m[1;30m TEST 0: [0m[0;32mOK [0m[1;37m 3339 [0m instructions
[1;30m TEST 1: [0m[0;32mOK [0m[1;37m 3466 [0m instructions
[1;30m TEST 2: [0m[0;32mOK [0m[1;37m 3398 [0m instructions
[1;30m TEST 3: [0m[0;32mOK [0m[1;37m 3399 [0m instructions
[1;30m TEST 4: [0m[0;32mOK [0m[1;37m 3433 [0m instructions
[1;30m TEST 5: [0m[0;32mOK [0m[1;37m 3483 [0m instructions
[1;30m TEST 6: [0m[0;32mOK [0m[1;37m 3377 [0m instructions
[1;30m TEST 7: [0m[0;32mOK [0m[1;37m 3425 [0m instructions
[1;30m TEST 8: [0m[0;32mOK [0m[1;37m 3407 [0m instructions
[1;30m TEST 9: [0m[0;32mOK [0m[1;37m 3443 [0m instructions

Mean: 3417 for stack of size 263 

[0;35m Generating random numbers for stack_size 264...

[0m[1;30m TEST 0: [0m[0;32mOK [0m[1;37m 3161 [0m instructions
[1;30m TEST 1: [0m[0;32mOK [0m[1;37m 3260 [0m instructions
[1;30m TEST 2: [0m[0;32mOK [0m[1;37m 3330 [0m instructions
[1;30m TEST 3: [0m[0;32mOK [0m[1;37m 3295 [0m instructions
[1;30m TEST 4: [0m[0;32mOK [0m[1;37m 3284 [0m instructions
[1;30m TEST 5: [0m[0;32mOK [0m[1;37m 3245 [0m instructions
[1;30m TEST 6: [0m[0;32mOK [0m[1;37m 3192 [0m instructions
[1;30m TEST 7: [0m[0;32mOK [0m[1;37m 3296 [0m instructions
[1;30m TEST 8: [0m[0;32mOK [0m[1;37m 3203 [0m instructions
[1;30m TEST 9: [0m[0;32mOK [0m[1;37m 3254 [0m instructions

Mean: 3252 for stack of size 264 

[0;35m Generating random numbers for stack_size 265...

[0m[1;30m TEST 0: [0m[0;32mOK [0m[1;37m 3377 [0m instructions
[1;30m TEST 1: [0m[0;32mOK [0m[1;37m 3501 [0m instructions
[1;30m TEST 2: [0m[0;32mOK [0m[1;37m 3388 [0m instructions
[1;30m TEST 3: [0m[0;32mOK [0m[1;37m 3460 [0m instructions
[1;30m TEST 4: [0m[0;32mOK [0m[1;37m 3470 [0m instructions
[1;30m TEST 5: [0m[0;32mOK [0m[1;37m 3474 [0m instructions
[1;30m TEST 6: [0m[0;32mOK [0m[1;37m 3358 [0m instructions
[1;30m TEST 7: [0m[0;32mOK [0m[1;37m 3552 [0m instructions
[1;30m TEST 8: [0m[0;32mOK [0m[1;37m 3563 [0m instructions
[1;30m TEST 9: [0m[0;32mOK [0m[1;37m 3484 [0m instructions

Mean: 3462 for stack of size 265 

[0;35m Generating random numbers for stack_size 266...

[0m[1;30m TEST 0: [0m[0;32mOK [0m[1;37m 3574 [0m instructions
[1;30m TEST 1: [0m[0;32mOK [0m[1;37m 3578 [0m instructions
[1;30m TEST 2: [0m[0;32mOK [0m[1;37m 3638 [0m instructions
[1;30m TEST 3: [0m[0;32mOK [0m[1;37m 3563 [0m instructions
[1;30m TEST 4: [0m[0;32mOK [0m[1;37m 3456 [0m instructions
[1;30m TEST 5: [0m[0;32mOK [0m[1;37m 3543 [0m instructions
[1;30m TEST 6: [0m[0;32mOK [0m[1;37m 3538 [0m instructions
[1;30m TEST 7: [0m[0;32mOK [0m[1;37m 3551 [0m instructions
[1;30m TEST 8: [0m[0;32mOK [0m[1;37m 3579 [0m instructions
[1;30m TEST 9: [0m[0;32mOK [0m[1;37m 3560 [0m instructions

Mean: 3558 for stack of size 266 

[0;35m Generating random numbers for stack_size 267...

[0m[1;30m TEST 0: [0m[0;32mOK [0m[1;37m 3577 [0m instructions
[1;30m TEST 1: [0m[0;32mOK [0m[1;37m 3544 [0m instructions
[1;30m TEST 2: [0m[0;32mOK [0m[1;37m 3416 [0m instructions
[1;30m TEST 3: [0m[0;32mOK [0m[1;37m 3562 [0m instructions
[1;30m TEST 4: [0m[0;32mOK [0m[1;37m 3596 [0m instructions
[1;30m TEST 5: [0m[0;32mOK [0m[1;37m 3547 [0m instructions
[1;30m TEST 6: [0m[0;32mOK [0m[1;37m 3517 [0m instructions
[1;30m TEST 7: [0m[0;32mOK [0m[1;37m 3316 [0m instructions
[1;30m TEST 8: [0m[0;32mOK [0m[1;37m 3489 [0m instructions
[1;30m TEST 9: [0m[0;32mOK [0m[1;37m 3509 [0m instructions

Mean: 3507 for stack of size 267 

[0;35m Generating random numbers for stack_size 268...

[0m[1;30m TEST 0: [0m[0;32mOK [0m[1;37m 3505 [0m instructions
[1;30m TEST 1: [0m[0;32mOK [0m[1;37m 3554 [0m instructions
[1;30m TEST 2: [0m[0;32mOK [0m[1;37m 3562 [0m instructions
[1;30m TEST 3: [0m[0;32mOK [0m[1;37m 3576 [0m instructions
[1;30m TEST 4: [0m[0;32mOK [0m[1;37m 3590 [0m instructions
[1;30m TEST 5: [0m[0;32mOK [0m[1;37m 3521 [0m instructions
[1;30m TEST 6: [0m[0;32mOK [0m[1;37m 3543 [0m instructions
[1;30m TEST 7: [0m[0;32mOK [0m[1;37m 3548 [0m instructions
[1;30m TEST 8: [0m[0;32mOK [0m[1;37m 3605 [0m instructions
[1;30m TEST 9: [0m[0;32mOK [0m[1;37m 3491 [0m instructions

Mean: 3549 for stack of size 268 

[0;35m Generating random numbers for stack_size 269...

[0m[1;30m TEST 0: [0m[0;32mOK [0m[1;37m 3595 [0m instructions
[1;30m TEST 1: [0m[0;32mOK [0m[1;37m 3543 [0m instructions
[1;30m TEST 2: [0m[0;32mOK [0m[1;37m 3556 [0m instructions
[1;30m TEST 3: [0m[0;32mOK [0m[1;37m 3575 [0m instructions
[1;30m TEST 4: [0m[0;32mOK [0m[1;37m 3613 [0m instructions
[1;30m TEST 5: [0m[0;32mOK [0m[1;37m 3533 [0m instructions
[1;30m TEST 6: [0m[0;32mOK [0m[1;37m 3582 [0m instructions
[1;30m TEST 7: [0m[0;32mOK [0m[1;37m 3453 [0m instructions
[1;30m TEST 8: [0m[0;32mOK [0m[1;37m 3488 [0m instructions
[1;30m TEST 9: [0m[0;32mOK [0m[1;37m 3535 [0m instructions

Mean: 3547 for stack of size 269 

[0;35m Generating random numbers for stack_size 270...

[0m[1;30m TEST 0: [0m[0;32mOK [0m[1;37m 3562 [0m instructions
[1;30m TEST 1: [0m[0;32mOK [0m[1;37m 3560 [0m instructions
[1;30m TEST 2: [0m[0;32mOK [0m[1;37m 3498 [0m instructions
[1;30m TEST 3: [0m[0;32mOK [0m[1;37m 3633 [0m instructions
[1;30m TEST 4: [0m[0;32mOK [0m[1;37m 3543 [0m instructions
[1;30m TEST 5: [0m[0;32mOK [0m[1;37m 3606 [0m instructions
[1;30m TEST 6: [0m[0;32mOK [0m[1;37m 3527 [0m instructions
[1;30m TEST 7: [0m[0;32mOK [0m[1;37m 3570 [0m instructions
[1;30m TEST 8: [0m[0;32mOK [0m[1;37m 3637 [0m instructions
[1;30m TEST 9: [0m[0;32mOK [0m[1;37m 3550 [0m instructions

Mean: 3568 for stack of size 270 

[0;35m Generating random numbers for stack_size 271...

[0m[1;30m TEST 0: [0m[0;32mOK [0m[1;37m 3626 [0m instructions
[1;30m TEST 1: [0m[0;32mOK [0m[1;37m 3609 [0m instructions
[1;30m TEST 2: [0m[0;32mOK [0m[1;37m 3482 [0m instructions
[1;30m TEST 3: [0m[0;32mOK [0m[1;37m 3579 [0m instructions
[1;30m TEST 4: [0m[0;32mOK [0m[1;37m 3543 [0m instructions
[1;30m TEST 5: [0m[0;32mOK [0m[1;37m 3605 [0m instructions
[1;30m TEST 6: [0m[0;32mOK [0m[1;37m 3462 [0m instructions
[1;30m TEST 7: [0m[0;32mOK [0m[1;37m 3551 [0m instructions
[1;30m TEST 8: [0m[0;32mOK [0m[1;37m 3557 [0m instructions
[1;30m TEST 9: [0m[0;32mOK [0m[1;37m 3583 [0m instructions

Mean: 3559 for stack of size 271 

[0;35m Generating random numbers for stack_size 272...

[0m[1;30m TEST 0: [0m[0;32mOK [0m[1;37m 3343 [0m instructions
[1;30m TEST 1: [0m[0;32mOK [0m[1;37m 3371 [0m instructions
[1;30m TEST 2: [0m[0;32mOK [0m[1;37m 3429 [0m instructions
[1;30m TEST 3: [0m[0;32mOK [0m[1;37m 3377 [0m instructions
[1;30m TEST 4: [0m[0;32mOK [0m[1;37m 3448 [0m instructions
[1;30m TEST 5: [0m[0;32mOK [0m[1;37m 3381 [0m instructions
[1;30m TEST 6: [0m[0;32mOK [0m[1;37m 3352 [0m instructions
[1;30m TEST 7: [0m[0;32mOK [0m[1;37m 3376 [0m instructions
[1;30m TEST 8: [0m[0;32mOK [0m[1;37m 3393 [0m instructions
[1;30m TEST 9: [0m[0;32mOK [0m[1;37m 3428 [0m instructions

Mean: 3389 for stack of size 272 

[0;35m Generating random numbers for stack_size 273...

[0m[1;30m TEST 0: [0m[0;32mOK [0m[1;37m 3435 [0m instructions
[1;30m TEST 1: [0m[0;32mOK [0m[1;37m 3723 [0m instructions
[1;30m TEST 2: [0m[0;32mOK [0m[1;37m 3695 [0m instructions
[1;30m TEST 3: [0m[0;32mOK [0m[1;37m 3503 [0m instructions
[1;30m TEST 4: [0m[0;32mOK [0m[1;37m 3452 [0m instructions
[1;30m TEST 5: [0m[0;32mOK [0m[1;37m 3612 [0m instructions
[1;30m TEST 6: [0m[0;32mOK [0m[1;37m 3713 [0m instructions
[1;30m TEST 7: [0m[0;32mOK [0m[1;37m 3636 [0m instructions
[1;30m TEST 8: [0m[0;32mOK [0m[1;37m 3627 [0m instructions
[1;30m TEST 9: [0m[0;32mOK [0m[1;37m 3610 [0m instructions

Mean: 3600 for stack of size 273 

[0;35m Generating random numbers for stack_size 274...

[0m[1;30m TEST 0: [0m[0;32mOK [0m[1;37m 3667 [0m instructions
[1;30m TEST 1: [0m[0;32mOK [0m[1;37m 3675 [0m instructions
[1;30m TEST 2: [0m[0;32mOK [0m[1;37m 3413 [0m instructions
[1;30m TEST 3: [0m[0;32mOK [0m[1;37m 3685 [0m instructions
[1;30m TEST 4: [0m[0;32mOK [0m[1;37m 3663 [0m instructions
[1;30m TEST 5: [0m[0;32mOK [0m[1;37m 3611 [0m instructions
[1;30m TEST 6: [0m[0;32mOK [0m[1;37m 3631 [0m instructions
[1;30m TEST 7: [0m[0;32mOK [0m[1;37m 3452 [0m instructions
[1;30m TEST 8: [0m[0;32mOK [0m[1;37m 3471 [0m instructions
[1;30m TEST 9: [0m[0;32mOK [0m[1;37m 3644 [0m instructions

Mean: 3591 for stack of size 274 

[0;35m Generating random numbers for stack_size 275...

[0m[1;30m TEST 0: [0m[0;32mOK [0m[1;37m 3600 [0m instructions
[1;30m TEST 1: [0m[0;32mOK [0m[1;37m 3674 [0m instructions
[1;30m TEST 2: [0m[0;32mOK [0m[1;37m 3648 [0m instructions
[1;30m TEST 3: [0m[0;32mOK [0m[1;37m 3701 [0m instructions
[1;30m TEST 4: [0m[0;32mOK [0m[1;37m 3609 [0m instructions
[1;30m TEST 5: [0m[0;32mOK [0m[1;37m 3654 [0m instructions
[1;30m TEST 6: [0m[0;32mOK [0m[1;37m 3630 [0m instructions
[1;30m TEST 7: [0m[0;32mOK [0m[1;37m 3672 [0m instructions
[1;30m TEST 8: [0m[0;32mOK [0m[1;37m 3722 [0m instructions
[1;30m TEST 9: [0m[0;32mOK [0m[1;37m 3715 [0m instructions

Mean: 3662 for stack of size 275 

[0;35m Generating random numbers for stack_size 276...

[0m[1;30m TEST 0: [0m[0;32mOK [0m[1;37m 3724 [0m instructions
[1;30m TEST 1: [0m[0;32mOK [0m[1;37m 3661 [0m instructions
[1;30m TEST 2: [0m[0;32mOK [0m[1;37m 3649 [0m instructions
[1;30m TEST 3: [0m[0;32mOK [0m[1;37m 3565 [0m instructions
[1;30m TEST 4: [0m[0;32mOK [0m[1;37m 3525 [0m instructions
[1;30m TEST 5: [0m[0;32mOK [0m[1;37m 3693 [0m instructions
[1;30m TEST 6: [0m[0;32mOK [0m[1;37m 3825 [0m instructions
[1;30m TEST 7: [0m[0;32mOK [0m[1;37m 3629 [0m instructions
[1;30m TEST 8: [0m[0;32mOK [0m[1;37m 3688 [0m instructions
[1;30m TEST 9: [0m[0;32mOK [0m[1;37m 3561 [0m instructions

Mean: 3652 for stack of size 276 

[0;35m Generating random numbers for stack_size 277...

[0m[1;30m TEST 0: [0m[0;32mOK [0m[1;37m 3696 [0m instructions
[1;30m TEST 1: [0m[0;32mOK [0m[1;37m 3728 [0m instructions
[1;30m TEST 2: [0m[0;32mOK [0m[1;37m 3705 [0m instructions
[1;30m TEST 3: [0m[0;32mOK [0m[1;37m 3711 [0m instructions
[1;30m TEST 4: [0m[0;32mOK [0m[1;37m 3610 [0m instructions
[1;30m TEST 5: [0m[0;32mOK [0m[1;37m 3671 [0m instructions
[1;30m TEST 6: [0m[0;32mOK [0m[1;37m 3810 [0m instructions
[1;30m TEST 7: [0m[0;32mOK [0m[1;37m 3709 [0m instructions
[1;30m TEST 8: [0m[0;32mOK [0m[1;37m 3639 [0m instructions
[1;30m TEST 9: [0m[0;32mOK [0m[1;37m 3744 [0m instructions

Mean: 3702 for stack of size 277 

[0;35m Generating random numbers for stack_size 278...

[0m[1;30m TEST 0: [0m[0;32mOK [0m[1;37m 3688 [0m instructions
[1;30m TEST 1: [0m[0;32mOK [0m[1;37m 3633 [0m instructions
[1;30m TEST 2: [0m[0;32mOK [0m[1;37m 3547 [0m instructions
[1;30m TEST 3: [0m[0;32mOK [0m[1;37m 3637 [0m instructions
[1;30m TEST 4: [0m[0;32mOK [0m[1;37m 3728 [0m instructions
[1;30m TEST 5: [0m[0;32mOK [0m[1;37m 3739 [0m instructions
[1;30m TEST 6: [0m[0;32mOK [0m[1;37m 3629 [0m instructions
[1;30m TEST 7: [0m[0;32mOK [0m[1;37m 3660 [0m instructions
[1;30m TEST 8: [0m[0;32mOK [0m[1;37m 3682 [0m instructions
[1;30m TEST 9: [0m[0;32mOK [0m[1;37m 3747 [0m instructions

Mean: 3669 for stack of size 278 

[0;35m Generating random numbers for stack_size 279...

[0m[1;30m TEST 0: [0m[0;32mOK [0m[1;37m 3600 [0m instructions
[1;30m TEST 1: [0m[0;32mOK [0m[1;37m 3655 [0m instructions
[1;30m TEST 2: [0m[0;32mOK [0m[1;37m 3734 [0m instructions
[1;30m TEST 3: [0m[0;32mOK [0m[1;37m 3709 [0m instructions
[1;30m TEST 4: [0m[0;32mOK [0m[1;37m 3646 [0m instructions
[1;30m TEST 5: [0m[0;32mOK [0m[1;37m 3639 [0m instructions
[1;30m TEST 6: [0m[0;32mOK [0m[1;37m 3681 [0m instructions
[1;30m TEST 7: [0m[0;32mOK [0m[1;37m 3663 [0m instructions
[1;30m TEST 8: [0m[0;32mOK [0m[1;37m 3673 [0m instructions
[1;30m TEST 9: [0m[0;32mOK [0m[1;37m 3711 [0m instructions

Mean: 3671 for stack of size 279 

[0;35m Generating random numbers for stack_size 280...

[0m[1;30m TEST 0: [0m[0;32mOK [0m[1;37m 3545 [0m instructions
[1;30m TEST 1: [0m[0;32mOK [0m[1;37m 3520 [0m instructions
[1;30m TEST 2: [0m[0;32mOK [0m[1;37m 3549 [0m instructions
[1;30m TEST 3: [0m[0;32mOK [0m[1;37m 3502 [0m instructions
[1;30m TEST 4: [0m[0;32mOK [0m[1;37m 3564 [0m instructions
[1;30m TEST 5: [0m[0;32mOK [0m[1;37m 3523 [0m instructions
[1;30m TEST 6: [0m[0;32mOK [0m[1;37m 3553 [0m instructions
[1;30m TEST 7: [0m[0;32mOK [0m[1;37m 3502 [0m instructions
[1;30m TEST 8: [0m[0;32mOK [0m[1;37m 3567 [0m instructions
[1;30m TEST 9: [0m[0;32mOK [0m[1;37m 3627 [0m instructions

Mean: 3545 for stack of size 280 

[0;35m Generating random numbers for stack_size 281...

[0m[1;30m TEST 0: [0m[0;32mOK [0m[1;37m 3617 [0m instructions
[1;30m TEST 1: [0m[0;32mOK [0m[1;37m 3822 [0m instructions
[1;30m TEST 2: [0m[0;32mOK [0m[1;37m 3799 [0m instructions
[1;30m TEST 3: [0m[0;32mOK [0m[1;37m 3563 [0m instructions
[1;30m TEST 4: [0m[0;32mOK [0m[1;37m 3773 [0m instructions
[1;30m TEST 5: [0m[0;32mOK [0m[1;37m 3719 [0m instructions
[1;30m TEST 6: [0m[0;32mOK [0m[1;37m 3931 [0m instructions
[1;30m TEST 7: [0m[0;32mOK [0m[1;37m 3735 [0m instructions
[1;30m TEST 8: [0m[0;32mOK [0m[1;37m 3823 [0m instructions
[1;30m TEST 9: [0m[0;32mOK [0m[1;37m 3808 [0m instructions

Mean: 3759 for stack of size 281 

[0;35m Generating random numbers for stack_size 282...

[0m[1;30m TEST 0: [0m[0;32mOK [0m[1;37m 3899 [0m instructions
[1;30m TEST 1: [0m[0;32mOK [0m[1;37m 3782 [0m instructions
[1;30m TEST 2: [0m[0;32mOK [0m[1;37m 3662 [0m instructions
[1;30m TEST 3: [0m[0;32mOK [0m[1;37m 3749 [0m instructions
[1;30m TEST 4: [0m[0;32mOK [0m[1;37m 3759 [0m instructions
[1;30m TEST 5: [0m[0;32mOK [0m[1;37m 3702 [0m instructions
[1;30m TEST 6: [0m[0;32mOK [0m[1;37m 3893 [0m instructions
[1;30m TEST 7: [0m[0;32mOK [0m[1;37m 3802 [0m instructions
[1;30m TEST 8: [0m[0;32mOK [0m[1;37m 3685 [0m instructions
[1;30m TEST 9: [0m[0;32mOK [0m[1;37m 3790 [0m instructions

Mean: 3772 for stack of size 282 

[0;35m Generating random numbers for stack_size 283...

[0m[1;30m TEST 0: [0m[0;32mOK [0m[1;37m 3796 [0m instructions
[1;30m TEST 1: [0m[0;32mOK [0m[1;37m 3853 [0m instructions
[1;30m TEST 2: [0m[0;32mOK [0m[1;37m 3733 [0m instructions
[1;30m TEST 3: [0m[0;32mOK [0m[1;37m 3820 [0m instructions
[1;30m TEST 4: [0m[0;32mOK [0m[1;37m 3885 [0m instructions
[1;30m TEST 5: [0m[0;32mOK [0m[1;37m 3845 [0m instructions
[1;30m TEST 6: [0m[0;32mOK [0m[1;37m 3792 [0m instructions
[1;30m TEST 7: [0m[0;32mOK [0m[1;37m 3855 [0m instructions
[1;30m TEST 8: [0m[0;32mOK [0m[1;37m 3796 [0m instructions
[1;30m TEST 9: [0m[0;32mOK [0m[1;37m 3749 [0m instructions

Mean: 3812 for stack of size 283 

[0;35m Generating random numbers for stack_size 284...

[0m[1;30m TEST 0: [0m[0;32mOK [0m[1;37m 3835 [0m instructions
[1;30m TEST 1: [0m[0;32mOK [0m[1;37m 3810 [0m instructions
[1;30m TEST 2: [0m[0;32mOK [0m[1;37m 3837 [0m instructions
[1;30m TEST 3: [0m[0;32mOK [0m[1;37m 3854 [0m instructions
[1;30m TEST 4: [0m[0;32mOK [0m[1;37m 3695 [0m instructions
[1;30m TEST 5: [0m[0;32mOK [0m[1;37m 3792 [0m instructions
[1;30m TEST 6: [0m[0;32mOK [0m[1;37m 3803 [0m instructions
[1;30m TEST 7: [0m[0;32mOK [0m[1;37m 3802 [0m instructions
[1;30m TEST 8: [0m[0;32mOK [0m[1;37m 3820 [0m instructions
[1;30m TEST 9: [0m[0;32mOK [0m[1;37m 3815 [0m instructions

Mean: 3806 for stack of size 284 

[0;35m Generating random numbers for stack_size 285...

[0m[1;30m TEST 0: [0m[0;32mOK [0m[1;37m 3810 [0m instructions
[1;30m TEST 1: [0m[0;32mOK [0m[1;37m 3855 [0m instructions
[1;30m TEST 2: [0m[0;32mOK [0m[1;37m 3835 [0m instructions
[1;30m TEST 3: [0m[0;32mOK [0m[1;37m 3856 [0m instructions
[1;30m TEST 4: [0m[0;32mOK [0m[1;37m 3748 [0m instructions
[1;30m TEST 5: [0m[0;32mOK [0m[1;37m 3795 [0m instructions
[1;30m TEST 6: [0m[0;32mOK [0m[1;37m 3684 [0m instructions
[1;30m TEST 7: [0m[0;32mOK [0m[1;37m 3739 [0m instructions
[1;30m TEST 8: [0m[0;32mOK [0m[1;37m 3821 [0m instructions
[1;30m TEST 9: [0m[0;32mOK [0m[1;37m 3779 [0m instructions

Mean: 3792 for stack of size 285 

[0;35m Generating random numbers for stack_size 286...

[0m[1;30m TEST 0: [0m[0;32mOK [0m[1;37m 3793 [0m instructions
[1;30m TEST 1: [0m[0;32mOK [0m[1;37m 3831 [0m instructions
[1;30m TEST 2: [0m[0;32mOK [0m[1;37m 3847 [0m instructions
[1;30m TEST 3: [0m[0;32mOK [0m[1;37m 3894 [0m instructions
[1;30m TEST 4: [0m[0;32mOK [0m[1;37m 3882 [0m instructions
[1;30m TEST 5: [0m[0;32mOK [0m[1;37m 3797 [0m instructions
[1;30m TEST 6: [0m[0;32mOK [0m[1;37m 3815 [0m instructions
[1;30m TEST 7: [0m[0;32mOK [0m[1;37m 3869 [0m instructions
[1;30m TEST 8: [0m[0;32mOK [0m[1;37m 3823 [0m instructions
[1;30m TEST 9: [0m[0;32mOK [0m[1;37m 3828 [0m instructions

Mean: 3837 for stack of size 286 

[0;35m Generating random numbers for stack_size 287...

[0m[1;30m TEST 0: [0m[0;32mOK [0m[1;37m 3919 [0m instructions
[1;30m TEST 1: [0m[0;32mOK [0m[1;37m 3879 [0m instructions
[1;30m TEST 2: [0m[0;32mOK [0m[1;37m 3930 [0m instructions
[1;30m TEST 3: [0m[0;32mOK [0m[1;37m 3826 [0m instructions
[1;30m TEST 4: [0m[0;32mOK [0m[1;37m 3857 [0m instructions
[1;30m TEST 5: [0m[0;32mOK [0m[1;37m 3877 [0m instructions
[1;30m TEST 6: [0m[0;32mOK [0m[1;37m 3736 [0m instructions
[1;30m TEST 7: [0m[0;32mOK [0m[1;37m 3796 [0m instructions
[1;30m TEST 8: [0m[0;32mOK [0m[1;37m 3879 [0m instructions
[1;30m TEST 9: [0m[0;32mOK [0m[1;37m 3785 [0m instructions

Mean: 3848 for stack of size 287 

[0;35m Generating random numbers for stack_size 288...

[0m[1;30m TEST 0: [0m[0;32mOK [0m[1;37m 3628 [0m instructions
[1;30m TEST 1: [0m[0;32mOK [0m[1;37m 3738 [0m instructions
[1;30m TEST 2: [0m[0;32mOK [0m[1;37m 3769 [0m instructions
[1;30m TEST 3: [0m[0;32mOK [0m[1;37m 3722 [0m instructions
[1;30m TEST 4: [0m[0;32mOK [0m[1;37m 3741 [0m instructions
[1;30m TEST 5: [0m[0;32mOK [0m[1;37m 3652 [0m instructions
[1;30m TEST 6: [0m[0;32mOK [0m[1;37m 3647 [0m instructions
[1;30m TEST 7: [0m[0;32mOK [0m[1;37m 3675 [0m instructions
[1;30m TEST 8: [0m[0;32mOK [0m[1;37m 3681 [0m instructions
[1;30m TEST 9: [0m[0;32mOK [0m[1;37m 3647 [0m instructions

Mean: 3690 for stack of size 288 

[0;35m Generating random numbers for stack_size 289...

[0m[1;30m TEST 0: [0m[0;32mOK [0m[1;37m 3891 [0m instructions
[1;30m TEST 1: [0m[0;32mOK [0m[1;37m 3973 [0m instructions
[1;30m TEST 2: [0m[0;32mOK [0m[1;37m 3884 [0m instructions
[1;30m TEST 3: [0m[0;32mOK [0m[1;37m 3981 [0m instructions
[1;30m TEST 4: [0m[0;32mOK [0m[1;37m 3846 [0m instructions
[1;30m TEST 5: [0m[0;32mOK [0m[1;37m 3931 [0m instructions
[1;30m TEST 6: [0m[0;32mOK [0m[1;37m 3934 [0m instructions
[1;30m TEST 7: [0m[0;32mOK [0m[1;37m 3927 [0m instructions
[1;30m TEST 8: [0m[0;32mOK [0m[1;37m 3794 [0m instructions
[1;30m TEST 9: [0m[0;32mOK [0m[1;37m 3910 [0m instructions

Mean: 3907 for stack of size 289 

[0;35m Generating random numbers for stack_size 290...

[0m[1;30m TEST 0: [0m[0;32mOK [0m[1;37m 3932 [0m instructions
[1;30m TEST 1: [0m[0;32mOK [0m[1;37m 3924 [0m instructions
[1;30m TEST 2: [0m[0;32mOK [0m[1;37m 3639 [0m instructions
[1;30m TEST 3: [0m[0;32mOK [0m[1;37m 3915 [0m instructions
[1;30m TEST 4: [0m[0;32mOK [0m[1;37m 4004 [0m instructions
[1;30m TEST 5: [0m[0;32mOK [0m[1;37m 3927 [0m instructions
[1;30m TEST 6: [0m[0;32mOK [0m[1;37m 3967 [0m instructions
[1;30m TEST 7: [0m[0;32mOK [0m[1;37m 4017 [0m instructions
[1;30m TEST 8: [0m[0;32mOK [0m[1;37m 3846 [0m instructions
[1;30m TEST 9: [0m[0;32mOK [0m[1;37m 3818 [0m instructions

Mean: 3898 for stack of size 290 

[0;35m Generating random numbers for stack_size 291...

[0m[1;30m TEST 0: [0m[0;32mOK [0m[1;37m 4005 [0m instructions
[1;30m TEST 1: [0m[0;32mOK [0m[1;37m 3950 [0m instructions
[1;30m TEST 2: [0m[0;32mOK [0m[1;37m 3902 [0m instructions
[1;30m TEST 3: [0m[0;32mOK [0m[1;37m 4039 [0m instructions
[1;30m TEST 4: [0m[0;32mOK [0m[1;37m 3962 [0m instructions
[1;30m TEST 5: [0m[0;32mOK [0m[1;37m 4038 [0m instructions
[1;30m TEST 6: [0m[0;32mOK [0m[1;37m 3993 [0m instructions
[1;30m TEST 7: [0m[0;32mOK [0m[1;37m 3997 [0m instructions
[1;30m TEST 8: [0m[0;32mOK [0m[1;37m 4026 [0m instructions
[1;30m TEST 9: [0m[0;32mOK [0m[1;37m 4001 [0m instructions

Mean: 3991 for stack of size 291 

[0;35m Generating random numbers for stack_size 292...

[0m[1;30m TEST 0: [0m[0;32mOK [0m[1;37m 4017 [0m instructions
[1;30m TEST 1: [0m[0;32mOK [0m[1;37m 3974 [0m instructions
[1;30m TEST 2: [0m[0;32mOK [0m[1;37m 4025 [0m instructions
[1;30m TEST 3: [0m[0;32mOK [0m[1;37m 3936 [0m instructions
[1;30m TEST 4: [0m[0;32mOK [0m[1;37m 3931 [0m instructions
[1;30m TEST 5: [0m[0;32mOK [0m[1;37m 4072 [0m instructions
[1;30m TEST 6: [0m[0;32mOK [0m[1;37m 3893 [0m instructions
[1;30m TEST 7: [0m[0;32mOK [0m[1;37m 3908 [0m instructions
[1;30m TEST 8: [0m[0;32mOK [0m[1;37m 3901 [0m instructions
[1;30m TEST 9: [0m[0;32mOK [0m[1;37m 3960 [0m instructions

Mean: 3961 for stack of size 292 

[0;35m Generating random numbers for stack_size 293...

[0m[1;30m TEST 0: [0m[0;32mOK [0m[1;37m 3868 [0m instructions
[1;30m TEST 1: [0m[0;32mOK [0m[1;37m 4011 [0m instructions
[1;30m TEST 2: [0m[0;32mOK [0m[1;37m 3971 [0m instructions
[1;30m TEST 3: [0m[0;32mOK [0m[1;37m 3808 [0m instructions
[1;30m TEST 4: [0m[0;32mOK [0m[1;37m 3931 [0m instructions
[1;30m TEST 5: [0m[0;32mOK [0m[1;37m 3976 [0m instructions
[1;30m TEST 6: [0m[0;32mOK [0m[1;37m 4042 [0m instructions
[1;30m TEST 7: [0m[0;32mOK [0m[1;37m 3931 [0m instructions
[1;30m TEST 8: [0m[0;32mOK [0m[1;37m 4043 [0m instructions
[1;30m TEST 9: [0m[0;32mOK [0m[1;37m 3979 [0m instructions

Mean: 3956 for stack of size 293 

[0;35m Generating random numbers for stack_size 294...

[0m[1;30m TEST 0: [0m[0;32mOK [0m[1;37m 3926 [0m instructions
[1;30m TEST 1: [0m[0;32mOK [0m[1;37m 3943 [0m instructions
[1;30m TEST 2: [0m[0;32mOK [0m[1;37m 3938 [0m instructions
[1;30m TEST 3: [0m[0;32mOK [0m[1;37m 3962 [0m instructions
[1;30m TEST 4: [0m[0;32mOK [0m[1;37m 3946 [0m instructions
[1;30m TEST 5: [0m[0;32mOK [0m[1;37m 3991 [0m instructions
[1;30m TEST 6: [0m[0;32mOK [0m[1;37m 4051 [0m instructions
[1;30m TEST 7: [0m[0;32mOK [0m[1;37m 3908 [0m instructions
[1;30m TEST 8: [0m[0;32mOK [0m[1;37m 3988 [0m instructions
[1;30m TEST 9: [0m[0;32mOK [0m[1;37m 4011 [0m instructions

Mean: 3966 for stack of size 294 

[0;35m Generating random numbers for stack_size 295...

[0m[1;30m TEST 0: [0m[0;32mOK [0m[1;37m 4039 [0m instructions
[1;30m TEST 1: [0m[0;32mOK [0m[1;37m 4028 [0m instructions
[1;30m TEST 2: [0m[0;32mOK [0m[1;37m 3933 [0m instructions
[1;30m TEST 3: [0m[0;32mOK [0m[1;37m 4007 [0m instructions
[1;30m TEST 4: [0m[0;32mOK [0m[1;37m 3981 [0m instructions
[1;30m TEST 5: [0m[0;32mOK [0m[1;37m 4029 [0m instructions
[1;30m TEST 6: [0m[0;32mOK [0m[1;37m 4019 [0m instructions
[1;30m TEST 7: [0m[0;32mOK [0m[1;37m 3984 [0m instructions
[1;30m TEST 8: [0m[0;32mOK [0m[1;37m 3936 [0m instructions
[1;30m TEST 9: [0m[0;32mOK [0m[1;37m 3971 [0m instructions

Mean: 3992 for stack of size 295 

[0;35m Generating random numbers for stack_size 296...

[0m[1;30m TEST 0: [0m[0;32mOK [0m[1;37m 3829 [0m instructions
[1;30m TEST 1: [0m[0;32mOK [0m[1;37m 3873 [0m instructions
[1;30m TEST 2: [0m[0;32mOK [0m[1;37m 3851 [0m instructions
[1;30m TEST 3: [0m[0;32mOK [0m[1;37m 3832 [0m instructions
[1;30m TEST 4: [0m[0;32mOK [0m[1;37m 3945 [0m instructions
[1;30m TEST 5: [0m[0;32mOK [0m[1;37m 3786 [0m instructions
[1;30m TEST 6: [0m[0;32mOK [0m[1;37m 3828 [0m instructions
[1;30m TEST 7: [0m[0;32mOK [0m[1;37m 3750 [0m instructions
[1;30m TEST 8: [0m[0;32mOK [0m[1;37m 3856 [0m instructions
[1;30m TEST 9: [0m[0;32mOK [0m[1;37m 3858 [0m instructions

Mean: 3840 for stack of size 296 

[0;35m Generating random numbers for stack_size 297...

[0m[1;30m TEST 0: [0m[0;32mOK [0m[1;37m 3924 [0m instructions
[1;30m TEST 1: [0m[0;32mOK [0m[1;37m 3896 [0m instructions
[1;30m TEST 2: [0m[0;32mOK [0m[1;37m 4181 [0m instructions
[1;30m TEST 3: [0m[0;32mOK [0m[1;37m 4014 [0m instructions
[1;30m TEST 4: [0m[0;32mOK [0m[1;37m 3993 [0m instructions
[1;30m TEST 5: [0m[0;32mOK [0m[1;37m 3891 [0m instructions
[1;30m TEST 6: [0m[0;32mOK [0m[1;37m 4094 [0m instructions
[1;30m TEST 7: [0m[0;32mOK [0m[1;37m 4086 [0m instructions
[1;30m TEST 8: [0m[0;32mOK [0m[1;37m 3993 [0m instructions
[1;30m TEST 9: [0m[0;32mOK [0m[1;37m 4159 [0m instructions

Mean: 4023 for stack of size 297 

[0;35m Generating random numbers for stack_size 298...

[0m[1;30m TEST 0: [0m[0;32mOK [0m[1;37m 4140 [0m instructions
[1;30m TEST 1: [0m[0;32mOK [0m[1;37m 3954 [0m instructions
[1;30m TEST 2: [0m[0;32mOK [0m[1;37m 4092 [0m instructions
[1;30m TEST 3: [0m[0;32mOK [0m[1;37m 4092 [0m instructions
[1;30m TEST 4: [0m[0;32mOK [0m[1;37m 4030 [0m instructions
[1;30m TEST 5: [0m[0;32mOK [0m[1;37m 3882 [0m instructions
[1;30m TEST 6: [0m[0;32mOK [0m[1;37m 3996 [0m instructions
[1;30m TEST 7: [0m[0;32mOK [0m[1;37m 4158 [0m instructions
[1;30m TEST 8: [0m[0;32mOK [0m[1;37m 4108 [0m instructions
[1;30m TEST 9: [0m[0;32mOK [0m[1;37m 4231 [0m instructions

Mean: 4068 for stack of size 298 

[0;35m Generating random numbers for stack_size 299...

[0m[1;30m TEST 0: [0m[0;32mOK [0m[1;37m 4065 [0m instructions
[1;30m TEST 1: [0m[0;32mOK [0m[1;37m 4049 [0m instructions
[1;30m TEST 2: [0m[0;32mOK [0m[1;37m 4073 [0m instructions
[1;30m TEST 3: [0m[0;32mOK [0m[1;37m 4079 [0m instructions
[1;30m TEST 4: [0m[0;32mOK [0m[1;37m 3972 [0m instructions
[1;30m TEST 5: [0m[0;32mOK [0m[1;37m 4155 [0m instructions
[1;30m TEST 6: [0m[0;32mOK [0m[1;37m 4077 [0m instructions
[1;30m TEST 7: [0m[0;32mOK [0m[1;37m 4137 [0m instructions
[1;30m TEST 8: [0m[0;32mOK [0m[1;37m 4102 [0m instructions
[1;30m TEST 9: [0m[0;32mOK [0m[1;37m 3979 [0m instructions

Mean: 4068 for stack of size 299 

[0;35m Generating random numbers for stack_size 300...

[0m[1;30m TEST 0: [0m[0;32mOK [0m[1;37m 3860 [0m instructions
[1;30m TEST 1: [0m[0;32mOK [0m[1;37m 3898 [0m instructions
[1;30m TEST 2: [0m[0;32mOK [0m[1;37m 3904 [0m instructions
[1;30m TEST 3: [0m[0;32mOK [0m[1;37m 3917 [0m instructions
[1;30m TEST 4: [0m[0;32mOK [0m[1;37m 3897 [0m instructions
[1;30m TEST 5: [0m[0;32mOK [0m[1;37m 3888 [0m instructions
[1;30m TEST 6: [0m[0;32mOK [0m[1;37m 3887 [0m instructions
[1;30m TEST 7: [0m[0;32mOK [0m[1;37m 3901 [0m instructions
[1;30m TEST 8: [0m[0;32mOK [0m[1;37m 3910 [0m instructions
[1;30m TEST 9: [0m[0;32mOK [0m[1;37m 3917 [0m instructions

Mean: 3897 for stack of size 300 

[0;35m Generating random numbers for stack_size 301...

[0m[1;30m TEST 0: [0m[0;32mOK [0m[1;37m 3914 [0m instructions
[1;30m TEST 1: [0m[0;32mOK [0m[1;37m 3908 [0m instructions
[1;30m TEST 2: [0m[0;32mOK [0m[1;37m 3915 [0m instructions
[1;30m TEST 3: [0m[0;32mOK [0m[1;37m 3925 [0m instructions
[1;30m TEST 4: [0m[0;32mOK [0m[1;37m 3904 [0m instructions
[1;30m TEST 5: [0m[0;32mOK [0m[1;37m 3914 [0m instructions
[1;30m TEST 6: [0m[0;32mOK [0m[1;37m 3958 [0m instructions
[1;30m TEST 7: [0m[0;32mOK [0m[1;37m 3877 [0m instructions
[1;30m TEST 8: [0m[0;32mOK [0m[1;37m 3919 [0m instructions
[1;30m TEST 9: [0m[0;32mOK [0m[1;37m 3925 [0m instructions

Mean: 3915 for stack of size 301 

[0;35m Generating random numbers for stack_size 302...

[0m[1;30m TEST 0: [0m[0;32mOK [0m[1;37m 3929 [0m instructions
[1;30m TEST 1: [0m[0;32mOK [0m[1;37m 3993 [0m instructions
[1;30m TEST 2: [0m[0;32mOK [0m[1;37m 3926 [0m instructions
[1;30m TEST 3: [0m[0;32mOK [0m[1;37m 3917 [0m instructions
[1;30m TEST 4: [0m[0;32mOK [0m[1;37m 3947 [0m instructions
[1;30m TEST 5: [0m[0;32mOK [0m[1;37m 3911 [0m instructions
[1;30m TEST 6: [0m[0;32mOK [0m[1;37m 3927 [0m instructions
[1;30m TEST 7: [0m[0;32mOK [0m[1;37m 3939 [0m instructions
[1;30m TEST 8: [0m[0;32mOK [0m[1;37m 3941 [0m instructions
[1;30m TEST 9: [0m[0;32mOK [0m[1;37m 3903 [0m instructions

Mean: 3933 for stack of size 302 

[0;35m Generating random numbers for stack_size 303...

[0m[1;30m TEST 0: [0m[0;32mOK [0m[1;37m 3964 [0m instructions
[1;30m TEST 1: [0m[0;32mOK [0m[1;37m 3912 [0m instructions
[1;30m TEST 2: [0m[0;32mOK [0m[1;37m 3927 [0m instructions
[1;30m TEST 3: [0m[0;32mOK [0m[1;37m 3984 [0m instructions
[1;30m TEST 4: [0m[0;32mOK [0m[1;37m 3896 [0m instructions
[1;30m TEST 5: [0m[0;32mOK [0m[1;37m 3919 [0m instructions
[1;30m TEST 6: [0m[0;32mOK [0m[1;37m 3964 [0m instructions
[1;30m TEST 7: [0m[0;32mOK [0m[1;37m 3954 [0m instructions
[1;30m TEST 8: [0m[0;32mOK [0m[1;37m 3911 [0m instructions
[1;30m TEST 9: [0m[0;32mOK [0m[1;37m 3970 [0m instructions

Mean: 3940 for stack of size 303 

[0;35m Generating random numbers for stack_size 304...

[0m[1;30m TEST 0: [0m[0;32mOK [0m[1;37m 3807 [0m instructions
[1;30m TEST 1: [0m[0;32mOK [0m[1;37m 3743 [0m instructions
[1;30m TEST 2: [0m[0;32mOK [0m[1;37m 3830 [0m instructions
[1;30m TEST 3: [0m[0;32mOK [0m[1;37m 3834 [0m instructions
[1;30m TEST 4: [0m[0;32mOK [0m[1;37m 3796 [0m instructions
[1;30m TEST 5: [0m[0;32mOK [0m[1;37m 3813 [0m instructions
[1;30m TEST 6: [0m[0;32mOK [0m[1;37m 3789 [0m instructions
[1;30m TEST 7: [0m[0;32mOK [0m[1;37m 3804 [0m instructions
[1;30m TEST 8: [0m[0;32mOK [0m[1;37m 3782 [0m instructions
[1;30m TEST 9: [0m[0;32mOK [0m[1;37m 3776 [0m instructions

Mean: 3797 for stack of size 304 

[0;35m Generating random numbers for stack_size 305...

[0m[1;30m TEST 0: [0m[0;32mOK [0m[1;37m 4006 [0m instructions
[1;30m TEST 1: [0m[0;32mOK [0m[1;37m 3963 [0m instructions
[1;30m TEST 2: [0m[0;32mOK [0m[1;37m 4079 [0m instructions
[1;30m TEST 3: [0m[0;32mOK [0m[1;37m 4088 [0m instructions
[1;30m TEST 4: [0m[0;32mOK [0m[1;37m 4105 [0m instructions
[1;30m TEST 5: [0m[0;32mOK [0m[1;37m 4071 [0m instructions
[1;30m TEST 6: [0m[0;32mOK [0m[1;37m 4147 [0m instructions
[1;30m TEST 7: [0m[0;32mOK [0m[1;37m 4147 [0m instructions
[1;30m TEST 8: [0m[0;32mOK [0m[1;37m 3883 [0m instructions
[1;30m TEST 9: [0m[0;32mOK [0m[1;37m 3942 [0m instructions

Mean: 4043 for stack of size 305 

[0;35m Generating random numbers for stack_size 306...

[0m[1;30m TEST 0: [0m[0;32mOK [0m[1;37m 4138 [0m instructions
[1;30m TEST 1: [0m[0;32mOK [0m[1;37m 4132 [0m instructions
[1;30m TEST 2: [0m[0;32mOK [0m[1;37m 4095 [0m instructions
[1;30m TEST 3: [0m[0;32mOK [0m[1;37m 4157 [0m instructions
[1;30m TEST 4: [0m[0;32mOK [0m[1;37m 4131 [0m instructions
[1;30m TEST 5: [0m[0;32mOK [0m[1;37m 4080 [0m instructions
[1;30m TEST 6: [0m[0;32mOK [0m[1;37m 3974 [0m instructions
[1;30m TEST 7: [0m[0;32mOK [0m[1;37m 3978 [0m instructions
[1;30m TEST 8: [0m[0;32mOK [0m[1;37m 4131 [0m instructions
[1;30m TEST 9: [0m[0;32mOK [0m[1;37m 4146 [0m instructions

Mean: 4096 for stack of size 306 

[0;35m Generating random numbers for stack_size 307...

[0m[1;30m TEST 0: [0m[0;32mOK [0m[1;37m 4118 [0m instructions
[1;30m TEST 1: [0m[0;32mOK [0m[1;37m 4146 [0m instructions
[1;30m TEST 2: [0m[0;32mOK [0m[1;37m 4130 [0m instructions
[1;30m TEST 3: [0m[0;32mOK [0m[1;37m 4130 [0m instructions
[1;30m TEST 4: [0m[0;32mOK [0m[1;37m 3953 [0m instructions
[1;30m TEST 5: [0m[0;32mOK [0m[1;37m 4121 [0m instructions
[1;30m TEST 6: [0m[0;32mOK [0m[1;37m 4135 [0m instructions
[1;30m TEST 7: [0m[0;32mOK [0m[1;37m 4120 [0m instructions
[1;30m TEST 8: [0m[0;32mOK [0m[1;37m 3984 [0m instructions
[1;30m TEST 9: [0m[0;32mOK [0m[1;37m 4060 [0m instructions

Mean: 4089 for stack of size 307 

[0;35m Generating random numbers for stack_size 308...

[0m[1;30m TEST 0: [0m[0;32mOK [0m[1;37m 4107 [0m instructions
[1;30m TEST 1: [0m[0;32mOK [0m[1;37m 4174 [0m instructions
[1;30m TEST 2: [0m[0;32mOK [0m[1;37m 4088 [0m instructions
[1;30m TEST 3: [0m[0;32mOK [0m[1;37m 4098 [0m instructions
[1;30m TEST 4: [0m[0;32mOK [0m[1;37m 4076 [0m instructions
[1;30m TEST 5: [0m[0;32mOK [0m[1;37m 4063 [0m instructions
[1;30m TEST 6: [0m[0;32mOK [0m[1;37m 4190 [0m instructions
[1;30m TEST 7: [0m[0;32mOK [0m[1;37m 4161 [0m instructions
[1;30m TEST 8: [0m[0;32mOK [0m[1;37m 4145 [0m instructions
[1;30m TEST 9: [0m[0;32mOK [0m[1;37m 4120 [0m instructions

Mean: 4122 for stack of size 308 

[0;35m Generating random numbers for stack_size 309...

[0m[1;30m TEST 0: [0m[0;32mOK [0m[1;37m 4116 [0m instructions
[1;30m TEST 1: [0m[0;32mOK [0m[1;37m 4073 [0m instructions
[1;30m TEST 2: [0m[0;32mOK [0m[1;37m 4097 [0m instructions
[1;30m TEST 3: [0m[0;32mOK [0m[1;37m 4118 [0m instructions
[1;30m TEST 4: [0m[0;32mOK [0m[1;37m 4090 [0m instructions
[1;30m TEST 5: [0m[0;32mOK [0m[1;37m 4077 [0m instructions
[1;30m TEST 6: [0m[0;32mOK [0m[1;37m 4146 [0m instructions
[1;30m TEST 7: [0m[0;32mOK [0m[1;37m 4179 [0m instructions
[1;30m TEST 8: [0m[0;32mOK [0m[1;37m 4153 [0m instructions
[1;30m TEST 9: [0m[0;32mOK [0m[1;37m 4174 [0m instructions

Mean: 4122 for stack of size 309 

[0;35m Generating random numbers for stack_size 310...

[0m[1;30m TEST 0: [0m[0;32mOK [0m[1;37m 4088 [0m instructions
[1;30m TEST 1: [0m[0;32mOK [0m[1;37m 4129 [0m instructions
[1;30m TEST 2: [0m[0;32mOK [0m[1;37m 4151 [0m instructions
[1;30m TEST 3: [0m[0;32mOK [0m[1;37m 4157 [0m instructions
[1;30m TEST 4: [0m[0;32mOK [0m[1;37m 4154 [0m instructions
[1;30m TEST 5: [0m[0;32mOK [0m[1;37m 4122 [0m instructions
[1;30m TEST 6: [0m[0;32mOK [0m[1;37m 4139 [0m instructions
[1;30m TEST 7: [0m[0;32mOK [0m[1;37m 4128 [0m instructions
[1;30m TEST 8: [0m[0;32mOK [0m[1;37m 4133 [0m instructions
[1;30m TEST 9: [0m[0;32mOK [0m[1;37m 4174 [0m instructions

Mean: 4137 for stack of size 310 

[0;35m Generating random numbers for stack_size 311...

[0m[1;30m TEST 0: [0m[0;32mOK [0m[1;37m 4120 [0m instructions
[1;30m TEST 1: [0m[0;32mOK [0m[1;37m 4118 [0m instructions
[1;30m TEST 2: [0m[0;32mOK [0m[1;37m 4119 [0m instructions
[1;30m TEST 3: [0m[0;32mOK [0m[1;37m 4113 [0m instructions
[1;30m TEST 4: [0m[0;32mOK [0m[1;37m 4118 [0m instructions
[1;30m TEST 5: [0m[0;32mOK [0m[1;37m 4159 [0m instructions
[1;30m TEST 6: [0m[0;32mOK [0m[1;37m 4084 [0m instructions
[1;30m TEST 7: [0m[0;32mOK [0m[1;37m 4157 [0m instructions
[1;30m TEST 8: [0m[0;32mOK [0m[1;37m 4126 [0m instructions
[1;30m TEST 9: [0m[0;32mOK [0m[1;37m 4140 [0m instructions

Mean: 4125 for stack of size 311 

[0;35m Generating random numbers for stack_size 312...

[0m[1;30m TEST 0: [0m[0;32mOK [0m[1;37m 4191 [0m instructions
[1;30m TEST 1: [0m[0;32mOK [0m[1;37m 4138 [0m instructions
[1;30m TEST 2: [0m[0;32mOK [0m[1;37m 4166 [0m instructions
[1;30m TEST 3: [0m[0;32mOK [0m[1;37m 4163 [0m instructions
[1;30m TEST 4: [0m[0;32mOK [0m[1;37m 4146 [0m instructions
[1;30m TEST 5: [0m[0;32mOK [0m[1;37m 4122 [0m instructions
[1;30m TEST 6: [0m[0;32mOK [0m[1;37m 4120 [0m instructions
[1;30m TEST 7: [0m[0;32mOK [0m[1;37m 4164 [0m instructions
[1;30m TEST 8: [0m[0;32mOK [0m[1;37m 4163 [0m instructions
[1;30m TEST 9: [0m[0;32mOK [0m[1;37m 4181 [0m instructions

Mean: 4155 for stack of size 312 

[0;35m Generating random numbers for stack_size 313...

[0m[1;30m TEST 0: [0m[0;32mOK [0m[1;37m 4167 [0m instructions
[1;30m TEST 1: [0m[0;32mOK [0m[1;37m 4147 [0m instructions
[1;30m TEST 2: [0m[0;32mOK [0m[1;37m 4152 [0m instructions
[1;30m TEST 3: [0m[0;32mOK [0m[1;37m 4145 [0m instructions
[1;30m TEST 4: [0m[0;32mOK [0m[1;37m 4157 [0m instructions
[1;30m TEST 5: [0m[0;32mOK [0m[1;37m 4127 [0m instructions
[1;30m TEST 6: [0m[0;32mOK [0m[1;37m 4184 [0m instructions
[1;30m TEST 7: [0m[0;32mOK [0m[1;37m 4142 [0m instructions
[1;30m TEST 8: [0m[0;32mOK [0m[1;37m 4118 [0m instructions
[1;30m TEST 9: [0m[0;32mOK [0m[1;37m 4169 [0m instructions

Mean: 4150 for stack of size 313 

[0;35m Generating random numbers for stack_size 314...

[0m[1;30m TEST 0: [0m[0;32mOK [0m[1;37m 4102 [0m instructions
[1;30m TEST 1: [0m[0;32mOK [0m[1;37m 4133 [0m instructions
[1;30m TEST 2: [0m[0;32mOK [0m[1;37m 4186 [0m instructions
[1;30m TEST 3: [0m[0;32mOK [0m[1;37m 4161 [0m instructions
[1;30m TEST 4: [0m[0;32mOK [0m[1;37m 4120 [0m instructions
[1;30m TEST 5: [0m[0;32mOK [0m[1;37m 4165 [0m instructions
[1;30m TEST 6: [0m[0;32mOK [0m[1;37m 4174 [0m instructions
[1;30m TEST 7: [0m[0;32mOK [0m[1;37m 4160 [0m instructions
[1;30m TEST 8: [0m[0;32mOK [0m[1;37m 4173 [0m instructions
[1;30m TEST 9: [0m[0;32mOK [0m[1;37m 4143 [0m instructions

Mean: 4151 for stack of size 314 

[0;35m Generating random numbers for stack_size 315...

[0m[1;30m TEST 0: [0m[0;32mOK [0m[1;37m 4106 [0m instructions
[1;30m TEST 1: [0m[0;32mOK [0m[1;37m 4185 [0m instructions
[1;30m TEST 2: [0m[0;32mOK [0m[1;37m 4172 [0m instructions
[1;30m TEST 3: [0m[0;32mOK [0m[1;37m 4184 [0m instructions
[1;30m TEST 4: [0m[0;32mOK [0m[1;37m 4143 [0m instructions
[1;30m TEST 5: [0m[0;32mOK [0m[1;37m 4195 [0m instructions
[1;30m TEST 6: [0m[0;32mOK [0m[1;37m 4161 [0m instructions
[1;30m TEST 7: [0m[0;32mOK [0m[1;37m 4126 [0m instructions
[1;30m TEST 8: [0m[0;32mOK [0m[1;37m 4141 [0m instructions
[1;30m TEST 9: [0m[0;32mOK [0m[1;37m 4118 [0m instructions

Mean: 4153 for stack of size 315 

[0;35m Generating random numbers for stack_size 316...

[0m[1;30m TEST 0: [0m[0;32mOK [0m[1;37m 4166 [0m instructions
[1;30m TEST 1: [0m[0;32mOK [0m[1;37m 4156 [0m instructions
[1;30m TEST 2: [0m[0;32mOK [0m[1;37m 4151 [0m instructions
[1;30m TEST 3: [0m[0;32mOK [0m[1;37m 4147 [0m instructions
[1;30m TEST 4: [0m[0;32mOK [0m[1;37m 4111 [0m instructions
[1;30m TEST 5: [0m[0;32mOK [0m[1;37m 4162 [0m instructions
[1;30m TEST 6: [0m[0;32mOK [0m[1;37m 4194 [0m instructions
[1;30m TEST 7: [0m[0;32mOK [0m[1;37m 4096 [0m instructions
[1;30m TEST 8: [0m[0;32mOK [0m[1;37m 4147 [0m instructions
[1;30m TEST 9: [0m[0;32mOK [0m[1;37m 4159 [0m instructions

Mean: 4148 for stack of size 316 

[0;35m Generating random numbers for stack_size 317...

[0m[1;30m TEST 0: [0m[0;32mOK [0m[1;37m 4189 [0m instructions
[1;30m TEST 1: [0m[0;32mOK [0m[1;37m 4177 [0m instructions
[1;30m TEST 2: [0m[0;32mOK [0m[1;37m 4181 [0m instructions
[1;30m TEST 3: [0m[0;32mOK [0m[1;37m 4191 [0m instructions
[1;30m TEST 4: [0m[0;32mOK [0m[1;37m 4160 [0m instructions
[1;30m TEST 5: [0m[0;32mOK [0m[1;37m 4138 [0m instructions
[1;30m TEST 6: [0m[0;32mOK [0m[1;37m 4171 [0m instructions
[1;30m TEST 7: [0m[0;32mOK [0m[1;37m 4186 [0m instructions
[1;30m TEST 8: [0m[0;32mOK [0m[1;37m 4217 [0m instructions
[1;30m TEST 9: [0m[0;32mOK [0m[1;37m 4178 [0m instructions

Mean: 4178 for stack of size 317 

[0;35m Generating random numbers for stack_size 318...

[0m[1;30m TEST 0: [0m[0;32mOK [0m[1;37m 4185 [0m instructions
[1;30m TEST 1: [0m[0;32mOK [0m[1;37m 4186 [0m instructions
[1;30m TEST 2: [0m[0;32mOK [0m[1;37m 4189 [0m instructions
[1;30m TEST 3: [0m[0;32mOK [0m[1;37m 4137 [0m instructions
[1;30m TEST 4: [0m[0;32mOK [0m[1;37m 4163 [0m instructions
[1;30m TEST 5: [0m[0;32mOK [0m[1;37m 4192 [0m instructions
[1;30m TEST 6: [0m[0;32mOK [0m[1;37m 4175 [0m instructions
[1;30m TEST 7: [0m[0;32mOK [0m[1;37m 4192 [0m instructions
[1;30m TEST 8: [0m[0;32mOK [0m[1;37m 4175 [0m instructions
[1;30m TEST 9: [0m[0;32mOK [0m[1;37m 4231 [0m instructions

Mean: 4182 for stack of size 318 

[0;35m Generating random numbers for stack_size 319...

[0m[1;30m TEST 0: [0m[0;32mOK [0m[1;37m 4255 [0m instructions
[1;30m TEST 1: [0m[0;32mOK [0m[1;37m 4197 [0m instructions
[1;30m TEST 2: [0m[0;32mOK [0m[1;37m 4176 [0m instructions
[1;30m TEST 3: [0m[0;32mOK [0m[1;37m 4220 [0m instructions
[1;30m TEST 4: [0m[0;32mOK [0m[1;37m 4185 [0m instructions
[1;30m TEST 5: [0m[0;32mOK [0m[1;37m 4203 [0m instructions
[1;30m TEST 6: [0m[0;32mOK [0m[1;37m 4205 [0m instructions
[1;30m TEST 7: [0m[0;32mOK [0m[1;37m 4200 [0m instructions
[1;30m TEST 8: [0m[0;32mOK [0m[1;37m 4228 [0m instructions
[1;30m TEST 9: [0m[0;32mOK [0m[1;37m 4095 [0m instructions

Mean: 4196 for stack of size 319 

[0;35m Generating random numbers for stack_size 320...

[0m[1;30m TEST 0: [0m[0;32mOK [0m[1;37m 4014 [0m instructions
[1;30m TEST 1: [0m[0;32mOK [0m[1;37m 4041 [0m instructions
[1;30m TEST 2: [0m[0;32mOK [0m[1;37m 4069 [0m instructions
[1;30m TEST 3: [0m[0;32mOK [0m[1;37m 4069 [0m instructions
[1;30m TEST 4: [0m[0;32mOK [0m[1;37m 4074 [0m instructions
[1;30m TEST 5: [0m[0;32mOK [0m[1;37m 4084 [0m instructions
[1;30m TEST 6: [0m[0;32mOK [0m[1;37m 4037 [0m instructions
[1;30m TEST 7: [0m[0;32mOK [0m[1;37m 4065 [0m instructions
[1;30m TEST 8: [0m[0;32mOK [0m[1;37m 4042 [0m instructions
[1;30m TEST 9: [0m[0;32mOK [0m[1;37m 4050 [0m instructions

Mean: 4054 for stack of size 320 

[0;35m Generating random numbers for stack_size 321...

[0m[1;30m TEST 0: [0m[0;32mOK [0m[1;37m 4118 [0m instructions
[1;30m TEST 1: [0m[0;32mOK [0m[1;37m 4279 [0m instructions
[1;30m TEST 2: [0m[0;32mOK [0m[1;37m 4168 [0m instructions
[1;30m TEST 3: [0m[0;32mOK [0m[1;37m 4387 [0m instructions
[1;30m TEST 4: [0m[0;32mOK [0m[1;37m 4384 [0m instructions
[1;30m TEST 5: [0m[0;32mOK [0m[1;37m 4355 [0m instructions
[1;30m TEST 6: [0m[0;32mOK [0m[1;37m 4228 [0m instructions
[1;30m TEST 7: [0m[0;32mOK [0m[1;37m 4424 [0m instructions
[1;30m TEST 8: [0m[0;32mOK [0m[1;37m 4187 [0m instructions
[1;30m TEST 9: [0m[0;32mOK [0m[1;37m 4389 [0m instructions

Mean: 4291 for stack of size 321 

[0;35m Generating random numbers for stack_size 322...

[0m[1;30m TEST 0: [0m[0;32mOK [0m[1;37m 4393 [0m instructions
[1;30m TEST 1: [0m[0;32mOK [0m[1;37m 4348 [0m instructions
[1;30m TEST 2: [0m[0;32mOK [0m[1;37m 4372 [0m instructions
[1;30m TEST 3: [0m[0;32mOK [0m[1;37m 4376 [0m instructions
[1;30m TEST 4: [0m[0;32mOK [0m[1;37m 4380 [0m instructions
[1;30m TEST 5: [0m[0;32mOK [0m[1;37m 4433 [0m instructions
[1;30m TEST 6: [0m[0;32mOK [0m[1;37m 4300 [0m instructions
[1;30m TEST 7: [0m[0;32mOK [0m[1;37m 4427 [0m instructions
[1;30m TEST 8: [0m[0;32mOK [0m[1;37m 4395 [0m instructions
[1;30m TEST 9: [0m[0;32mOK [0m[1;37m 4339 [0m instructions

Mean: 4376 for stack of size 322 

[0;35m Generating random numbers for stack_size 323...

[0m[1;30m TEST 0: [0m[0;32mOK [0m[1;37m 4370 [0m instructions
[1;30m TEST 1: [0m[0;32mOK [0m[1;37m 4428 [0m instructions
[1;30m TEST 2: [0m[0;32mOK [0m[1;37m 4383 [0m instructions
[1;30m TEST 3: [0m[0;32mOK [0m[1;37m 4405 [0m instructions
[1;30m TEST 4: [0m[0;32mOK [0m[1;37m 4368 [0m instructions
[1;30m TEST 5: [0m[0;32mOK [0m[1;37m 4418 [0m instructions
[1;30m TEST 6: [0m[0;32mOK [0m[1;37m 4393 [0m instructions
[1;30m TEST 7: [0m[0;32mOK [0m[1;37m 4409 [0m instructions
[1;30m TEST 8: [0m[0;32mOK [0m[1;37m 4354 [0m instructions
[1;30m TEST 9: [0m[0;32mOK [0m[1;37m 4384 [0m instructions

Mean: 4391 for stack of size 323 

[0;35m Generating random numbers for stack_size 324...

[0m[1;30m TEST 0: [0m[0;32mOK [0m[1;37m 4421 [0m instructions
[1;30m TEST 1: [0m[0;32mOK [0m[1;37m 4419 [0m instructions
[1;30m TEST 2: [0m[0;32mOK [0m[1;37m 4322 [0m instructions
[1;30m TEST 3: [0m[0;32mOK [0m[1;37m 4358 [0m instructions
[1;30m TEST 4: [0m[0;32mOK [0m[1;37m 4386 [0m instructions
[1;30m TEST 5: [0m[0;32mOK [0m[1;37m 4428 [0m instructions
[1;30m TEST 6: [0m[0;32mOK [0m[1;37m 4354 [0m instructions
[1;30m TEST 7: [0m[0;32mOK [0m[1;37m 4396 [0m instructions
[1;30m TEST 8: [0m[0;32mOK [0m[1;37m 4359 [0m instructions
[1;30m TEST 9: [0m[0;32mOK [0m[1;37m 4392 [0m instructions

Mean: 4383 for stack of size 324 

[0;35m Generating random numbers for stack_size 325...

[0m[1;30m TEST 0: [0m[0;32mOK [0m[1;37m 4423 [0m instructions
[1;30m TEST 1: [0m[0;32mOK [0m[1;37m 4393 [0m instructions
[1;30m TEST 2: [0m[0;32mOK [0m[1;37m 4381 [0m instructions
[1;30m TEST 3: [0m[0;32mOK [0m[1;37m 4355 [0m instructions
[1;30m TEST 4: [0m[0;32mOK [0m[1;37m 4399 [0m instructions
[1;30m TEST 5: [0m[0;32mOK [0m[1;37m 4388 [0m instructions
[1;30m TEST 6: [0m[0;32mOK [0m[1;37m 4401 [0m instructions
[1;30m TEST 7: [0m[0;32mOK [0m[1;37m 4425 [0m instructions
[1;30m TEST 8: [0m[0;32mOK [0m[1;37m 4340 [0m instructions
[1;30m TEST 9: [0m[0;32mOK [0m[1;37m 4375 [0m instructions

Mean: 4388 for stack of size 325 

[0;35m Generating random numbers for stack_size 326...

[0m[1;30m TEST 0: [0m[0;32mOK [0m[1;37m 4439 [0m instructions
[1;30m TEST 1: [0m[0;32mOK [0m[1;37m 4408 [0m instructions
[1;30m TEST 2: [0m[0;32mOK [0m[1;37m 4415 [0m instructions
[1;30m TEST 3: [0m[0;32mOK [0m[1;37m 4393 [0m instructions
[1;30m TEST 4: [0m[0;32mOK [0m[1;37m 4360 [0m instructions
[1;30m TEST 5: [0m[0;32mOK [0m[1;37m 4379 [0m instructions
[1;30m TEST 6: [0m[0;32mOK [0m[1;37m 4386 [0m instructions
[1;30m TEST 7: [0m[0;32mOK [0m[1;37m 4376 [0m instructions
[1;30m TEST 8: [0m[0;32mOK [0m[1;37m 4380 [0m instructions
[1;30m TEST 9: [0m[0;32mOK [0m[1;37m 4428 [0m instructions

Mean: 4396 for stack of size 326 

[0;35m Generating random numbers for stack_size 327...

[0m[1;30m TEST 0: [0m[0;32mOK [0m[1;37m 4378 [0m instructions
[1;30m TEST 1: [0m[0;32mOK [0m[1;37m 4404 [0m instructions
[1;30m TEST 2: [0m[0;32mOK [0m[1;37m 4336 [0m instructions
[1;30m TEST 3: [0m[0;32mOK [0m[1;37m 4370 [0m instructions
[1;30m TEST 4: [0m[0;32mOK [0m[1;37m 4362 [0m instructions
[1;30m TEST 5: [0m[0;32mOK [0m[1;37m 4411 [0m instructions
[1;30m TEST 6: [0m[0;32mOK [0m[1;37m 4393 [0m instructions
[1;30m TEST 7: [0m[0;32mOK [0m[1;37m 4419 [0m instructions
[1;30m TEST 8: [0m[0;32mOK [0m[1;37m 4398 [0m instructions
[1;30m TEST 9: [0m[0;32mOK [0m[1;37m 4411 [0m instructions

Mean: 4388 for stack of size 327 

[0;35m Generating random numbers for stack_size 328...

[0m[1;30m TEST 0: [0m[0;32mOK [0m[1;37m 4401 [0m instructions
[1;30m TEST 1: [0m[0;32mOK [0m[1;37m 4453 [0m instructions
[1;30m TEST 2: [0m[0;32mOK [0m[1;37m 4400 [0m instructions
[1;30m TEST 3: [0m[0;32mOK [0m[1;37m 4359 [0m instructions
[1;30m TEST 4: [0m[0;32mOK [0m[1;37m 4397 [0m instructions
[1;30m TEST 5: [0m[0;32mOK [0m[1;37m 4366 [0m instructions
[1;30m TEST 6: [0m[0;32mOK [0m[1;37m 4429 [0m instructions
[1;30m TEST 7: [0m[0;32mOK [0m[1;37m 4401 [0m instructions
[1;30m TEST 8: [0m[0;32mOK [0m[1;37m 4412 [0m instructions
[1;30m TEST 9: [0m[0;32mOK [0m[1;37m 4432 [0m instructions

Mean: 4405 for stack of size 328 

[0;35m Generating random numbers for stack_size 329...

[0m[1;30m TEST 0: [0m[0;32mOK [0m[1;37m 4441 [0m instructions
[1;30m TEST 1: [0m[0;32mOK [0m[1;37m 4443 [0m instructions
[1;30m TEST 2: [0m[0;32mOK [0m[1;37m 4428 [0m instructions
[1;30m TEST 3: [0m[0;32mOK [0m[1;37m 4382 [0m instructions
[1;30m TEST 4: [0m[0;32mOK [0m[1;37m 4339 [0m instructions
[1;30m TEST 5: [0m[0;32mOK [0m[1;37m 4350 [0m instructions
[1;30m TEST 6: [0m[0;32mOK [0m[1;37m 4332 [0m instructions
[1;30m TEST 7: [0m[0;32mOK [0m[1;37m 4380 [0m instructions
[1;30m TEST 8: [0m[0;32mOK [0m[1;37m 4464 [0m instructions
[1;30m TEST 9: [0m[0;32mOK [0m[1;37m 4443 [0m instructions

Mean: 4400 for stack of size 329 

[0;35m Generating random numbers for stack_size 330...

[0m[1;30m TEST 0: [0m[0;32mOK [0m[1;37m 4399 [0m instructions
[1;30m TEST 1: [0m[0;32mOK [0m[1;37m 4407 [0m instructions
[1;30m TEST 2: [0m[0;32mOK [0m[1;37m 4437 [0m instructions
[1;30m TEST 3: [0m[0;32mOK [0m[1;37m 4377 [0m instructions
[1;30m TEST 4: [0m[0;32mOK [0m[1;37m 4429 [0m instructions
[1;30m TEST 5: [0m[0;32mOK [0m[1;37m 4433 [0m instructions
[1;30m TEST 6: [0m[0;32mOK [0m[1;37m 4403 [0m instructions
[1;30m TEST 7: [0m[0;32mOK [0m[1;37m 4375 [0m instructions
[1;30m TEST 8: [0m[0;32mOK [0m[1;37m 4446 [0m instructions
[1;30m TEST 9: [0m[0;32mOK [0m[1;37m 4451 [0m instructions

Mean: 4415 for stack of size 330 

[0;35m Generating random numbers for stack_size 331...

[0m[1;30m TEST 0: [0m[0;32mOK [0m[1;37m 4446 [0m instructions
[1;30m TEST 1: [0m[0;32mOK [0m[1;37m 4369 [0m instructions
[1;30m TEST 2: [0m[0;32mOK [0m[1;37m 4435 [0m instructions
[1;30m TEST 3: [0m[0;32mOK [0m[1;37m 4427 [0m instructions
[1;30m TEST 4: [0m[0;32mOK [0m[1;37m 4449 [0m instructions
[1;30m TEST 5: [0m[0;32mOK [0m[1;37m 4446 [0m instructions
[1;30m TEST 6: [0m[0;32mOK [0m[1;37m 4503 [0m instructions
[1;30m TEST 7: [0m[0;32mOK [0m[1;37m 4442 [0m instructions
[1;30m TEST 8: [0m[0;32mOK [0m[1;37m 4372 [0m instructions
[1;30m TEST 9: [0m[0;32mOK [0m[1;37m 4420 [0m instructions

Mean: 4430 for stack of size 331 

[0;35m Generating random numbers for stack_size 332...

[0m[1;30m TEST 0: [0m[0;32mOK [0m[1;37m 4407 [0m instructions
[1;30m TEST 1: [0m[0;32mOK [0m[1;37m 4424 [0m instructions
[1;30m TEST 2: [0m[0;32mOK [0m[1;37m 4429 [0m instructions
[1;30m TEST 3: [0m[0;32mOK [0m[1;37m 4480 [0m instructions
[1;30m TEST 4: [0m[0;32mOK [0m[1;37m 4473 [0m instructions
[1;30m TEST 5: [0m[0;32mOK [0m[1;37m 4473 [0m instructions
[1;30m TEST 6: [0m[0;32mOK [0m[1;37m 4413 [0m instructions
[1;30m TEST 7: [0m[0;32mOK [0m[1;37m 4378 [0m instructions
[1;30m TEST 8: [0m[0;32mOK [0m[1;37m 4428 [0m instructions
[1;30m TEST 9: [0m[0;32mOK [0m[1;37m 4436 [0m instructions

Mean: 4434 for stack of size 332 

[0;35m Generating random numbers for stack_size 333...

[0m[1;30m TEST 0: [0m[0;32mOK [0m[1;37m 4418 [0m instructions
[1;30m TEST 1: [0m[0;32mOK [0m[1;37m 4453 [0m instructions
[1;30m TEST 2: [0m[0;32mOK [0m[1;37m 4397 [0m instructions
[1;30m TEST 3: [0m[0;32mOK [0m[1;37m 4366 [0m instructions
[1;30m TEST 4: [0m[0;32mOK [0m[1;37m 4378 [0m instructions
[1;30m TEST 5: [0m[0;32mOK [0m[1;37m 4440 [0m instructions
[1;30m TEST 6: [0m[0;32mOK [0m[1;37m 4374 [0m instructions
[1;30m TEST 7: [0m[0;32mOK [0m[1;37m 4441 [0m instructions
[1;30m TEST 8: [0m[0;32mOK [0m[1;37m 4401 [0m instructions
[1;30m TEST 9: [0m[0;32mOK [0m[1;37m 4388 [0m instructions

Mean: 4405 for stack of size 333 

[0;35m Generating random numbers for stack_size 334...

[0m[1;30m TEST 0: [0m[0;32mOK [0m[1;37m 4439 [0m instructions
[1;30m TEST 1: [0m[0;32mOK [0m[1;37m 4421 [0m instructions
[1;30m TEST 2: [0m[0;32mOK [0m[1;37m 4465 [0m instructions
[1;30m TEST 3: [0m[0;32mOK [0m[1;37m 4438 [0m instructions
[1;30m TEST 4: [0m[0;32mOK [0m[1;37m 4540 [0m instructions
[1;30m TEST 5: [0m[0;32mOK [0m[1;37m 4462 [0m instructions
[1;30m TEST 6: [0m[0;32mOK [0m[1;37m 4360 [0m instructions
[1;30m TEST 7: [0m[0;32mOK [0m[1;37m 4413 [0m instructions
[1;30m TEST 8: [0m[0;32mOK [0m[1;37m 4418 [0m instructions
[1;30m TEST 9: [0m[0;32mOK [0m[1;37m 4430 [0m instructions

Mean: 4438 for stack of size 334 

[0;35m Generating random numbers for stack_size 335...

[0m[1;30m TEST 0: [0m[0;32mOK [0m[1;37m 4485 [0m instructions
[1;30m TEST 1: [0m[0;32mOK [0m[1;37m 4425 [0m instructions
[1;30m TEST 2: [0m[0;32mOK [0m[1;37m 4448 [0m instructions
[1;30m TEST 3: [0m[0;32mOK [0m[1;37m 4463 [0m instructions
[1;30m TEST 4: [0m[0;32mOK [0m[1;37m 4459 [0m instructions
[1;30m TEST 5: [0m[0;32mOK [0m[1;37m 4461 [0m instructions
[1;30m TEST 6: [0m[0;32mOK [0m[1;37m 4414 [0m instructions
[1;30m TEST 7: [0m[0;32mOK [0m[1;37m 4454 [0m instructions
[1;30m TEST 8: [0m[0;32mOK [0m[1;37m 4398 [0m instructions
[1;30m TEST 9: [0m[0;32mOK [0m[1;37m 4475 [0m instructions

Mean: 4448 for stack of size 335 

[0;35m Generating random numbers for stack_size 336...

[0m[1;30m TEST 0: [0m[0;32mOK [0m[1;37m 4324 [0m instructions
[1;30m TEST 1: [0m[0;32mOK [0m[1;37m 4310 [0m instructions
[1;30m TEST 2: [0m[0;32mOK [0m[1;37m 4335 [0m instructions
[1;30m TEST 3: [0m[0;32mOK [0m[1;37m 4298 [0m instructions
[1;30m TEST 4: [0m[0;32mOK [0m[1;37m 4334 [0m instructions
[1;30m TEST 5: [0m[0;32mOK [0m[1;37m 4258 [0m instructions
[1;30m TEST 6: [0m[0;32mOK [0m[1;37m 4391 [0m instructions
[1;30m TEST 7: [0m[0;32mOK [0m[1;37m 4285 [0m instructions
[1;30m TEST 8: [0m[0;32mOK [0m[1;37m 4344 [0m instructions
[1;30m TEST 9: [0m[0;32mOK [0m[1;37m 4253 [0m instructions

Mean: 4313 for stack of size 336 

[0;35m Generating random numbers for stack_size 337...

[0m[1;30m TEST 0: [0m[0;32mOK [0m[1;37m 4614 [0m instructions
[1;30m TEST 1: [0m[0;32mOK [0m[1;37m 4577 [0m instructions
[1;30m TEST 2: [0m[0;32mOK [0m[1;37m 4425 [0m instructions
[1;30m TEST 3: [0m[0;32mOK [0m[1;37m 4516 [0m instructions
[1;30m TEST 4: [0m[0;32mOK [0m[1;37m 4579 [0m instructions
[1;30m TEST 5: [0m[0;32mOK [0m[1;37m 4674 [0m instructions
[1;30m TEST 6: [0m[0;32mOK [0m[1;37m 4668 [0m instructions
[1;30m TEST 7: [0m[0;32mOK [0m[1;37m 4619 [0m instructions
[1;30m TEST 8: [0m[0;32mOK [0m[1;37m 4640 [0m instructions
[1;30m TEST 9: [0m[0;32mOK [0m[1;37m 4504 [0m instructions

Mean: 4581 for stack of size 337 

[0;35m Generating random numbers for stack_size 338...

[0m[1;30m TEST 0: [0m[0;32mOK [0m[1;37m 4664 [0m instructions
[1;30m TEST 1: [0m[0;32mOK [0m[1;37m 4562 [0m instructions
[1;30m TEST 2: [0m[0;32mOK [0m[1;37m 4624 [0m instructions
[1;30m TEST 3: [0m[0;32mOK [0m[1;37m 4675 [0m instructions
[1;30m TEST 4: [0m[0;32mOK [0m[1;37m 4660 [0m instructions
[1;30m TEST 5: [0m[0;32mOK [0m[1;37m 4651 [0m instructions
[1;30m TEST 6: [0m[0;32mOK [0m[1;37m 4630 [0m instructions
[1;30m TEST 7: [0m[0;32mOK [0m[1;37m 4659 [0m instructions
[1;30m TEST 8: [0m[0;32mOK [0m[1;37m 4582 [0m instructions
[1;30m TEST 9: [0m[0;32mOK [0m[1;37m 4583 [0m instructions

Mean: 4629 for stack of size 338 

[0;35m Generating random numbers for stack_size 339...

[0m[1;30m TEST 0: [0m[0;32mOK [0m[1;37m 4537 [0m instructions
[1;30m TEST 1: [0m[0;32mOK [0m[1;37m 4606 [0m instructions
[1;30m TEST 2: [0m[0;32mOK [0m[1;37m 4640 [0m instructions
[1;30m TEST 3: [0m[0;32mOK [0m[1;37m 4657 [0m instructions
[1;30m TEST 4: [0m[0;32mOK [0m[1;37m 4674 [0m instructions
[1;30m TEST 5: [0m[0;32mOK [0m[1;37m 4637 [0m instructions
[1;30m TEST 6: [0m[0;32mOK [0m[1;37m 4588 [0m instructions
[1;30m TEST 7: [0m[0;32mOK [0m[1;37m 4681 [0m instructions
[1;30m TEST 8: [0m[0;32mOK [0m[1;37m 4562 [0m instructions
[1;30m TEST 9: [0m[0;32mOK [0m[1;37m 4633 [0m instructions

Mean: 4621 for stack of size 339 

[0;35m Generating random numbers for stack_size 340...

[0m[1;30m TEST 0: [0m[0;32mOK [0m[1;37m 4648 [0m instructions
[1;30m TEST 1: [0m[0;32mOK [0m[1;37m 4637 [0m instructions
[1;30m TEST 2: [0m[0;32mOK [0m[1;37m 4580 [0m instructions
[1;30m TEST 3: [0m[0;32mOK [0m[1;37m 4649 [0m instructions
[1;30m TEST 4: [0m[0;32mOK [0m[1;37m 4638 [0m instructions
[1;30m TEST 5: [0m[0;32mOK [0m[1;37m 4690 [0m instructions
[1;30m TEST 6: [0m[0;32mOK [0m[1;37m 4586 [0m instructions
[1;30m TEST 7: [0m[0;32mOK [0m[1;37m 4612 [0m instructions
[1;30m TEST 8: [0m[0;32mOK [0m[1;37m 4604 [0m instructions
[1;30m TEST 9: [0m[0;32mOK [0m[1;37m 4697 [0m instructions

Mean: 4634 for stack of size 340 

[0;35m Generating random numbers for stack_size 341...

[0m[1;30m TEST 0: [0m[0;32mOK [0m[1;37m 4661 [0m instructions
[1;30m TEST 1: [0m[0;32mOK [0m[1;37m 4644 [0m instructions
[1;30m TEST 2: [0m[0;32mOK [0m[1;37m 4622 [0m instructions
[1;30m TEST 3: [0m[0;32mOK [0m[1;37m 4658 [0m instructions
[1;30m TEST 4: [0m[0;32mOK [0m[1;37m 4639 [0m instructions
[1;30m TEST 5: [0m[0;32mOK [0m[1;37m 4643 [0m instructions
[1;30m TEST 6: [0m[0;32mOK [0m[1;37m 4755 [0m instructions
[1;30m TEST 7: [0m[0;32mOK [0m[1;37m 4662 [0m instructions
[1;30m TEST 8: [0m[0;32mOK [0m[1;37m 4625 [0m instructions
[1;30m TEST 9: [0m[0;32mOK [0m[1;37m 4641 [0m instructions

Mean: 4655 for stack of size 341 

[0;35m Generating random numbers for stack_size 342...

[0m[1;30m TEST 0: [0m[0;32mOK [0m[1;37m 4653 [0m instructions
[1;30m TEST 1: [0m[0;32mOK [0m[1;37m 4664 [0m instructions
[1;30m TEST 2: [0m[0;32mOK [0m[1;37m 4675 [0m instructions
[1;30m TEST 3: [0m[0;32mOK [0m[1;37m 4647 [0m instructions
[1;30m TEST 4: [0m[0;32mOK [0m[1;37m 4650 [0m instructions
[1;30m TEST 5: [0m[0;32mOK [0m[1;37m 4702 [0m instructions
[1;30m TEST 6: [0m[0;32mOK [0m[1;37m 4672 [0m instructions
[1;30m TEST 7: [0m[0;32mOK [0m[1;37m 4674 [0m instructions
[1;30m TEST 8: [0m[0;32mOK [0m[1;37m 4650 [0m instructions
[1;30m TEST 9: [0m[0;32mOK [0m[1;37m 4668 [0m instructions

Mean: 4665 for stack of size 342 

[0;35m Generating random numbers for stack_size 343...

[0m[1;30m TEST 0: [0m[0;32mOK [0m[1;37m 4711 [0m instructions
[1;30m TEST 1: [0m[0;32mOK [0m[1;37m 4596 [0m instructions
[1;30m TEST 2: [0m[0;32mOK [0m[1;37m 4648 [0m instructions
[1;30m TEST 3: [0m[0;32mOK [0m[1;37m 4603 [0m instructions
[1;30m TEST 4: [0m[0;32mOK [0m[1;37m 4676 [0m instructions
[1;30m TEST 5: [0m[0;32mOK [0m[1;37m 4637 [0m instructions
[1;30m TEST 6: [0m[0;32mOK [0m[1;37m 4620 [0m instructions
[1;30m TEST 7: [0m[0;32mOK [0m[1;37m 4671 [0m instructions
[1;30m TEST 8: [0m[0;32mOK [0m[1;37m 4694 [0m instructions
[1;30m TEST 9: [0m[0;32mOK [0m[1;37m 4654 [0m instructions

Mean: 4651 for stack of size 343 

[0;35m Generating random numbers for stack_size 344...

[0m[1;30m TEST 0: [0m[0;32mOK [0m[1;37m 4670 [0m instructions
[1;30m TEST 1: [0m[0;32mOK [0m[1;37m 4687 [0m instructions
[1;30m TEST 2: [0m[0;32mOK [0m[1;37m 4670 [0m instructions
[1;30m TEST 3: [0m[0;32mOK [0m[1;37m 4626 [0m instructions
[1;30m TEST 4: [0m[0;32mOK [0m[1;37m 4633 [0m instructions
[1;30m TEST 5: [0m[0;32mOK [0m[1;37m 4676 [0m instructions
[1;30m TEST 6: [0m[0;32mOK [0m[1;37m 4680 [0m instructions
[1;30m TEST 7: [0m[0;32mOK [0m[1;37m 4667 [0m instructions
[1;30m TEST 8: [0m[0;32mOK [0m[1;37m 4704 [0m instructions
[1;30m TEST 9: [0m[0;32mOK [0m[1;37m 4679 [0m instructions

Mean: 4669 for stack of size 344 

[0;35m Generating random numbers for stack_size 345...

[0m[1;30m TEST 0: [0m[0;32mOK [0m[1;37m 4702 [0m instructions
[1;30m TEST 1: [0m[0;32mOK [0m[1;37m 4715 [0m instructions
[1;30m TEST 2: [0m[0;32mOK [0m[1;37m 4635 [0m instructions
[1;30m TEST 3: [0m[0;32mOK [0m[1;37m 4667 [0m instructions
[1;30m TEST 4: [0m[0;32mOK [0m[1;37m 4601 [0m instructions
[1;30m TEST 5: [0m[0;32mOK [0m[1;37m 4670 [0m instructions
[1;30m TEST 6: [0m[0;32mOK [0m[1;37m 4732 [0m instructions
[1;30m TEST 7: [0m[0;32mOK [0m[1;37m 4764 [0m instructions
[1;30m TEST 8: [0m[0;32mOK [0m[1;37m 4667 [0m instructions
[1;30m TEST 9: [0m[0;32mOK [0m[1;37m 4707 [0m instructions

Mean: 4686 for stack of size 345 

[0;35m Generating random numbers for stack_size 346...

[0m[1;30m TEST 0: [0m[0;32mOK [0m[1;37m 4697 [0m instructions
[1;30m TEST 1: [0m[0;32mOK [0m[1;37m 4659 [0m instructions
[1;30m TEST 2: [0m[0;32mOK [0m[1;37m 4646 [0m instructions
[1;30m TEST 3: [0m[0;32mOK [0m[1;37m 4647 [0m instructions
[1;30m TEST 4: [0m[0;32mOK [0m[1;37m 4732 [0m instructions
[1;30m TEST 5: [0m[0;32mOK [0m[1;37m 4720 [0m instructions
[1;30m TEST 6: [0m[0;32mOK [0m[1;37m 4668 [0m instructions
[1;30m TEST 7: [0m[0;32mOK [0m[1;37m 4665 [0m instructions
[1;30m TEST 8: [0m[0;32mOK [0m[1;37m 4678 [0m instructions
[1;30m TEST 9: [0m[0;32mOK [0m[1;37m 4610 [0m instructions

Mean: 4672 for stack of size 346 

[0;35m Generating random numbers for stack_size 347...

[0m[1;30m TEST 0: [0m[0;32mOK [0m[1;37m 4718 [0m instructions
[1;30m TEST 1: [0m[0;32mOK [0m[1;37m 4721 [0m instructions
[1;30m TEST 2: [0m[0;32mOK [0m[1;37m 4610 [0m instructions
[1;30m TEST 3: [0m[0;32mOK [0m[1;37m 4677 [0m instructions
[1;30m TEST 4: [0m[0;32mOK [0m[1;37m 4706 [0m instructions
[1;30m TEST 5: [0m[0;32mOK [0m[1;37m 4676 [0m instructions
[1;30m TEST 6: [0m[0;32mOK [0m[1;37m 4665 [0m instructions
[1;30m TEST 7: [0m[0;32mOK [0m[1;37m 4620 [0m instructions
[1;30m TEST 8: [0m[0;32mOK [0m[1;37m 4685 [0m instructions
[1;30m TEST 9: [0m[0;32mOK [0m[1;37m 4668 [0m instructions

Mean: 4674 for stack of size 347 

[0;35m Generating random numbers for stack_size 348...

[0m[1;30m TEST 0: [0m[0;32mOK [0m[1;37m 4728 [0m instructions
[1;30m TEST 1: [0m[0;32mOK [0m[1;37m 4674 [0m instructions
[1;30m TEST 2: [0m[0;32mOK [0m[1;37m 4750 [0m instructions
[1;30m TEST 3: [0m[0;32mOK [0m[1;37m 4741 [0m instructions
[1;30m TEST 4: [0m[0;32mOK [0m[1;37m 4623 [0m instructions
[1;30m TEST 5: [0m[0;32mOK [0m[1;37m 4717 [0m instructions
[1;30m TEST 6: [0m[0;32mOK [0m[1;37m 4719 [0m instructions
[1;30m TEST 7: [0m[0;32mOK [0m[1;37m 4708 [0m instructions
[1;30m TEST 8: [0m[0;32mOK [0m[1;37m 4751 [0m instructions
[1;30m TEST 9: [0m[0;32mOK [0m[1;37m 4711 [0m instructions

Mean: 4712 for stack of size 348 

[0;35m Generating random numbers for stack_size 349...

[0m[1;30m TEST 0: [0m[0;32mOK [0m[1;37m 4645 [0m instructions
[1;30m TEST 1: [0m[0;32mOK [0m[1;37m 4695 [0m instructions
[1;30m TEST 2: [0m[0;32mOK [0m[1;37m 4703 [0m instructions
[1;30m TEST 3: [0m[0;32mOK [0m[1;37m 4654 [0m instructions
[1;30m TEST 4: [0m[0;32mOK [0m[1;37m 4743 [0m instructions
[1;30m TEST 5: [0m[0;32mOK [0m[1;37m 4696 [0m instructions
[1;30m TEST 6: [0m[0;32mOK [0m[1;37m 4702 [0m instructions
[1;30m TEST 7: [0m[0;32mOK [0m[1;37m 4677 [0m instructions
[1;30m TEST 8: [0m[0;32mOK [0m[1;37m 4736 [0m instructions
[1;30m TEST 9: [0m[0;32mOK [0m[1;37m 4699 [0m instructions

Mean: 4695 for stack of size 349 

[0;35m Generating random numbers for stack_size 350...

[0m[1;30m TEST 0: [0m[0;32mOK [0m[1;37m 4684 [0m instructions
[1;30m TEST 1: [0m[0;32mOK [0m[1;37m 4732 [0m instructions
[1;30m TEST 2: [0m[0;32mOK [0m[1;37m 4667 [0m instructions
[1;30m TEST 3: [0m[0;32mOK [0m[1;37m 4726 [0m instructions
[1;30m TEST 4: [0m[0;32mOK [0m[1;37m 4742 [0m instructions
[1;30m TEST 5: [0m[0;32mOK [0m[1;37m 4704 [0m instructions
[1;30m TEST 6: [0m[0;32mOK [0m[1;37m 4774 [0m instructions
[1;30m TEST 7: [0m[0;32mOK [0m[1;37m 4727 [0m instructions
[1;30m TEST 8: [0m[0;32mOK [0m[1;37m 4714 [0m instructions
[1;30m TEST 9: [0m[0;32mOK [0m[1;37m 4713 [0m instructions

Mean: 4718 for stack of size 350 

[0;35m Generating random numbers for stack_size 351...

[0m[1;30m TEST 0: [0m[0;32mOK [0m[1;37m 4781 [0m instructions
[1;30m TEST 1: [0m[0;32mOK [0m[1;37m 4683 [0m instructions
[1;30m TEST 2: [0m[0;32mOK [0m[1;37m 4706 [0m instructions
[1;30m TEST 3: [0m[0;32mOK [0m[1;37m 4721 [0m instructions
[1;30m TEST 4: [0m[0;32mOK [0m[1;37m 4666 [0m instructions
[1;30m TEST 5: [0m[0;32mOK [0m[1;37m 4700 [0m instructions
[1;30m TEST 6: [0m[0;32mOK [0m[1;37m 4730 [0m instructions
[1;30m TEST 7: [0m[0;32mOK [0m[1;37m 4749 [0m instructions
[1;30m TEST 8: [0m[0;32mOK [0m[1;37m 4729 [0m instructions
[1;30m TEST 9: [0m[0;32mOK [0m[1;37m 4674 [0m instructions

Mean: 4713 for stack of size 351 

[0;35m Generating random numbers for stack_size 352...

[0m[1;30m TEST 0: [0m[0;32mOK [0m[1;37m 4498 [0m instructions
[1;30m TEST 1: [0m[0;32mOK [0m[1;37m 4466 [0m instructions
[1;30m TEST 2: [0m[0;32mOK [0m[1;37m 4546 [0m instructions
[1;30m TEST 3: [0m[0;32mOK [0m[1;37m 4515 [0m instructions
[1;30m TEST 4: [0m[0;32mOK [0m[1;37m 4621 [0m instructions
[1;30m TEST 5: [0m[0;32mOK [0m[1;37m 4621 [0m instructions
[1;30m TEST 6: [0m[0;32mOK [0m[1;37m 4508 [0m instructions
[1;30m TEST 7: [0m[0;32mOK [0m[1;37m 4563 [0m instructions
[1;30m TEST 8: [0m[0;32mOK [0m[1;37m 4535 [0m instructions
[1;30m TEST 9: [0m[0;32mOK [0m[1;37m 4612 [0m instructions

Mean: 4548 for stack of size 352 

[0;35m Generating random numbers for stack_size 353...

[0m[1;30m TEST 0: [0m[0;32mOK [0m[1;37m 4654 [0m instructions
[1;30m TEST 1: [0m[0;32mOK [0m[1;37m 4562 [0m instructions
[1;30m TEST 2: [0m[0;32mOK [0m[1;37m 4637 [0m instructions
[1;30m TEST 3: [0m[0;32mOK [0m[1;37m 4939 [0m instructions
[1;30m TEST 4: [0m[0;32mOK [0m[1;37m 4811 [0m instructions
[1;30m TEST 5: [0m[0;32mOK [0m[1;37m 4939 [0m instructions
[1;30m TEST 6: [0m[0;32mOK [0m[1;37m 4862 [0m instructions
[1;30m TEST 7: [0m[0;32mOK [0m[1;37m 4905 [0m instructions
[1;30m TEST 8: [0m[0;32mOK [0m[1;37m 4776 [0m instructions
[1;30m TEST 9: [0m[0;32mOK [0m[1;37m 4736 [0m instructions

Mean: 4782 for stack of size 353 

[0;35m Generating random numbers for stack_size 354...

[0m[1;30m TEST 0: [0m[0;32mOK [0m[1;37m 4906 [0m instructions
[1;30m TEST 1: [0m[0;32mOK [0m[1;37m 4863 [0m instructions
[1;30m TEST 2: [0m[0;32mOK [0m[1;37m 4941 [0m instructions
[1;30m TEST 3: [0m[0;32mOK [0m[1;37m 4696 [0m instructions
[1;30m TEST 4: [0m[0;32mOK [0m[1;37m 4787 [0m instructions
[1;30m TEST 5: [0m[0;32mOK [0m[1;37m 4909 [0m instructions
[1;30m TEST 6: [0m[0;32mOK [0m[1;37m 4940 [0m instructions
[1;30m TEST 7: [0m[0;32mOK [0m[1;37m 4922 [0m instructions
[1;30m TEST 8: [0m[0;32mOK [0m[1;37m 4962 [0m instructions
[1;30m TEST 9: [0m[0;32mOK [0m[1;37m 4901 [0m instructions

Mean: 4882 for stack of size 354 

[0;35m Generating random numbers for stack_size 355...

[0m[1;30m TEST 0: [0m[0;32mOK [0m[1;37m 4862 [0m instructions
[1;30m TEST 1: [0m[0;32mOK [0m[1;37m 4891 [0m instructions
[1;30m TEST 2: [0m[0;32mOK [0m[1;37m 4892 [0m instructions
[1;30m TEST 3: [0m[0;32mOK [0m[1;37m 4875 [0m instructions
[1;30m TEST 4: [0m[0;32mOK [0m[1;37m 4888 [0m instructions
[1;30m TEST 5: [0m[0;32mOK [0m[1;37m 4950 [0m instructions
[1;30m TEST 6: [0m[0;32mOK [0m[1;37m 4793 [0m instructions
[1;30m TEST 7: [0m[0;32mOK [0m[1;37m 4944 [0m instructions
[1;30m TEST 8: [0m[0;32mOK [0m[1;37m 4886 [0m instructions
[1;30m TEST 9: [0m[0;32mOK [0m[1;37m 4654 [0m instructions

Mean: 4863 for stack of size 355 

[0;35m Generating random numbers for stack_size 356...

[0m[1;30m TEST 0: [0m[0;32mOK [0m[1;37m 4926 [0m instructions
[1;30m TEST 1: [0m[0;32mOK [0m[1;37m 4861 [0m instructions
[1;30m TEST 2: [0m[0;32mOK [0m[1;37m 4946 [0m instructions
[1;30m TEST 3: [0m[0;32mOK [0m[1;37m 4936 [0m instructions
[1;30m TEST 4: [0m[0;32mOK [0m[1;37m 4875 [0m instructions
[1;30m TEST 5: [0m[0;32mOK [0m[1;37m 4884 [0m instructions
[1;30m TEST 6: [0m[0;32mOK [0m[1;37m 4922 [0m instructions
[1;30m TEST 7: [0m[0;32mOK [0m[1;37m 4938 [0m instructions
[1;30m TEST 8: [0m[0;32mOK [0m[1;37m 4897 [0m instructions
[1;30m TEST 9: [0m[0;32mOK [0m[1;37m 4905 [0m instructions

Mean: 4909 for stack of size 356 

[0;35m Generating random numbers for stack_size 357...

[0m[1;30m TEST 0: [0m[0;32mOK [0m[1;37m 4947 [0m instructions
[1;30m TEST 1: [0m[0;32mOK [0m[1;37m 4886 [0m instructions
[1;30m TEST 2: [0m[0;32mOK [0m[1;37m 4922 [0m instructions
[1;30m TEST 3: [0m[0;32mOK [0m[1;37m 4889 [0m instructions
[1;30m TEST 4: [0m[0;32mOK [0m[1;37m 4924 [0m instructions
[1;30m TEST 5: [0m[0;32mOK [0m[1;37m 4964 [0m instructions
[1;30m TEST 6: [0m[0;32mOK [0m[1;37m 4940 [0m instructions
[1;30m TEST 7: [0m[0;32mOK [0m[1;37m 4880 [0m instructions
[1;30m TEST 8: [0m[0;32mOK [0m[1;37m 4944 [0m instructions
[1;30m TEST 9: [0m[0;32mOK [0m[1;37m 4965 [0m instructions

Mean: 4926 for stack of size 357 

[0;35m Generating random numbers for stack_size 358...

[0m[1;30m TEST 0: [0m[0;32mOK [0m[1;37m 4902 [0m instructions
[1;30m TEST 1: [0m[0;32mOK [0m[1;37m 4952 [0m instructions
[1;30m TEST 2: [0m[0;32mOK [0m[1;37m 4876 [0m instructions
[1;30m TEST 3: [0m[0;32mOK [0m[1;37m 4942 [0m instructions
[1;30m TEST 4: [0m[0;32mOK [0m[1;37m 4941 [0m instructions
[1;30m TEST 5: [0m[0;32mOK [0m[1;37m 4957 [0m instructions
[1;30m TEST 6: [0m[0;32mOK [0m[1;37m 4955 [0m instructions
[1;30m TEST 7: [0m[0;32mOK [0m[1;37m 4907 [0m instructions
[1;30m TEST 8: [0m[0;32mOK [0m[1;37m 4951 [0m instructions
[1;30m TEST 9: [0m[0;32mOK [0m[1;37m 4930 [0m instructions

Mean: 4931 for stack of size 358 

[0;35m Generating random numbers for stack_size 359...

[0m[1;30m TEST 0: [0m[0;32mOK [0m[1;37m 4923 [0m instructions
[1;30m TEST 1: [0m[0;32mOK [0m[1;37m 4917 [0m instructions
[1;30m TEST 2: [0m[0;32mOK [0m[1;37m 4911 [0m instructions
[1;30m TEST 3: [0m[0;32mOK [0m[1;37m 4927 [0m instructions
[1;30m TEST 4: [0m[0;32mOK [0m[1;37m 4947 [0m instructions
[1;30m TEST 5: [0m[0;32mOK [0m[1;37m 4866 [0m instructions
[1;30m TEST 6: [0m[0;32mOK [0m[1;37m 4929 [0m instructions
[1;30m TEST 7: [0m[0;32mOK [0m[1;37m 4863 [0m instructions
[1;30m TEST 8: [0m[0;32mOK [0m[1;37m 4848 [0m instructions
[1;30m TEST 9: [0m[0;32mOK [0m[1;37m 4887 [0m instructions

Mean: 4901 for stack of size 359 

[0;35m Generating random numbers for stack_size 360...

[0m[1;30m TEST 0: [0m[0;32mOK [0m[1;37m 4924 [0m instructions
[1;30m TEST 1: [0m[0;32mOK [0m[1;37m 4871 [0m instructions
[1;30m TEST 2: [0m[0;32mOK [0m[1;37m 4919 [0m instructions
[1;30m TEST 3: [0m[0;32mOK [0m[1;37m 4930 [0m instructions
[1;30m TEST 4: [0m[0;32mOK [0m[1;37m 4892 [0m instructions
[1;30m TEST 5: [0m[0;32mOK [0m[1;37m 4954 [0m instructions
[1;30m TEST 6: [0m[0;32mOK [0m[1;37m 4978 [0m instructions
[1;30m TEST 7: [0m[0;32mOK [0m[1;37m 4886 [0m instructions
[1;30m TEST 8: [0m[0;32mOK [0m[1;37m 4921 [0m instructions
[1;30m TEST 9: [0m[0;32mOK [0m[1;37m 4953 [0m instructions

Mean: 4922 for stack of size 360 

[0;35m Generating random numbers for stack_size 361...

[0m[1;30m TEST 0: [0m[0;32mOK [0m[1;37m 4972 [0m instructions
[1;30m TEST 1: [0m[0;32mOK [0m[1;37m 4911 [0m instructions
[1;30m TEST 2: [0m[0;32mOK [0m[1;37m 4869 [0m instructions
[1;30m TEST 3: [0m[0;32mOK [0m[1;37m 4898 [0m instructions
[1;30m TEST 4: [0m[0;32mOK [0m[1;37m 4923 [0m instructions
[1;30m TEST 5: [0m[0;32mOK [0m[1;37m 4879 [0m instructions
[1;30m TEST 6: [0m[0;32mOK [0m[1;37m 4908 [0m instructions
[1;30m TEST 7: [0m[0;32mOK [0m[1;37m 4963 [0m instructions
[1;30m TEST 8: [0m[0;32mOK [0m[1;37m 4972 [0m instructions
[1;30m TEST 9: [0m[0;32mOK [0m[1;37m 4931 [0m instructions

Mean: 4922 for stack of size 361 

[0;35m Generating random numbers for stack_size 362...

[0m[1;30m TEST 0: [0m[0;32mOK [0m[1;37m 5012 [0m instructions
[1;30m TEST 1: [0m[0;32mOK [0m[1;37m 4966 [0m instructions
[1;30m TEST 2: [0m[0;32mOK [0m[1;37m 4891 [0m instructions
[1;30m TEST 3: [0m[0;32mOK [0m[1;37m 5026 [0m instructions
[1;30m TEST 4: [0m[0;32mOK [0m[1;37m 4896 [0m instructions
[1;30m TEST 5: [0m[0;32mOK [0m[1;37m 4904 [0m instructions
[1;30m TEST 6: [0m[0;32mOK [0m[1;37m 4888 [0m instructions
[1;30m TEST 7: [0m[0;32mOK [0m[1;37m 4957 [0m instructions
[1;30m TEST 8: [0m[0;32mOK [0m[1;37m 4956 [0m instructions
[1;30m TEST 9: [0m[0;32mOK [0m[1;37m 4933 [0m instructions

Mean: 4942 for stack of size 362 

[0;35m Generating random numbers for stack_size 363...

[0m[1;30m TEST 0: [0m[0;32mOK [0m[1;37m 4958 [0m instructions
[1;30m TEST 1: [0m[0;32mOK [0m[1;37m 4905 [0m instructions
[1;30m TEST 2: [0m[0;32mOK [0m[1;37m 4948 [0m instructions
[1;30m TEST 3: [0m[0;32mOK [0m[1;37m 4912 [0m instructions
[1;30m TEST 4: [0m[0;32mOK [0m[1;37m 4921 [0m instructions
[1;30m TEST 5: [0m[0;32mOK [0m[1;37m 4882 [0m instructions
[1;30m TEST 6: [0m[0;32mOK [0m[1;37m 4954 [0m instructions
[1;30m TEST 7: [0m[0;32mOK [0m[1;37m 4913 [0m instructions
[1;30m TEST 8: [0m[0;32mOK [0m[1;37m 4939 [0m instructions
[1;30m TEST 9: [0m[0;32mOK [0m[1;37m 4949 [0m instructions

Mean: 4928 for stack of size 363 

[0;35m Generating random numbers for stack_size 364...

[0m[1;30m TEST 0: [0m[0;32mOK [0m[1;37m 4935 [0m instructions
[1;30m TEST 1: [0m[0;32mOK [0m[1;37m 4957 [0m instructions
[1;30m TEST 2: [0m[0;32mOK [0m[1;37m 4931 [0m instructions
[1;30m TEST 3: [0m[0;32mOK [0m[1;37m 4895 [0m instructions
[1;30m TEST 4: [0m[0;32mOK [0m[1;37m 4932 [0m instructions
[1;30m TEST 5: [0m[0;32mOK [0m[1;37m 4957 [0m instructions
[1;30m TEST 6: [0m[0;32mOK [0m[1;37m 4966 [0m instructions
[1;30m TEST 7: [0m[0;32mOK [0m[1;37m 4949 [0m instructions
[1;30m TEST 8: [0m[0;32mOK [0m[1;37m 4938 [0m instructions
[1;30m TEST 9: [0m[0;32mOK [0m[1;37m 4939 [0m instructions

Mean: 4939 for stack of size 364 

[0;35m Generating random numbers for stack_size 365...

[0m[1;30m TEST 0: [0m[0;32mOK [0m[1;37m 4901 [0m instructions
[1;30m TEST 1: [0m[0;32mOK [0m[1;37m 4994 [0m instructions
[1;30m TEST 2: [0m[0;32mOK [0m[1;37m 4906 [0m instructions
[1;30m TEST 3: [0m[0;32mOK [0m[1;37m 4955 [0m instructions
[1;30m TEST 4: [0m[0;32mOK [0m[1;37m 4970 [0m instructions
[1;30m TEST 5: [0m[0;32mOK [0m[1;37m 4939 [0m instructions
[1;30m TEST 6: [0m[0;32mOK [0m[1;37m 4917 [0m instructions
[1;30m TEST 7: [0m[0;32mOK [0m[1;37m 5012 [0m instructions
[1;30m TEST 8: [0m[0;32mOK [0m[1;37m 4931 [0m instructions
[1;30m TEST 9: [0m[0;32mOK [0m[1;37m 4947 [0m instructions

Mean: 4947 for stack of size 365 

[0;35m Generating random numbers for stack_size 366...

[0m[1;30m TEST 0: [0m[0;32mOK [0m[1;37m 5011 [0m instructions
[1;30m TEST 1: [0m[0;32mOK [0m[1;37m 4967 [0m instructions
[1;30m TEST 2: [0m[0;32mOK [0m[1;37m 4971 [0m instructions
[1;30m TEST 3: [0m[0;32mOK [0m[1;37m 4994 [0m instructions
[1;30m TEST 4: [0m[0;32mOK [0m[1;37m 4953 [0m instructions
[1;30m TEST 5: [0m[0;32mOK [0m[1;37m 4957 [0m instructions
[1;30m TEST 6: [0m[0;32mOK [0m[1;37m 4940 [0m instructions
[1;30m TEST 7: [0m[0;32mOK [0m[1;37m 4979 [0m instructions
[1;30m TEST 8: [0m[0;32mOK [0m[1;37m 4961 [0m instructions
[1;30m TEST 9: [0m[0;32mOK [0m[1;37m 4947 [0m instructions

Mean: 4968 for stack of size 366 

[0;35m Generating random numbers for stack_size 367...

[0m[1;30m TEST 0: [0m[0;32mOK [0m[1;37m 4888 [0m instructions
[1;30m TEST 1: [0m[0;32mOK [0m[1;37m 4960 [0m instructions
[1;30m TEST 2: [0m[0;32mOK [0m[1;37m 4948 [0m instructions
[1;30m TEST 3: [0m[0;32mOK [0m[1;37m 4950 [0m instructions
[1;30m TEST 4: [0m[0;32mOK [0m[1;37m 5002 [0m instructions
[1;30m TEST 5: [0m[0;32mOK [0m[1;37m 5017 [0m instructions
[1;30m TEST 6: [0m[0;32mOK [0m[1;37m 4960 [0m instructions
[1;30m TEST 7: [0m[0;32mOK [0m[1;37m 4949 [0m instructions
[1;30m TEST 8: [0m[0;32mOK [0m[1;37m 4966 [0m instructions
[1;30m TEST 9: [0m[0;32mOK [0m[1;37m 4970 [0m instructions

Mean: 4961 for stack of size 367 

[0;35m Generating random numbers for stack_size 368...

[0m[1;30m TEST 0: [0m[0;32mOK [0m[1;37m 4842 [0m instructions
[1;30m TEST 1: [0m[0;32mOK [0m[1;37m 4789 [0m instructions
[1;30m TEST 2: [0m[0;32mOK [0m[1;37m 4789 [0m instructions
[1;30m TEST 3: [0m[0;32mOK [0m[1;37m 4794 [0m instructions
[1;30m TEST 4: [0m[0;32mOK [0m[1;37m 4780 [0m instructions
[1;30m TEST 5: [0m[0;32mOK [0m[1;37m 4750 [0m instructions
[1;30m TEST 6: [0m[0;32mOK [0m[1;37m 4774 [0m instructions
[1;30m TEST 7: [0m[0;32mOK [0m[1;37m 4806 [0m instructions
[1;30m TEST 8: [0m[0;32mOK [0m[1;37m 4778 [0m instructions
[1;30m TEST 9: [0m[0;32mOK [0m[1;37m 4774 [0m instructions

Mean: 4787 for stack of size 368 

[0;35m Generating random numbers for stack_size 369...

[0m[1;30m TEST 0: [0m[0;32mOK [0m[1;37m 5110 [0m instructions
[1;30m TEST 1: [0m[0;32mOK [0m[1;37m 5167 [0m instructions
[1;30m TEST 2: [0m[0;32mOK [0m[1;37m 4994 [0m instructions
[1;30m TEST 3: [0m[0;32mOK [0m[1;37m 5135 [0m instructions
[1;30m TEST 4: [0m[0;32mOK [0m[1;37m 5164 [0m instructions
[1;30m TEST 5: [0m[0;32mOK [0m[1;37m 4899 [0m instructions
[1;30m TEST 6: [0m[0;32mOK [0m[1;37m 5125 [0m instructions
[1;30m TEST 7: [0m[0;32mOK [0m[1;37m 5137 [0m instructions
[1;30m TEST 8: [0m[0;32mOK [0m[1;37m 4994 [0m instructions
[1;30m TEST 9: [0m[0;32mOK [0m[1;37m 5167 [0m instructions

Mean: 5089 for stack of size 369 

[0;35m Generating random numbers for stack_size 370...

[0m[1;30m TEST 0: [0m[0;32mOK [0m[1;37m 5212 [0m instructions
[1;30m TEST 1: [0m[0;32mOK [0m[1;37m 5191 [0m instructions
[1;30m TEST 2: [0m[0;32mOK [0m[1;37m 5125 [0m instructions
[1;30m TEST 3: [0m[0;32mOK [0m[1;37m 5225 [0m instructions
[1;30m TEST 4: [0m[0;32mOK [0m[1;37m 5223 [0m instructions
[1;30m TEST 5: [0m[0;32mOK [0m[1;37m 5062 [0m instructions
[1;30m TEST 6: [0m[0;32mOK [0m[1;37m 5160 [0m instructions
[1;30m TEST 7: [0m[0;32mOK [0m[1;37m 5218 [0m instructions
[1;30m TEST 8: [0m[0;32mOK [0m[1;37m 4932 [0m instructions
[1;30m TEST 9: [0m[0;32mOK [0m[1;37m 5131 [0m instructions

Mean: 5147 for stack of size 370 

[0;35m Generating random numbers for stack_size 371...

[0m[1;30m TEST 0: [0m[0;32mOK [0m[1;37m 5227 [0m instructions
[1;30m TEST 1: [0m[0;32mOK [0m[1;37m 5136 [0m instructions
[1;30m TEST 2: [0m[0;32mOK [0m[1;37m 5174 [0m instructions
[1;30m TEST 3: [0m[0;32mOK [0m[1;37m 5237 [0m instructions
[1;30m TEST 4: [0m[0;32mOK [0m[1;37m 5171 [0m instructions
[1;30m TEST 5: [0m[0;32mOK [0m[1;37m 5229 [0m instructions
[1;30m TEST 6: [0m[0;32mOK [0m[1;37m 5220 [0m instructions
[1;30m TEST 7: [0m[0;32mOK [0m[1;37m 5187 [0m instructions
[1;30m TEST 8: [0m[0;32mOK [0m[1;37m 5173 [0m instructions
[1;30m TEST 9: [0m[0;32mOK [0m[1;37m 5218 [0m instructions

Mean: 5197 for stack of size 371 

[0;35m Generating random numbers for stack_size 372...

[0m[1;30m TEST 0: [0m[0;32mOK [0m[1;37m 5170 [0m instructions
[1;30m TEST 1: [0m[0;32mOK [0m[1;37m 5201 [0m instructions
[1;30m TEST 2: [0m[0;32mOK [0m[1;37m 5227 [0m instructions
[1;30m TEST 3: [0m[0;32mOK [0m[1;37m 5088 [0m instructions
[1;30m TEST 4: [0m[0;32mOK [0m[1;37m 5184 [0m instructions
[1;30m TEST 5: [0m[0;32mOK [0m[1;37m 5076 [0m instructions
[1;30m TEST 6: [0m[0;32mOK [0m[1;37m 5246 [0m instructions
[1;30m TEST 7: [0m[0;32mOK [0m[1;37m 5183 [0m instructions
[1;30m TEST 8: [0m[0;32mOK [0m[1;37m 5146 [0m instructions
[1;30m TEST 9: [0m[0;32mOK [0m[1;37m 5171 [0m instructions

Mean: 5169 for stack of size 372 

[0;35m Generating random numbers for stack_size 373...

[0m[1;30m TEST 0: [0m[0;32mOK [0m[1;37m 5226 [0m instructions
[1;30m TEST 1: [0m[0;32mOK [0m[1;37m 5220 [0m instructions
[1;30m TEST 2: [0m[0;32mOK [0m[1;37m 5189 [0m instructions
[1;30m TEST 3: [0m[0;32mOK [0m[1;37m 5095 [0m instructions
[1;30m TEST 4: [0m[0;32mOK [0m[1;37m 5222 [0m instructions
[1;30m TEST 5: [0m[0;32mOK [0m[1;37m 5148 [0m instructions
[1;30m TEST 6: [0m[0;32mOK [0m[1;37m 5212 [0m instructions
[1;30m TEST 7: [0m[0;32mOK [0m[1;37m 5211 [0m instructions
[1;30m TEST 8: [0m[0;32mOK [0m[1;37m 5174 [0m instructions
[1;30m TEST 9: [0m[0;32mOK [0m[1;37m 5216 [0m instructions

Mean: 5191 for stack of size 373 

[0;35m Generating random numbers for stack_size 374...

[0m[1;30m TEST 0: [0m[0;32mOK [0m[1;37m 5165 [0m instructions
[1;30m TEST 1: [0m[0;32mOK [0m[1;37m 5183 [0m instructions
[1;30m TEST 2: [0m[0;32mOK [0m[1;37m 5190 [0m instructions
[1;30m TEST 3: [0m[0;32mOK [0m[1;37m 5191 [0m instructions
[1;30m TEST 4: [0m[0;32mOK [0m[1;37m 5166 [0m instructions
[1;30m TEST 5: [0m[0;32mOK [0m[1;37m 5200 [0m instructions
[1;30m TEST 6: [0m[0;32mOK [0m[1;37m 5162 [0m instructions
[1;30m TEST 7: [0m[0;32mOK [0m[1;37m 5191 [0m instructions
[1;30m TEST 8: [0m[0;32mOK [0m[1;37m 5126 [0m instructions
[1;30m TEST 9: [0m[0;32mOK [0m[1;37m 5145 [0m instructions

Mean: 5171 for stack of size 374 

[0;35m Generating random numbers for stack_size 375...

[0m[1;30m TEST 0: [0m[0;32mOK [0m[1;37m 5220 [0m instructions
[1;30m TEST 1: [0m[0;32mOK [0m[1;37m 5190 [0m instructions
[1;30m TEST 2: [0m[0;32mOK [0m[1;37m 5179 [0m instructions
[1;30m TEST 3: [0m[0;32mOK [0m[1;37m 5239 [0m instructions
[1;30m TEST 4: [0m[0;32mOK [0m[1;37m 5181 [0m instructions
[1;30m TEST 5: [0m[0;32mOK [0m[1;37m 5204 [0m instructions
[1;30m TEST 6: [0m[0;32mOK [0m[1;37m 5194 [0m instructions
[1;30m TEST 7: [0m[0;32mOK [0m[1;37m 5171 [0m instructions
[1;30m TEST 8: [0m[0;32mOK [0m[1;37m 5196 [0m instructions
[1;30m TEST 9: [0m[0;32mOK [0m[1;37m 5151 [0m instructions

Mean: 5192 for stack of size 375 

[0;35m Generating random numbers for stack_size 376...

[0m[1;30m TEST 0: [0m[0;32mOK [0m[1;37m 5198 [0m instructions
[1;30m TEST 1: [0m[0;32mOK [0m[1;37m 5214 [0m instructions
[1;30m TEST 2: [0m[0;32mOK [0m[1;37m 5199 [0m instructions
[1;30m TEST 3: [0m[0;32mOK [0m[1;37m 5208 [0m instructions
[1;30m TEST 4: [0m[0;32mOK [0m[1;37m 5214 [0m instructions
[1;30m TEST 5: [0m[0;32mOK [0m[1;37m 5209 [0m instructions
[1;30m TEST 6: [0m[0;32mOK [0m[1;37m 5220 [0m instructions
[1;30m TEST 7: [0m[0;32mOK [0m[1;37m 5238 [0m instructions
[1;30m TEST 8: [0m[0;32mOK [0m[1;37m 5188 [0m instructions
[1;30m TEST 9: [0m[0;32mOK [0m[1;37m 5164 [0m instructions

Mean: 5205 for stack of size 376 

[0;35m Generating random numbers for stack_size 377...

[0m[1;30m TEST 0: [0m[0;32mOK [0m[1;37m 5211 [0m instructions
[1;30m TEST 1: [0m[0;32mOK [0m[1;37m 5289 [0m instructions
[1;30m TEST 2: [0m[0;32mOK [0m[1;37m 5241 [0m instructions
[1;30m TEST 3: [0m[0;32mOK [0m[1;37m 5135 [0m instructions
[1;30m TEST 4: [0m[0;32mOK [0m[1;37m 5196 [0m instructions
[1;30m TEST 5: [0m[0;32mOK [0m[1;37m 5138 [0m instructions
[1;30m TEST 6: [0m[0;32mOK [0m[1;37m 5209 [0m instructions
[1;30m TEST 7: [0m[0;32mOK [0m[1;37m 5213 [0m instructions
[1;30m TEST 8: [0m[0;32mOK [0m[1;37m 5256 [0m instructions
[1;30m TEST 9: [0m[0;32mOK [0m[1;37m 5233 [0m instructions

Mean: 5212 for stack of size 377 

[0;35m Generating random numbers for stack_size 378...

[0m[1;30m TEST 0: [0m[0;32mOK [0m[1;37m 5214 [0m instructions
[1;30m TEST 1: [0m[0;32mOK [0m[1;37m 5232 [0m instructions
[1;30m TEST 2: [0m[0;32mOK [0m[1;37m 5181 [0m instructions
[1;30m TEST 3: [0m[0;32mOK [0m[1;37m 5223 [0m instructions
[1;30m TEST 4: [0m[0;32mOK [0m[1;37m 5185 [0m instructions
[1;30m TEST 5: [0m[0;32mOK [0m[1;37m 5224 [0m instructions
[1;30m TEST 6: [0m[0;32mOK [0m[1;37m 5222 [0m instructions
[1;30m TEST 7: [0m[0;32mOK [0m[1;37m 5194 [0m instructions
[1;30m TEST 8: [0m[0;32mOK [0m[1;37m 5161 [0m instructions
[1;30m TEST 9: [0m[0;32mOK [0m[1;37m 5182 [0m instructions

Mean: 5201 for stack of size 378 

[0;35m Generating random numbers for stack_size 379...

[0m[1;30m TEST 0: [0m[0;32mOK [0m[1;37m 5182 [0m instructions
[1;30m TEST 1: [0m[0;32mOK [0m[1;37m 5178 [0m instructions
[1;30m TEST 2: [0m[0;32mOK [0m[1;37m 5221 [0m instructions
[1;30m TEST 3: [0m[0;32mOK [0m[1;37m 5226 [0m instructions
[1;30m TEST 4: [0m[0;32mOK [0m[1;37m 5279 [0m instructions
[1;30m TEST 5: [0m[0;32mOK [0m[1;37m 5215 [0m instructions
[1;30m TEST 6: [0m[0;32mOK [0m[1;37m 5171 [0m instructions
[1;30m TEST 7: [0m[0;32mOK [0m[1;37m 5193 [0m instructions
[1;30m TEST 8: [0m[0;32mOK [0m[1;37m 5223 [0m instructions
[1;30m TEST 9: [0m[0;32mOK [0m[1;37m 5271 [0m instructions

Mean: 5215 for stack of size 379 

[0;35m Generating random numbers for stack_size 380...

[0m[1;30m TEST 0: [0m[0;32mOK [0m[1;37m 5215 [0m instructions
[1;30m TEST 1: [0m[0;32mOK [0m[1;37m 5224 [0m instructions
[1;30m TEST 2: [0m[0;32mOK [0m[1;37m 5245 [0m instructions
[1;30m TEST 3: [0m[0;32mOK [0m[1;37m 5245 [0m instructions
[1;30m TEST 4: [0m[0;32mOK [0m[1;37m 5272 [0m instructions
[1;30m TEST 5: [0m[0;32mOK [0m[1;37m 5196 [0m instructions
[1;30m TEST 6: [0m[0;32mOK [0m[1;37m 5208 [0m instructions
[1;30m TEST 7: [0m[0;32mOK [0m[1;37m 5217 [0m instructions
[1;30m TEST 8: [0m[0;32mOK [0m[1;37m 5170 [0m instructions
[1;30m TEST 9: [0m[0;32mOK [0m[1;37m 5246 [0m instructions

Mean: 5223 for stack of size 380 

[0;35m Generating random numbers for stack_size 381...

[0m[1;30m TEST 0: [0m[0;32mOK [0m[1;37m 5328 [0m instructions
[1;30m TEST 1: [0m[0;32mOK [0m[1;37m 5205 [0m instructions
[1;30m TEST 2: [0m[0;32mOK [0m[1;37m 5140 [0m instructions
[1;30m TEST 3: [0m[0;32mOK [0m[1;37m 5250 [0m instructions
[1;30m TEST 4: [0m[0;32mOK [0m[1;37m 5211 [0m instructions
[1;30m TEST 5: [0m[0;32mOK [0m[1;37m 5175 [0m instructions
[1;30m TEST 6: [0m[0;32mOK [0m[1;37m 5143 [0m instructions
[1;30m TEST 7: [0m[0;32mOK [0m[1;37m 5216 [0m instructions
[1;30m TEST 8: [0m[0;32mOK [0m[1;37m 5267 [0m instructions
[1;30m TEST 9: [0m[0;32mOK [0m[1;37m 5263 [0m instructions

Mean: 5219 for stack of size 381 

[0;35m Generating random numbers for stack_size 382...

[0m[1;30m TEST 0: [0m[0;32mOK [0m[1;37m 5209 [0m instructions
[1;30m TEST 1: [0m[0;32mOK [0m[1;37m 5279 [0m instructions
[1;30m TEST 2: [0m[0;32mOK [0m[1;37m 5227 [0m instructions
[1;30m TEST 3: [0m[0;32mOK [0m[1;37m 5221 [0m instructions
[1;30m TEST 4: [0m[0;32mOK [0m[1;37m 5267 [0m instructions
[1;30m TEST 5: [0m[0;32mOK [0m[1;37m 5218 [0m instructions
[1;30m TEST 6: [0m[0;32mOK [0m[1;37m 5220 [0m instructions
[1;30m TEST 7: [0m[0;32mOK [0m[1;37m 5240 [0m instructions
[1;30m TEST 8: [0m[0;32mOK [0m[1;37m 5301 [0m instructions
[1;30m TEST 9: [0m[0;32mOK [0m[1;37m 5225 [0m instructions

Mean: 5240 for stack of size 382 

[0;35m Generating random numbers for stack_size 383...

[0m[1;30m TEST 0: [0m[0;32mOK [0m[1;37m 5320 [0m instructions
[1;30m TEST 1: [0m[0;32mOK [0m[1;37m 5191 [0m instructions
[1;30m TEST 2: [0m[0;32mOK [0m[1;37m 5288 [0m instructions
[1;30m TEST 3: [0m[0;32mOK [0m[1;37m 5302 [0m instructions
[1;30m TEST 4: [0m[0;32mOK [0m[1;37m 5250 [0m instructions
[1;30m TEST 5: [0m[0;32mOK [0m[1;37m 5275 [0m instructions
[1;30m TEST 6: [0m[0;32mOK [0m[1;37m 5271 [0m instructions
[1;30m TEST 7: [0m[0;32mOK [0m[1;37m 5228 [0m instructions
[1;30m TEST 8: [0m[0;32mOK [0m[1;37m 5222 [0m instructions
[1;30m TEST 9: [0m[0;32mOK [0m[1;37m 5245 [0m instructions

Mean: 5259 for stack of size 383 

[0;35m Generating random numbers for stack_size 384...

[0m[1;30m TEST 0: [0m[0;32mOK [0m[1;37m 4949 [0m instructions
[1;30m TEST 1: [0m[0;32mOK [0m[1;37m 5018 [0m instructions
[1;30m TEST 2: [0m[0;32mOK [0m[1;37m 5082 [0m instructions
[1;30m TEST 3: [0m[0;32mOK [0m[1;37m 5113 [0m instructions
[1;30m TEST 4: [0m[0;32mOK [0m[1;37m 4991 [0m instructions
[1;30m TEST 5: [0m[0;32mOK [0m[1;37m 5073 [0m instructions
[1;30m TEST 6: [0m[0;32mOK [0m[1;37m 5050 [0m instructions
[1;30m TEST 7: [0m[0;32mOK [0m[1;37m 5073 [0m instructions
[1;30m TEST 8: [0m[0;32mOK [0m[1;37m 5045 [0m instructions
[1;30m TEST 9: [0m[0;32mOK [0m[1;37m 4988 [0m instructions

Mean: 5038 for stack of size 384 

[0;35m Generating random numbers for stack_size 385...

[0m[1;30m TEST 0: [0m[0;32mOK [0m[1;37m 5458 [0m instructions
[1;30m TEST 1: [0m[0;32mOK [0m[1;37m 5268 [0m instructions
[1;30m TEST 2: [0m[0;32mOK [0m[1;37m 5435 [0m instructions
[1;30m TEST 3: [0m[0;32mOK [0m[1;37m 5142 [0m instructions
[1;30m TEST 4: [0m[0;32mOK [0m[1;37m 5480 [0m instructions
[1;30m TEST 5: [0m[0;32mOK [0m[1;37m 5227 [0m instructions
[1;30m TEST 6: [0m[0;32mOK [0m[1;37m 5019 [0m instructions
[1;30m TEST 7: [0m[0;32mOK [0m[1;37m 5270 [0m instructions
[1;30m TEST 8: [0m[0;32mOK [0m[1;37m 5398 [0m instructions
[1;30m TEST 9: [0m[0;32mOK [0m[1;37m 5166 [0m instructions

Mean: 5286 for stack of size 385 

[0;35m Generating random numbers for stack_size 386...

[0m[1;30m TEST 0: [0m[0;32mOK [0m[1;37m 5463 [0m instructions
[1;30m TEST 1: [0m[0;32mOK [0m[1;37m 5260 [0m instructions
[1;30m TEST 2: [0m[0;32mOK [0m[1;37m 5454 [0m instructions
[1;30m TEST 3: [0m[0;32mOK [0m[1;37m 5306 [0m instructions
[1;30m TEST 4: [0m[0;32mOK [0m[1;37m 5421 [0m instructions
[1;30m TEST 5: [0m[0;32mOK [0m[1;37m 5416 [0m instructions
[1;30m TEST 6: [0m[0;32mOK [0m[1;37m 5168 [0m instructions
[1;30m TEST 7: [0m[0;32mOK [0m[1;37m 5423 [0m instructions
[1;30m TEST 8: [0m[0;32mOK [0m[1;37m 5474 [0m instructions
[1;30m TEST 9: [0m[0;32mOK [0m[1;37m 5414 [0m instructions

Mean: 5379 for stack of size 386 

[0;35m Generating random numbers for stack_size 387...

[0m[1;30m TEST 0: [0m[0;32mOK [0m[1;37m 5394 [0m instructions
[1;30m TEST 1: [0m[0;32mOK [0m[1;37m 5488 [0m instructions
[1;30m TEST 2: [0m[0;32mOK [0m[1;37m 5487 [0m instructions
[1;30m TEST 3: [0m[0;32mOK [0m[0;34m 5502 [0m instructions
[1;30m TEST 4: [0m[0;32mOK [0m[1;37m 5430 [0m instructions
[1;30m TEST 5: [0m[0;32mOK [0m[1;37m 5447 [0m instructions
[1;30m TEST 6: [0m[0;32mOK [0m[1;37m 5376 [0m instructions
[1;30m TEST 7: [0m[0;32mOK [0m[1;37m 5404 [0m instructions
[1;30m TEST 8: [0m[0;32mOK [0m[1;37m 5351 [0m instructions
[1;30m TEST 9: [0m[0;32mOK [0m[1;37m 5444 [0m instructions

Mean: 5432 for stack of size 387 

[0;35m Generating random numbers for stack_size 388...

[0m[1;30m TEST 0: [0m[0;32mOK [0m[1;37m 5460 [0m instructions
[1;30m TEST 1: [0m[0;32mOK [0m[1;37m 5483 [0m instructions
[1;30m TEST 2: [0m[0;32mOK [0m[1;37m 5247 [0m instructions
[1;30m TEST 3: [0m[0;32mOK [0m[1;37m 5444 [0m instructions
[1;30m TEST 4: [0m[0;32mOK [0m[1;37m 5483 [0m instructions
[1;30m TEST 5: [0m[0;32mOK [0m[1;37m 5455 [0m instructions
[1;30m TEST 6: [0m[0;32mOK [0m[1;37m 5483 [0m instructions
[1;30m TEST 7: [0m[0;32mOK [0m[1;37m 5476 [0m instructions
[1;30m TEST 8: [0m[0;32mOK [0m[1;37m 5459 [0m instructions
[1;30m TEST 9: [0m[0;32mOK [0m[0;34m 5519 [0m instructions

Mean: 5450 for stack of size 388 

[0;35m Generating random numbers for stack_size 389...

[0m[1;30m TEST 0: [0m[0;32mOK [0m[0;34m 5518 [0m instructions
[1;30m TEST 1: [0m[0;32mOK [0m[1;37m 5409 [0m instructions
[1;30m TEST 2: [0m[0;32mOK [0m[0;34m 5521 [0m instructions
[1;30m TEST 3: [0m[0;32mOK [0m[1;37m 5429 [0m instructions
[1;30m TEST 4: [0m[0;32mOK [0m[1;37m 5437 [0m instructions
[1;30m TEST 5: [0m[0;32mOK [0m[1;37m 5495 [0m instructions
[1;30m TEST 6: [0m[0;32mOK [0m[1;37m 5466 [0m instructions
[1;30m TEST 7: [0m[0;32mOK [0m[1;37m 5354 [0m instructions
[1;30m TEST 8: [0m[0;32mOK [0m[1;37m 5487 [0m instructions
[1;30m TEST 9: [0m[0;32mOK [0m[1;37m 5369 [0m instructions

Mean: 5448 for stack of size 389 

[0;35m Generating random numbers for stack_size 390...

[0m[1;30m TEST 0: [0m[0;32mOK [0m[1;37m 5489 [0m instructions
[1;30m TEST 1: [0m[0;32mOK [0m[0;34m 5564 [0m instructions
[1;30m TEST 2: [0m[0;32mOK [0m[1;37m 5413 [0m instructions
[1;30m TEST 3: [0m[0;32mOK [0m[0;34m 5521 [0m instructions
[1;30m TEST 4: [0m[0;32mOK [0m[1;37m 5496 [0m instructions
[1;30m TEST 5: [0m[0;32mOK [0m[1;37m 5375 [0m instructions
[1;30m TEST 6: [0m[0;32mOK [0m[1;37m 5448 [0m instructions
[1;30m TEST 7: [0m[0;32mOK [0m[1;37m 5466 [0m instructions
[1;30m TEST 8: [0m[0;32mOK [0m[1;37m 5448 [0m instructions
[1;30m TEST 9: [0m[0;32mOK [0m[1;37m 5436 [0m instructions

Mean: 5465 for stack of size 390 

[0;35m Generating random numbers for stack_size 391...

[0m[1;30m TEST 0: [0m[0;32mOK [0m[0;34m 5557 [0m instructions
[1;30m TEST 1: [0m[0;32mOK [0m[1;37m 5490 [0m instructions
[1;30m TEST 2: [0m[0;32mOK [0m[1;37m 5490 [0m instructions
[1;30m TEST 3: [0m[0;32mOK [0m[1;37m 5395 [0m instructions
[1;30m TEST 4: [0m[0;32mOK [0m[0;34m 5500 [0m instructions
[1;30m TEST 5: [0m[0;32mOK [0m[0;34m 5513 [0m instructions
[1;30m TEST 6: [0m[0;32mOK [0m[1;37m 5442 [0m instructions
[1;30m TEST 7: [0m[0;32mOK [0m[0;34m 5502 [0m instructions
[1;30m TEST 8: [0m[0;32mOK [0m[0;34m 5594 [0m instructions
[1;30m TEST 9: [0m[0;32mOK [0m[1;37m 5478 [0m instructions

Mean: 5496 for stack of size 391 

[0;35m Generating random numbers for stack_size 392...

[0m[1;30m TEST 0: [0m[0;32mOK [0m[1;37m 5484 [0m instructions
[1;30m TEST 1: [0m[0;32mOK [0m[1;37m 5448 [0m instructions
[1;30m TEST 2: [0m[0;32mOK [0m[1;37m 5476 [0m instructions
[1;30m TEST 3: [0m[0;32mOK [0m[1;37m 5493 [0m instructions
[1;30m TEST 4: [0m[0;32mOK [0m[1;37m 5445 [0m instructions
[1;30m TEST 5: [0m[0;32mOK [0m[1;37m 5499 [0m instructions
[1;30m TEST 6: [0m[0;32mOK [0m[0;34m 5525 [0m instructions
[1;30m TEST 7: [0m[0;32mOK [0m[0;34m 5500 [0m instructions
[1;30m TEST 8: [0m[0;32mOK [0m[1;37m 5483 [0m instructions
[1;30m TEST 9: [0m[0;32mOK [0m[1;37m 5452 [0m instructions

Mean: 5480 for stack of size 392 

[0;35m Generating random numbers for stack_size 393...

[0m[1;30m TEST 0: [0m[0;32mOK [0m[1;37m 5402 [0m instructions
[1;30m TEST 1: [0m[0;32mOK [0m[1;37m 5485 [0m instructions
[1;30m TEST 2: [0m[0;32mOK [0m[0;34m 5530 [0m instructions
[1;30m TEST 3: [0m[0;32mOK [0m[1;37m 5495 [0m instructions
[1;30m TEST 4: [0m[0;32mOK [0m[0;34m 5540 [0m instructions
[1;30m TEST 5: [0m[0;32mOK [0m[1;37m 5483 [0m instructions
[1;30m TEST 6: [0m[0;32mOK [0m[1;37m 5491 [0m instructions
[1;30m TEST 7: [0m[0;32mOK [0m[0;34m 5566 [0m instructions
[1;30m TEST 8: [0m[0;32mOK [0m[1;37m 5482 [0m instructions
[1;30m TEST 9: [0m[0;32mOK [0m[1;37m 5458 [0m instructions

Mean: 5493 for stack of size 393 

[0;35m Generating random numbers for stack_size 394...

[0m[1;30m TEST 0: [0m[0;32mOK [0m[1;37m 5495 [0m instructions
[1;30m TEST 1: [0m[0;32mOK [0m[1;37m 5469 [0m instructions
[1;30m TEST 2: [0m[0;32mOK [0m[1;37m 5450 [0m instructions
[1;30m TEST 3: [0m[0;32mOK [0m[0;34m 5509 [0m instructions
[1;30m TEST 4: [0m[0;32mOK [0m[1;37m 5439 [0m instructions
[1;30m TEST 5: [0m[0;32mOK [0m[0;34m 5537 [0m instructions
[1;30m TEST 6: [0m[0;32mOK [0m[1;37m 5459 [0m instructions
[1;30m TEST 7: [0m[0;32mOK [0m[1;37m 5453 [0m instructions
[1;30m TEST 8: [0m[0;32mOK [0m[1;37m 5464 [0m instructions
[1;30m TEST 9: [0m[0;32mOK [0m[1;37m 5470 [0m instructions

Mean: 5474 for stack of size 394 

[0;35m Generating random numbers for stack_size 395...

[0m[1;30m TEST 0: [0m[0;32mOK [0m[1;37m 5453 [0m instructions
[1;30m TEST 1: [0m[0;32mOK [0m[0;34m 5528 [0m instructions
[1;30m TEST 2: [0m[0;32mOK [0m[1;37m 5494 [0m instructions
[1;30m TEST 3: [0m[0;32mOK [0m[1;37m 5459 [0m instructions
[1;30m TEST 4: [0m[0;32mOK [0m[1;37m 5471 [0m instructions
[1;30m TEST 5: [0m[0;32mOK [0m[1;37m 5445 [0m instructions
[1;30m TEST 6: [0m[0;32mOK [0m[1;37m 5430 [0m instructions
[1;30m TEST 7: [0m[0;32mOK [0m[0;34m 5502 [0m instructions
[1;30m TEST 8: [0m[0;32mOK [0m[0;34m 5556 [0m instructions
[1;30m TEST 9: [0m[0;32mOK [0m[0;34m 5512 [0m instructions

Mean: 5485 for stack of size 395 

[0;35m Generating random numbers for stack_size 396...

[0m[1;30m TEST 0: [0m[0;32mOK [0m[0;34m 5550 [0m instructions
[1;30m TEST 1: [0m[0;32mOK [0m[1;37m 5492 [0m instructions
[1;30m TEST 2: [0m[0;32mOK [0m[1;37m 5439 [0m instructions
[1;30m TEST 3: [0m[0;32mOK [0m[1;37m 5447 [0m instructions
[1;30m TEST 4: [0m[0;32mOK [0m[1;37m 5498 [0m instructions
[1;30m TEST 5: [0m[0;32mOK [0m[0;34m 5559 [0m instructions
[1;30m TEST 6: [0m[0;32mOK [0m[1;37m 5421 [0m instructions
[1;30m TEST 7: [0m[0;32mOK [0m[1;37m 5406 [0m instructions
[1;30m TEST 8: [0m[0;32mOK [0m[1;37m 5451 [0m instructions
[1;30m TEST 9: [0m[0;32mOK [0m[1;37m 5475 [0m instructions

Mean: 5473 for stack of size 396 

[0;35m Generating random numbers for stack_size 397...

[0m[1;30m TEST 0: [0m[0;32mOK [0m[0;34m 5500 [0m instructions
[1;30m TEST 1: [0m[0;32mOK [0m[0;34m 5520 [0m instructions
[1;30m TEST 2: [0m[0;32mOK [0m[0;34m 5525 [0m instructions
[1;30m TEST 3: [0m[0;32mOK [0m[1;37m 5487 [0m instructions
[1;30m TEST 4: [0m[0;32mOK [0m[0;34m 5523 [0m instructions
[1;30m TEST 5: [0m[0;32mOK [0m[0;34m 5505 [0m instructions
[1;30m TEST 6: [0m[0;32mOK [0m[1;37m 5468 [0m instructions
[1;30m TEST 7: [0m[0;32mOK [0m[0;34m 5553 [0m instructions
[1;30m TEST 8: [0m[0;32mOK [0m[0;34m 5553 [0m instructions
[1;30m TEST 9: [0m[0;32mOK [0m[1;37m 5485 [0m instructions

Mean: 5511 for stack of size 397 

[0;35m Generating random numbers for stack_size 398...

[0m[1;30m TEST 0: [0m[0;32mOK [0m[0;34m 5547 [0m instructions
[1;30m TEST 1: [0m[0;32mOK [0m[1;37m 5470 [0m instructions
[1;30m TEST 2: [0m[0;32mOK [0m[0;34m 5593 [0m instructions
[1;30m TEST 3: [0m[0;32mOK [0m[0;34m 5581 [0m instructions
[1;30m TEST 4: [0m[0;32mOK [0m[0;34m 5513 [0m instructions
[1;30m TEST 5: [0m[0;32mOK [0m[0;34m 5511 [0m instructions
[1;30m TEST 6: [0m[0;32mOK [0m[0;34m 5540 [0m instructions
[1;30m TEST 7: [0m[0;32mOK [0m[0;34m 5523 [0m instructions
[1;30m TEST 8: [0m[0;32mOK [0m[1;37m 5463 [0m instructions
[1;30m TEST 9: [0m[0;32mOK [0m[0;34m 5576 [0m instructions

Mean: 5531 for stack of size 398 

[0;35m Generating random numbers for stack_size 399...

[0m[1;30m TEST 0: [0m[0;32mOK [0m[0;34m 5555 [0m instructions
[1;30m TEST 1: [0m[0;32mOK [0m[1;37m 5459 [0m instructions
[1;30m TEST 2: [0m[0;32mOK [0m[1;37m 5482 [0m instructions
[1;30m TEST 3: [0m[0;32mOK [0m[0;34m 5568 [0m instructions
[1;30m TEST 4: [0m[0;32mOK [0m[0;34m 5521 [0m instructions
[1;30m TEST 5: [0m[0;32mOK [0m[1;37m 5490 [0m instructions
[1;30m TEST 6: [0m[0;32mOK [0m[1;37m 5477 [0m instructions
[1;30m TEST 7: [0m[0;32mOK [0m[0;34m 5584 [0m instructions
[1;30m TEST 8: [0m[0;32mOK [0m[0;34m 5519 [0m instructions
[1;30m TEST 9: [0m[0;32mOK [0m[0;34m 5548 [0m instructions

Mean: 5520 for stack of size 399 

[0;35m Generating random numbers for stack_size 400...

[0m[1;30m TEST 0: [0m[0;32mOK [0m[0;34m 5671 [0m instructions
[1;30m TEST 1: [0m[0;32mOK [0m[0;34m 5662 [0m instructions
[1;30m TEST 2: [0m[0;32mOK [0m[0;34m 5669 [0m instructions
[1;30m TEST 3: [0m[0;32mOK [0m[0;34m 5686 [0m instructions
[1;30m TEST 4: [0m[0;32mOK [0m[0;34m 5695 [0m instructions
[1;30m TEST 5: [0m[0;32mOK [0m[0;34m 5680 [0m instructions
[1;30m TEST 6: [0m[0;32mOK [0m[0;34m 5670 [0m instructions
[1;30m TEST 7: [0m[0;32mOK [0m[0;34m 5704 [0m instructions
[1;30m TEST 8: [0m[0;32mOK [0m[0;34m 5651 [0m instructions
[1;30m TEST 9: [0m[0;32mOK [0m[0;34m 5679 [0m instructions

Mean: 5676 for stack of size 400 

[0;35m Generating random numbers for stack_size 401...

[0m[1;30m TEST 0: [0m[0;32mOK [0m[0;34m 5685 [0m instructions
[1;30m TEST 1: [0m[0;32mOK [0m[0;34m 5774 [0m instructions
[1;30m TEST 2: [0m[0;32mOK [0m[0;34m 5672 [0m instructions
[1;30m TEST 3: [0m[0;32mOK [0m[0;34m 5682 [0m instructions
[1;30m TEST 4: [0m[0;32mOK [0m[0;34m 5708 [0m instructions
[1;30m TEST 5: [0m[0;32mOK [0m[0;34m 5708 [0m instructions
[1;30m TEST 6: [0m[0;32mOK [0m[0;34m 5706 [0m instructions
[1;30m TEST 7: [0m[0;32mOK [0m[0;34m 5683 [0m instructions
[1;30m TEST 8: [0m[0;32mOK [0m[0;34m 5685 [0m instructions
[1;30m TEST 9: [0m[0;32mOK [0m[0;34m 5726 [0m instructions

Mean: 5702 for stack of size 401 

[0;35m Generating random numbers for stack_size 402...

[0m[1;30m TEST 0: [0m[0;32mOK [0m[0;34m 5694 [0m instructions
[1;30m TEST 1: [0m[0;32mOK [0m[0;34m 5698 [0m instructions
[1;30m TEST 2: [0m[0;32mOK [0m[0;34m 5708 [0m instructions
[1;30m TEST 3: [0m[0;32mOK [0m[0;34m 5674 [0m instructions
[1;30m TEST 4: [0m[0;32mOK [0m[0;34m 5680 [0m instructions
[1;30m TEST 5: [0m[0;32mOK [0m[0;34m 5728 [0m instructions
[1;30m TEST 6: [0m[0;32mOK [0m[0;34m 5751 [0m instructions
[1;30m TEST 7: [0m[0;32mOK [0m[0;34m 5687 [0m instructions
[1;30m TEST 8: [0m[0;32mOK [0m[0;34m 5701 [0m instructions
[1;30m TEST 9: [0m[0;32mOK [0m[0;34m 5694 [0m instructions

Mean: 5701 for stack of size 402 

[0;35m Generating random numbers for stack_size 403...

[0m[1;30m TEST 0: [0m[0;32mOK [0m[0;34m 5694 [0m instructions
[1;30m TEST 1: [0m[0;32mOK [0m[0;34m 5697 [0m instructions
[1;30m TEST 2: [0m[0;32mOK [0m[0;34m 5714 [0m instructions
[1;30m TEST 3: [0m[0;32mOK [0m[0;34m 5721 [0m instructions
[1;30m TEST 4: [0m[0;32mOK [0m[0;34m 5727 [0m instructions
[1;30m TEST 5: [0m[0;32mOK [0m[0;34m 5719 [0m instructions
[1;30m TEST 6: [0m[0;32mOK [0m[0;34m 5706 [0m instructions
[1;30m TEST 7: [0m[0;32mOK [0m[0;34m 5729 [0m instructions
[1;30m TEST 8: [0m[0;32mOK [0m[0;34m 5703 [0m instructions
[1;30m TEST 9: [0m[0;32mOK [0m[0;34m 5721 [0m instructions

Mean: 5713 for stack of size 403 

[0;35m Generating random numbers for stack_size 404...

[0m[1;30m TEST 0: [0m[0;32mOK [0m[0;34m 5714 [0m instructions
[1;30m TEST 1: [0m[0;32mOK [0m[0;34m 5744 [0m instructions
[1;30m TEST 2: [0m[0;32mOK [0m[0;34m 5737 [0m instructions
[1;30m TEST 3: [0m[0;32mOK [0m[0;34m 5758 [0m instructions
[1;30m TEST 4: [0m[0;32mOK [0m[0;34m 5713 [0m instructions
[1;30m TEST 5: [0m[0;32mOK [0m[0;34m 5731 [0m instructions
[1;30m TEST 6: [0m[0;32mOK [0m[0;34m 5724 [0m instructions
[1;30m TEST 7: [0m[0;32mOK [0m[0;34m 5725 [0m instructions
[1;30m TEST 8: [0m[0;32mOK [0m[0;34m 5727 [0m instructions
[1;30m TEST 9: [0m[0;32mOK [0m[0;34m 5747 [0m instructions

Mean: 5732 for stack of size 404 

[0;35m Generating random numbers for stack_size 405...

[0m[1;30m TEST 0: [0m[0;32mOK [0m[0;34m 5734 [0m instructions
[1;30m TEST 1: [0m[0;32mOK [0m[0;34m 5742 [0m instructions
[1;30m TEST 2: [0m[0;32mOK [0m[0;34m 5728 [0m instructions
[1;30m TEST 3: [0m[0;32mOK [0m[0;34m 5752 [0m instructions
[1;30m TEST 4: [0m[0;32mOK [0m[0;34m 5736 [0m instructions
[1;30m TEST 5: [0m[0;32mOK [0m[0;34m 5719 [0m instructions
[1;30m TEST 6: [0m[0;32mOK [0m[0;34m 5763 [0m instructions
[1;30m TEST 7: [0m[0;32mOK [0m[0;34m 5718 [0m instructions
[1;30m TEST 8: [0m[0;32mOK [0m[0;34m 5757 [0m instructions
[1;30m TEST 9: [0m[0;32mOK [0m[0;34m 5747 [0m instructions

Mean: 5739 for stack of size 405 

[0;35m Generating random numbers for stack_size 406...

[0m[1;30m TEST 0: [0m[0;32mOK [0m[0;34m 5757 [0m instructions
[1;30m TEST 1: [0m[0;32mOK [0m[0;34m 5762 [0m instructions
[1;30m TEST 2: [0m[0;32mOK [0m[0;34m 5772 [0m instructions
[1;30m TEST 3: [0m[0;32mOK [0m[0;34m 5712 [0m instructions
[1;30m TEST 4: [0m[0;32mOK [0m[0;34m 5750 [0m instructions
[1;30m TEST 5: [0m[0;32mOK [0m[0;34m 5709 [0m instructions
[1;30m TEST 6: [0m[0;32mOK [0m[0;34m 5740 [0m instructions
[1;30m TEST 7: [0m[0;32mOK [0m[0;34m 5740 [0m instructions
[1;30m TEST 8: [0m[0;32mOK [0m[0;34m 5736 [0m instructions
[1;30m TEST 9: [0m[0;32mOK [0m[0;34m 5697 [0m instructions

Mean: 5737 for stack of size 406 

[0;35m Generating random numbers for stack_size 407...

[0m[1;30m TEST 0: [0m[0;32mOK [0m[0;34m 5720 [0m instructions
[1;30m TEST 1: [0m[0;32mOK [0m[0;34m 5721 [0m instructions
[1;30m TEST 2: [0m[0;32mOK [0m[0;34m 5745 [0m instructions
[1;30m TEST 3: [0m[0;32mOK [0m[0;34m 5740 [0m instructions
[1;30m TEST 4: [0m[0;32mOK [0m[0;34m 5768 [0m instructions
[1;30m TEST 5: [0m[0;32mOK [0m[0;34m 5762 [0m instructions
[1;30m TEST 6: [0m[0;32mOK [0m[0;34m 5772 [0m instructions
[1;30m TEST 7: [0m[0;32mOK [0m[0;34m 5775 [0m instructions
[1;30m TEST 8: [0m[0;32mOK [0m[0;34m 5721 [0m instructions
[1;30m TEST 9: [0m[0;32mOK [0m[0;34m 5790 [0m instructions

Mean: 5751 for stack of size 407 

[0;35m Generating random numbers for stack_size 408...

[0m[1;30m TEST 0: [0m[0;32mOK [0m[0;34m 5761 [0m instructions
[1;30m TEST 1: [0m[0;32mOK [0m[0;34m 5715 [0m instructions
[1;30m TEST 2: [0m[0;32mOK [0m[0;34m 5767 [0m instructions
[1;30m TEST 3: [0m[0;32mOK [0m[0;34m 5801 [0m instructions
[1;30m TEST 4: [0m[0;32mOK [0m[0;34m 5759 [0m instructions
[1;30m TEST 5: [0m[0;32mOK [0m[0;34m 5781 [0m instructions
[1;30m TEST 6: [0m[0;32mOK [0m[0;34m 5737 [0m instructions
[1;30m TEST 7: [0m[0;32mOK [0m[0;34m 5737 [0m instructions
[1;30m TEST 8: [0m[0;32mOK [0m[0;34m 5741 [0m instructions
[1;30m TEST 9: [0m[0;32mOK [0m[0;34m 5726 [0m instructions

Mean: 5752 for stack of size 408 

[0;35m Generating random numbers for stack_size 409...

[0m[1;30m TEST 0: [0m[0;32mOK [0m[0;34m 5780 [0m instructions
[1;30m TEST 1: [0m[0;32mOK [0m[0;34m 5794 [0m instructions
[1;30m TEST 2: [0m[0;32mOK [0m[0;34m 5764 [0m instructions
[1;30m TEST 3: [0m[0;32mOK [0m[0;34m 5740 [0m instructions
[1;30m TEST 4: [0m[0;32mOK [0m[0;34m 5795 [0m instructions
[1;30m TEST 5: [0m[0;32mOK [0m[0;34m 5754 [0m instructions
[1;30m TEST 6: [0m[0;32mOK [0m[0;34m 5741 [0m instructions
[1;30m TEST 7: [0m[0;32mOK [0m[0;34m 5789 [0m instructions
[1;30m TEST 8: [0m[0;32mOK [0m[0;34m 5825 [0m instructions
[1;30m TEST 9: [0m[0;32mOK [0m[0;34m 5778 [0m instructions

Mean: 5776 for stack of size 409 

[0;35m Generating random numbers for stack_size 410...

[0m[1;30m TEST 0: [0m[0;32mOK [0m[0;34m 5784 [0m instructions
[1;30m TEST 1: [0m[0;32mOK [0m[0;34m 5777 [0m instructions
[1;30m TEST 2: [0m[0;32mOK [0m[0;34m 5799 [0m instructions
[1;30m TEST 3: [0m[0;32mOK [0m[0;34m 5774 [0m instructions
[1;30m TEST 4: [0m[0;32mOK [0m[0;34m 5721 [0m instructions
[1;30m TEST 5: [0m[0;32mOK [0m[0;34m 5793 [0m instructions
[1;30m TEST 6: [0m[0;32mOK [0m[0;34m 5817 [0m instructions
[1;30m TEST 7: [0m[0;32mOK [0m[0;34m 5787 [0m instructions
[1;30m TEST 8: [0m[0;32mOK [0m[0;34m 5812 [0m instructions
[1;30m TEST 9: [0m[0;32mOK [0m[0;34m 5728 [0m instructions

Mean: 5779 for stack of size 410 

[0;35m Generating random numbers for stack_size 411...

[0m[1;30m TEST 0: [0m[0;32mOK [0m[0;34m 5748 [0m instructions
[1;30m TEST 1: [0m[0;32mOK [0m[0;34m 5789 [0m instructions
[1;30m TEST 2: [0m[0;32mOK [0m[0;34m 5748 [0m instructions
[1;30m TEST 3: [0m[0;32mOK [0m[0;34m 5763 [0m instructions
[1;30m TEST 4: [0m[0;32mOK [0m[0;34m 5796 [0m instructions
[1;30m TEST 5: [0m[0;32mOK [0m[0;34m 5769 [0m instructions
[1;30m TEST 6: [0m[0;32mOK [0m[0;34m 5789 [0m instructions
[1;30m TEST 7: [0m[0;32mOK [0m[0;34m 5783 [0m instructions
[1;30m TEST 8: [0m[0;32mOK [0m[0;34m 5808 [0m instructions
[1;30m TEST 9: [0m[0;32mOK [0m[0;34m 5792 [0m instructions

Mean: 5778 for stack of size 411 

[0;35m Generating random numbers for stack_size 412...

[0m[1;30m TEST 0: [0m[0;32mOK [0m[0;34m 5788 [0m instructions
[1;30m TEST 1: [0m[0;32mOK [0m[0;34m 5815 [0m instructions
[1;30m TEST 2: [0m[0;32mOK [0m[0;34m 5765 [0m instructions
[1;30m TEST 3: [0m[0;32mOK [0m[0;34m 5785 [0m instructions
[1;30m TEST 4: [0m[0;32mOK [0m[0;34m 5781 [0m instructions
[1;30m TEST 5: [0m[0;32mOK [0m[0;34m 5767 [0m instructions
[1;30m TEST 6: [0m[0;32mOK [0m[0;34m 5779 [0m instructions
[1;30m TEST 7: [0m[0;32mOK [0m[0;34m 5800 [0m instructions
[1;30m TEST 8: [0m[0;32mOK [0m[0;34m 5790 [0m instructions
[1;30m TEST 9: [0m[0;32mOK [0m[0;34m 5774 [0m instructions

Mean: 5784 for stack of size 412 

[0;35m Generating random numbers for stack_size 413...

[0m[1;30m TEST 0: [0m[0;32mOK [0m[0;34m 5818 [0m instructions
[1;30m TEST 1: [0m[0;32mOK [0m[0;34m 5824 [0m instructions
[1;30m TEST 2: [0m[0;32mOK [0m[0;34m 5813 [0m instructions
[1;30m TEST 3: [0m[0;32mOK [0m[0;34m 5809 [0m instructions
[1;30m TEST 4: [0m[0;32mOK [0m[0;34m 5806 [0m instructions
[1;30m TEST 5: [0m[0;32mOK [0m[0;34m 5794 [0m instructions
[1;30m TEST 6: [0m[0;32mOK [0m[0;34m 5766 [0m instructions
[1;30m TEST 7: [0m[0;32mOK [0m[0;34m 5848 [0m instructions
[1;30m TEST 8: [0m[0;32mOK [0m[0;34m 5840 [0m instructions
[1;30m TEST 9: [0m[0;32mOK [0m[0;34m 5812 [0m instructions

Mean: 5813 for stack of size 413 

[0;35m Generating random numbers for stack_size 414...

[0m[1;30m TEST 0: [0m[0;32mOK [0m[0;34m 5784 [0m instructions
[1;30m TEST 1: [0m[0;32mOK [0m[0;34m 5801 [0m instructions
[1;30m TEST 2: [0m[0;32mOK [0m[0;34m 5820 [0m instructions
[1;30m TEST 3: [0m[0;32mOK [0m[0;34m 5842 [0m instructions
[1;30m TEST 4: [0m[0;32mOK [0m[0;34m 5821 [0m instructions
[1;30m TEST 5: [0m[0;32mOK [0m[0;34m 5808 [0m instructions
[1;30m TEST 6: [0m[0;32mOK [0m[0;34m 5816 [0m instructions
[1;30m TEST 7: [0m[0;32mOK [0m[0;34m 5769 [0m instructions
[1;30m TEST 8: [0m[0;32mOK [0m[0;34m 5812 [0m instructions
[1;30m TEST 9: [0m[0;32mOK [0m[0;34m 5824 [0m instructions

Mean: 5809 for stack of size 414 

[0;35m Generating random numbers for stack_size 415...

[0m[1;30m TEST 0: [0m[0;32mOK [0m[0;34m 5847 [0m instructions
[1;30m TEST 1: [0m[0;32mOK [0m[0;34m 5876 [0m instructions
[1;30m TEST 2: [0m[0;32mOK [0m[0;34m 5829 [0m instructions
[1;30m TEST 3: [0m[0;32mOK [0m[0;34m 5828 [0m instructions
[1;30m TEST 4: [0m[0;32mOK [0m[0;34m 5795 [0m instructions
[1;30m TEST 5: [0m[0;32mOK [0m[0;34m 5814 [0m instructions
[1;30m TEST 6: [0m[0;32mOK [0m[0;34m 5875 [0m instructions
[1;30m TEST 7: [0m[0;32mOK [0m[0;34m 5830 [0m instructions
[1;30m TEST 8: [0m[0;32mOK [0m[0;34m 5862 [0m instructions
[1;30m TEST 9: [0m[0;32mOK [0m[0;34m 5842 [0m instructions

Mean: 5839 for stack of size 415 

[0;35m Generating random numbers for stack_size 416...

[0m[1;30m TEST 0: [0m[0;32mOK [0m[0;34m 5738 [0m instructions
[1;30m TEST 1: [0m[0;32mOK [0m[0;34m 5746 [0m instructions
[1;30m TEST 2: [0m[0;32mOK [0m[0;34m 5717 [0m instructions
[1;30m TEST 3: [0m[0;32mOK [0m[0;34m 5645 [0m instructions
[1;30m TEST 4: [0m[0;32mOK [0m[0;34m 5727 [0m instructions
[1;30m TEST 5: [0m[0;32mOK [0m[0;34m 5725 [0m instructions
[1;30m TEST 6: [0m[0;32mOK [0m[0;34m 5733 [0m instructions
[1;30m TEST 7: [0m[0;32mOK [0m[0;34m 5746 [0m instructions
[1;30m TEST 8: [0m[0;32mOK [0m[0;34m 5701 [0m instructions
[1;30m TEST 9: [0m[0;32mOK [0m[0;34m 5737 [0m instructions

Mean: 5721 for stack of size 416 

[0;35m Generating random numbers for stack_size 417...

[0m[1;30m TEST 0: [0m[0;32mOK [0m[0;34m 6161 [0m instructions
[1;30m TEST 1: [0m[0;32mOK [0m[0;34m 6032 [0m instructions
[1;30m TEST 2: [0m[0;32mOK [0m[0;34m 5851 [0m instructions
[1;30m TEST 3: [0m[0;32mOK [0m[0;34m 6067 [0m instructions
[1;30m TEST 4: [0m[0;32mOK [0m[0;34m 6144 [0m instructions
[1;30m TEST 5: [0m[0;32mOK [0m[0;34m 6101 [0m instructions
[1;30m TEST 6: [0m[0;32mOK [0m[0;34m 6049 [0m instructions
[1;30m TEST 7: [0m[0;32mOK [0m[0;34m 5956 [0m instructions
[1;30m TEST 8: [0m[0;32mOK [0m[0;34m 6036 [0m instructions
[1;30m TEST 9: [0m[0;32mOK [0m[0;34m 5858 [0m instructions

Mean: 6025 for stack of size 417 

[0;35m Generating random numbers for stack_size 418...

[0m[1;30m TEST 0: [0m[0;32mOK [0m[0;34m 6134 [0m instructions
[1;30m TEST 1: [0m[0;32mOK [0m[0;34m 6182 [0m instructions
[1;30m TEST 2: [0m[0;32mOK [0m[0;34m 5878 [0m instructions
[1;30m TEST 3: [0m[0;32mOK [0m[0;34m 6177 [0m instructions
[1;30m TEST 4: [0m[0;32mOK [0m[0;34m 6126 [0m instructions
[1;30m TEST 5: [0m[0;32mOK [0m[0;34m 6083 [0m instructions
[1;30m TEST 6: [0m[0;32mOK [0m[0;34m 6041 [0m instructions
[1;30m TEST 7: [0m[0;32mOK [0m[0;34m 6114 [0m instructions
[1;30m TEST 8: [0m[0;32mOK [0m[0;34m 6085 [0m instructions
[1;30m TEST 9: [0m[0;32mOK [0m[0;34m 6173 [0m instructions

Mean: 6099 for stack of size 418 

[0;35m Generating random numbers for stack_size 419...

[0m[1;30m TEST 0: [0m[0;32mOK [0m[0;34m 6145 [0m instructions
[1;30m TEST 1: [0m[0;32mOK [0m[0;34m 6242 [0m instructions
[1;30m TEST 2: [0m[0;32mOK [0m[0;34m 5824 [0m instructions
[1;30m TEST 3: [0m[0;32mOK [0m[0;34m 6144 [0m instructions
[1;30m TEST 4: [0m[0;32mOK [0m[0;34m 5872 [0m instructions
[1;30m TEST 5: [0m[0;32mOK [0m[0;34m 6123 [0m instructions
[1;30m TEST 6: [0m[0;32mOK [0m[0;34m 6153 [0m instructions
[1;30m TEST 7: [0m[0;32mOK [0m[0;34m 6082 [0m instructions
[1;30m TEST 8: [0m[0;32mOK [0m[0;34m 6147 [0m instructions
[1;30m TEST 9: [0m[0;32mOK [0m[0;34m 5981 [0m instructions

Mean: 6071 for stack of size 419 

[0;35m Generating random numbers for stack_size 420...

[0m[1;30m TEST 0: [0m[0;32mOK [0m[0;34m 6200 [0m instructions
[1;30m TEST 1: [0m[0;32mOK [0m[0;34m 6116 [0m instructions
[1;30m TEST 2: [0m[0;32mOK [0m[0;34m 6159 [0m instructions
[1;30m TEST 3: [0m[0;32mOK [0m[0;34m 6150 [0m instructions
[1;30m TEST 4: [0m[0;32mOK [0m[0;34m 6120 [0m instructions
[1;30m TEST 5: [0m[0;32mOK [0m[0;34m 6141 [0m instructions
[1;30m TEST 6: [0m[0;32mOK [0m[0;34m 6146 [0m instructions
[1;30m TEST 7: [0m[0;32mOK [0m[0;34m 6166 [0m instructions
[1;30m TEST 8: [0m[0;32mOK [0m[0;34m 6171 [0m instructions
[1;30m TEST 9: [0m[0;32mOK [0m[0;34m 6110 [0m instructions

Mean: 6147 for stack of size 420 

[0;35m Generating random numbers for stack_size 421...

[0m[1;30m TEST 0: [0m[0;32mOK [0m[0;34m 6187 [0m instructions
[1;30m TEST 1: [0m[0;32mOK [0m[0;34m 6113 [0m instructions
[1;30m TEST 2: [0m[0;32mOK [0m[0;34m 6154 [0m instructions
[1;30m TEST 3: [0m[0;32mOK [0m[0;34m 6135 [0m instructions
[1;30m TEST 4: [0m[0;32mOK [0m[0;34m 6182 [0m instructions
[1;30m TEST 5: [0m[0;32mOK [0m[0;34m 6139 [0m instructions
[1;30m TEST 6: [0m[0;32mOK [0m[0;34m 6173 [0m instructions
[1;30m TEST 7: [0m[0;32mOK [0m[0;34m 6140 [0m instructions
[1;30m TEST 8: [0m[0;32mOK [0m[0;34m 6150 [0m instructions
[1;30m TEST 9: [0m[0;32mOK [0m[0;34m 6180 [0m instructions

Mean: 6155 for stack of size 421 

[0;35m Generating random numbers for stack_size 422...

[0m[1;30m TEST 0: [0m[0;32mOK [0m[0;34m 6120 [0m instructions
[1;30m TEST 1: [0m[0;32mOK [0m[0;34m 6166 [0m instructions
[1;30m TEST 2: [0m[0;32mOK [0m[0;34m 6195 [0m instructions
[1;30m TEST 3: [0m[0;32mOK [0m[0;34m 6151 [0m instructions
[1;30m TEST 4: [0m[0;32mOK [0m[0;34m 6140 [0m instructions
[1;30m TEST 5: [0m[0;32mOK [0m[0;34m 6158 [0m instructions
[1;30m TEST 6: [0m[0;32mOK [0m[0;34m 6139 [0m instructions
[1;30m TEST 7: [0m[0;32mOK [0m[0;34m 6177 [0m instructions
[1;30m TEST 8: [0m[0;32mOK [0m[0;34m 6151 [0m instructions
[1;30m TEST 9: [0m[0;32mOK [0m[0;34m 6141 [0m instructions

Mean: 6153 for stack of size 422 

[0;35m Generating random numbers for stack_size 423...

[0m[1;30m TEST 0: [0m[0;32mOK [0m[0;34m 6206 [0m instructions
[1;30m TEST 1: [0m[0;32mOK [0m[0;34m 6126 [0m instructions
[1;30m TEST 2: [0m[0;32mOK [0m[0;34m 6150 [0m instructions
[1;30m TEST 3: [0m[0;32mOK [0m[0;34m 6199 [0m instructions
[1;30m TEST 4: [0m[0;32mOK [0m[0;34m 6149 [0m instructions
[1;30m TEST 5: [0m[0;32mOK [0m[0;34m 6144 [0m instructions
[1;30m TEST 6: [0m[0;32mOK [0m[0;34m 6142 [0m instructions
[1;30m TEST 7: [0m[0;32mOK [0m[0;34m 6124 [0m instructions
[1;30m TEST 8: [0m[0;32mOK [0m[0;34m 6197 [0m instructions
[1;30m TEST 9: [0m[0;32mOK [0m[0;34m 6178 [0m instructions

Mean: 6161 for stack of size 423 

[0;35m Generating random numbers for stack_size 424...

[0m[1;30m TEST 0: [0m[0;32mOK [0m[0;34m 6166 [0m instructions
[1;30m TEST 1: [0m[0;32mOK [0m[0;34m 6171 [0m instructions
[1;30m TEST 2: [0m[0;32mOK [0m[0;34m 6185 [0m instructions
[1;30m TEST 3: [0m[0;32mOK [0m[0;34m 6163 [0m instructions
[1;30m TEST 4: [0m[0;32mOK [0m[0;34m 6176 [0m instructions
[1;30m TEST 5: [0m[0;32mOK [0m[0;34m 6162 [0m instructions
[1;30m TEST 6: [0m[0;32mOK [0m[0;34m 6163 [0m instructions
[1;30m TEST 7: [0m[0;32mOK [0m[0;34m 6188 [0m instructions
[1;30m TEST 8: [0m[0;32mOK [0m[0;34m 6179 [0m instructions
[1;30m TEST 9: [0m[0;32mOK [0m[0;34m 6166 [0m instructions

Mean: 6171 for stack of size 424 

[0;35m Generating random numbers for stack_size 425...

[0m[1;30m TEST 0: [0m[0;32mOK [0m[0;34m 6191 [0m instructions
[1;30m TEST 1: [0m[0;32mOK [0m[0;34m 6175 [0m instructions
[1;30m TEST 2: [0m[0;32mOK [0m[0;34m 6183 [0m instructions
[1;30m TEST 3: [0m[0;32mOK [0m[0;34m 6167 [0m instructions
[1;30m TEST 4: [0m[0;32mOK [0m[0;34m 6170 [0m instructions
[1;30m TEST 5: [0m[0;32mOK [0m[0;34m 6155 [0m instructions
[1;30m TEST 6: [0m[0;32mOK [0m[0;34m 6171 [0m instructions
[1;30m TEST 7: [0m[0;32mOK [0m[0;34m 6192 [0m instructions
[1;30m TEST 8: [0m[0;32mOK [0m[0;34m 6194 [0m instructions
[1;30m TEST 9: [0m[0;32mOK [0m[0;34m 6200 [0m instructions

Mean: 6179 for stack of size 425 

[0;35m Generating random numbers for stack_size 426...

[0m[1;30m TEST 0: [0m[0;32mOK [0m[0;34m 6177 [0m instructions
[1;30m TEST 1: [0m[0;32mOK [0m[0;34m 6151 [0m instructions
[1;30m TEST 2: [0m[0;32mOK [0m[0;34m 6188 [0m instructions
[1;30m TEST 3: [0m[0;32mOK [0m[0;34m 6144 [0m instructions
[1;30m TEST 4: [0m[0;32mOK [0m[0;34m 6172 [0m instructions
[1;30m TEST 5: [0m[0;32mOK [0m[0;34m 6169 [0m instructions
[1;30m TEST 6: [0m[0;32mOK [0m[0;34m 6156 [0m instructions
[1;30m TEST 7: [0m[0;32mOK [0m[0;34m 6147 [0m instructions
[1;30m TEST 8: [0m[0;32mOK [0m[0;34m 6152 [0m instructions
[1;30m TEST 9: [0m[0;32mOK [0m[0;34m 6176 [0m instructions

Mean: 6163 for stack of size 426 

[0;35m Generating random numbers for stack_size 427...

[0m[1;30m TEST 0: [0m[0;32mOK [0m[0;34m 6193 [0m instructions
[1;30m TEST 1: [0m[0;32mOK [0m[0;34m 6207 [0m instructions
[1;30m TEST 2: [0m[0;32mOK [0m[0;34m 6213 [0m instructions
[1;30m TEST 3: [0m[0;32mOK [0m[0;34m 6163 [0m instructions
[1;30m TEST 4: [0m[0;32mOK [0m[0;34m 6182 [0m instructions
[1;30m TEST 5: [0m[0;32mOK [0m[0;34m 6185 [0m instructions
[1;30m TEST 6: [0m[0;32mOK [0m[0;34m 6217 [0m instructions
[1;30m TEST 7: [0m[0;32mOK [0m[0;34m 6173 [0m instructions
[1;30m TEST 8: [0m[0;32mOK [0m[0;34m 6202 [0m instructions
[1;30m TEST 9: [0m[0;32mOK [0m[0;34m 6212 [0m instructions

Mean: 6194 for stack of size 427 

[0;35m Generating random numbers for stack_size 428...

[0m[1;30m TEST 0: [0m[0;32mOK [0m[0;34m 6205 [0m instructions
[1;30m TEST 1: [0m[0;32mOK [0m[0;34m 6151 [0m instructions
[1;30m TEST 2: [0m[0;32mOK [0m[0;34m 6175 [0m instructions
[1;30m TEST 3: [0m[0;32mOK [0m[0;34m 6197 [0m instructions
[1;30m TEST 4: [0m[0;32mOK [0m[0;34m 6190 [0m instructions
[1;30m TEST 5: [0m[0;32mOK [0m[0;34m 6186 [0m instructions
[1;30m TEST 6: [0m[0;32mOK [0m[0;34m 6154 [0m instructions
[1;30m TEST 7: [0m[0;32mOK [0m[0;34m 6170 [0m instructions
[1;30m TEST 8: [0m[0;32mOK [0m[0;34m 6205 [0m instructions
[1;30m TEST 9: [0m[0;32mOK [0m[0;34m 6164 [0m instructions

Mean: 6179 for stack of size 428 

[0;35m Generating random numbers for stack_size 429...

[0m[1;30m TEST 0: [0m[0;32mOK [0m[0;34m 6192 [0m instructions
[1;30m TEST 1: [0m[0;32mOK [0m[0;34m 6196 [0m instructions
[1;30m TEST 2: [0m[0;32mOK [0m[0;34m 6184 [0m instructions
[1;30m TEST 3: [0m[0;32mOK [0m[0;34m 6184 [0m instructions
[1;30m TEST 4: [0m[0;32mOK [0m[0;34m 6208 [0m instructions
[1;30m TEST 5: [0m[0;32mOK [0m[0;34m 6207 [0m instructions
[1;30m TEST 6: [0m[0;32mOK [0m[0;34m 6168 [0m instructions
[1;30m TEST 7: [0m[0;32mOK [0m[0;34m 6164 [0m instructions
[1;30m TEST 8: [0m[0;32mOK [0m[0;34m 6201 [0m instructions
[1;30m TEST 9: [0m[0;32mOK [0m[0;34m 6198 [0m instructions

Mean: 6190 for stack of size 429 

[0;35m Generating random numbers for stack_size 430...

[0m[1;30m TEST 0: [0m[0;32mOK [0m[0;34m 6152 [0m instructions
[1;30m TEST 1: [0m[0;32mOK [0m[0;34m 6183 [0m instructions
[1;30m TEST 2: [0m[0;32mOK [0m[0;34m 6215 [0m instructions
[1;30m TEST 3: [0m[0;32mOK [0m[0;34m 6195 [0m instructions
[1;30m TEST 4: [0m[0;32mOK [0m[0;34m 6137 [0m instructions
[1;30m TEST 5: [0m[0;32mOK [0m[0;34m 6218 [0m instructions
[1;30m TEST 6: [0m[0;32mOK [0m[0;34m 6178 [0m instructions
[1;30m TEST 7: [0m[0;32mOK [0m[0;34m 6211 [0m instructions
[1;30m TEST 8: [0m[0;32mOK [0m[0;34m 6160 [0m instructions
[1;30m TEST 9: [0m[0;32mOK [0m[0;34m 6259 [0m instructions

Mean: 6190 for stack of size 430 

[0;35m Generating random numbers for stack_size 431...

[0m[1;30m TEST 0: [0m[0;32mOK [0m[0;34m 6245 [0m instructions
[1;30m TEST 1: [0m[0;32mOK [0m[0;34m 6237 [0m instructions
[1;30m TEST 2: [0m[0;32mOK [0m[0;34m 6217 [0m instructions
[1;30m TEST 3: [0m[0;32mOK [0m[0;34m 6202 [0m instructions
[1;30m TEST 4: [0m[0;32mOK [0m[0;34m 6162 [0m instructions
[1;30m TEST 5: [0m[0;32mOK [0m[0;34m 6210 [0m instructions
[1;30m TEST 6: [0m[0;32mOK [0m[0;34m 6199 [0m instructions
[1;30m TEST 7: [0m[0;32mOK [0m[0;34m 6180 [0m instructions
[1;30m TEST 8: [0m[0;32mOK [0m[0;34m 6200 [0m instructions
[1;30m TEST 9: [0m[0;32mOK [0m[0;34m 6220 [0m instructions

Mean: 6207 for stack of size 431 

[0;35m Generating random numbers for stack_size 432...

[0m[1;30m TEST 0: [0m[0;32mOK [0m[0;34m 6243 [0m instructions
[1;30m TEST 1: [0m[0;32mOK [0m[0;34m 6192 [0m instructions
[1;30m TEST 2: [0m[0;32mOK [0m[0;34m 6213 [0m instructions
[1;30m TEST 3: [0m[0;32mOK [0m[0;34m 6214 [0m instructions
[1;30m TEST 4: [0m[0;32mOK [0m[0;34m 6263 [0m instructions
[1;30m TEST 5: [0m[0;32mOK [0m[0;34m 6191 [0m instructions
[1;30m TEST 6: [0m[0;32mOK [0m[0;34m 6228 [0m instructions
[1;30m TEST 7: [0m[0;32mOK [0m[0;34m 6235 [0m instructions
[1;30m TEST 8: [0m[0;32mOK [0m[0;34m 6216 [0m instructions
[1;30m TEST 9: [0m[0;32mOK [0m[0;34m 6221 [0m instructions

Mean: 6221 for stack of size 432 

[0;35m Generating random numbers for stack_size 433...

[0m[1;30m TEST 0: [0m[0;32mOK [0m[0;34m 6171 [0m instructions
[1;30m TEST 1: [0m[0;32mOK [0m[0;34m 6226 [0m instructions
[1;30m TEST 2: [0m[0;32mOK [0m[0;34m 6245 [0m instructions
[1;30m TEST 3: [0m[0;32mOK [0m[0;34m 6178 [0m instructions
[1;30m TEST 4: [0m[0;32mOK [0m[0;34m 6230 [0m instructions
[1;30m TEST 5: [0m[0;32mOK [0m[0;34m 6188 [0m instructions
[1;30m TEST 6: [0m[0;32mOK [0m[0;34m 6229 [0m instructions
[1;30m TEST 7: [0m[0;32mOK [0m[0;34m 6250 [0m instructions
[1;30m TEST 8: [0m[0;32mOK [0m[0;34m 6249 [0m instructions
[1;30m TEST 9: [0m[0;32mOK [0m[0;34m 6233 [0m instructions

Mean: 6219 for stack of size 433 

[0;35m Generating random numbers for stack_size 434...

[0m[1;30m TEST 0: [0m[0;32mOK [0m[0;34m 6236 [0m instructions
[1;30m TEST 1: [0m[0;32mOK [0m[0;34m 6220 [0m instructions
[1;30m TEST 2: [0m[0;32mOK [0m[0;34m 6172 [0m instructions
[1;30m TEST 3: [0m[0;32mOK [0m[0;34m 6262 [0m instructions
[1;30m TEST 4: [0m[0;32mOK [0m[0;34m 6223 [0m instructions
[1;30m TEST 5: [0m[0;32mOK [0m[0;34m 6199 [0m instructions
[1;30m TEST 6: [0m[0;32mOK [0m[0;34m 6221 [0m instructions
[1;30m TEST 7: [0m[0;32mOK [0m[0;34m 6204 [0m instructions
[1;30m TEST 8: [0m[0;32mOK [0m[0;34m 6209 [0m instructions
[1;30m TEST 9: [0m[0;32mOK [0m[0;34m 6262 [0m instructions

Mean: 6220 for stack of size 434 

[0;35m Generating random numbers for stack_size 435...

[0m[1;30m TEST 0: [0m[0;32mOK [0m[0;34m 6261 [0m instructions
[1;30m TEST 1: [0m[0;32mOK [0m[0;34m 6213 [0m instructions
[1;30m TEST 2: [0m[0;32mOK [0m[0;34m 6200 [0m instructions
[1;30m TEST 3: [0m[0;32mOK [0m[0;34m 6222 [0m instructions
[1;30m TEST 4: [0m[0;32mOK [0m[0;34m 6236 [0m instructions
[1;30m TEST 5: [0m[0;32mOK [0m[0;34m 6209 [0m instructions
[1;30m TEST 6: [0m[0;32mOK [0m[0;34m 6224 [0m instructions
[1;30m TEST 7: [0m[0;32mOK [0m[0;34m 6219 [0m instructions
[1;30m TEST 8: [0m[0;32mOK [0m[0;34m 6245 [0m instructions
[1;30m TEST 9: [0m[0;32mOK [0m[0;34m 6217 [0m instructions

Mean: 6224 for stack of size 435 

[0;35m Generating random numbers for stack_size 436...

[0m[1;30m TEST 0: [0m[0;32mOK [0m[0;34m 6250 [0m instructions
[1;30m TEST 1: [0m[0;32mOK [0m[0;34m 6261 [0m instructions
[1;30m TEST 2: [0m[0;32mOK [0m[0;34m 6241 [0m instructions
[1;30m TEST 3: [0m[0;32mOK [0m[0;34m 6246 [0m instructions
[1;30m TEST 4: [0m[0;32mOK [0m[0;34m 6226 [0m instructions
[1;30m TEST 5: [0m[0;32mOK [0m[0;34m 6278 [0m instructions
[1;30m TEST 6: [0m[0;32mOK [0m[0;34m 6266 [0m instructions
[1;30m TEST 7: [0m[0;32mOK [0m[0;34m 6186 [0m instructions
[1;30m TEST 8: [0m[0;32mOK [0m[0;34m 6217 [0m instructions
[1;30m TEST 9: [0m[0;32mOK [0m[0;34m 6247 [0m instructions

Mean: 6241 for stack of size 436 

[0;35m Generating random numbers for stack_size 437...

[0m[1;30m TEST 0: [0m[0;32mOK [0m[0;34m 6198 [0m instructions
[1;30m TEST 1: [0m[0;32mOK [0m[0;34m 6226 [0m instructions
[1;30m TEST 2: [0m[0;32mOK [0m[0;34m 6249 [0m instructions
[1;30m TEST 3: [0m[0;32mOK [0m[0;34m 6243 [0m instructions
[1;30m TEST 4: [0m[0;32mOK [0m[0;34m 6300 [0m instructions
[1;30m TEST 5: [0m[0;32mOK [0m[0;34m 6221 [0m instructions
[1;30m TEST 6: [0m[0;32mOK [0m[0;34m 6235 [0m instructions
[1;30m TEST 7: [0m[0;32mOK [0m[0;34m 6279 [0m instructions
[1;30m TEST 8: [0m[0;32mOK [0m[0;34m 6263 [0m instructions
[1;30m TEST 9: [0m[0;32mOK [0m[0;34m 6214 [0m instructions

Mean: 6242 for stack of size 437 

[0;35m Generating random numbers for stack_size 438...

[0m[1;30m TEST 0: [0m[0;32mOK [0m[0;34m 6300 [0m instructions
[1;30m TEST 1: [0m[0;32mOK [0m[0;34m 6256 [0m instructions
[1;30m TEST 2: [0m[0;32mOK [0m[0;34m 6267 [0m instructions
[1;30m TEST 3: [0m[0;32mOK [0m[0;34m 6316 [0m instructions
[1;30m TEST 4: [0m[0;32mOK [0m[0;34m 6284 [0m instructions
[1;30m TEST 5: [0m[0;32mOK [0m[0;34m 6275 [0m instructions
[1;30m TEST 6: [0m[0;32mOK [0m[0;34m 6268 [0m instructions
[1;30m TEST 7: [0m[0;32mOK [0m[0;34m 6280 [0m instructions
[1;30m TEST 8: [0m[0;32mOK [0m[0;34m 6297 [0m instructions
[1;30m TEST 9: [0m[0;32mOK [0m[0;34m 6254 [0m instructions

Mean: 6279 for stack of size 438 

[0;35m Generating random numbers for stack_size 439...

[0m[1;30m TEST 0: [0m[0;32mOK [0m[0;34m 6267 [0m instructions
[1;30m TEST 1: [0m[0;32mOK [0m[0;34m 6274 [0m instructions
[1;30m TEST 2: [0m[0;32mOK [0m[0;34m 6205 [0m instructions
[1;30m TEST 3: [0m[0;32mOK [0m[0;34m 6229 [0m instructions
[1;30m TEST 4: [0m[0;32mOK [0m[0;34m 6315 [0m instructions
[1;30m TEST 5: [0m[0;32mOK [0m[0;34m 6266 [0m instructions
[1;30m TEST 6: [0m[0;32mOK [0m[0;34m 6283 [0m instructions
[1;30m TEST 7: [0m[0;32mOK [0m[0;34m 6263 [0m instructions
[1;30m TEST 8: [0m[0;32mOK [0m[0;34m 6258 [0m instructions
[1;30m TEST 9: [0m[0;32mOK [0m[0;34m 6244 [0m instructions

Mean: 6260 for stack of size 439 

[0;35m Generating random numbers for stack_size 440...

[0m[1;30m TEST 0: [0m[0;32mOK [0m[0;34m 6301 [0m instructions
[1;30m TEST 1: [0m[0;32mOK [0m[0;34m 6286 [0m instructions
[1;30m TEST 2: [0m[0;32mOK [0m[0;34m 6290 [0m instructions
[1;30m TEST 3: [0m[0;32mOK [0m[0;34m 6292 [0m instructions
[1;30m TEST 4: [0m[0;32mOK [0m[0;34m 6263 [0m instructions
[1;30m TEST 5: [0m[0;32mOK [0m[0;34m 6270 [0m instructions
[1;30m TEST 6: [0m[0;32mOK [0m[0;34m 6317 [0m instructions
[1;30m TEST 7: [0m[0;32mOK [0m[0;34m 6267 [0m instructions
[1;30m TEST 8: [0m[0;32mOK [0m[0;34m 6248 [0m instructions
[1;30m TEST 9: [0m[0;32mOK [0m[0;34m 6297 [0m instructions

Mean: 6283 for stack of size 440 

[0;35m Generating random numbers for stack_size 441...

[0m[1;30m TEST 0: [0m[0;32mOK [0m[0;34m 6255 [0m instructions
[1;30m TEST 1: [0m[0;32mOK [0m[0;34m 6296 [0m instructions
[1;30m TEST 2: [0m[0;32mOK [0m[0;34m 6305 [0m instructions
[1;30m TEST 3: [0m[0;32mOK [0m[0;34m 6268 [0m instructions
[1;30m TEST 4: [0m[0;32mOK [0m[0;34m 6320 [0m instructions
[1;30m TEST 5: [0m[0;32mOK [0m[0;34m 6286 [0m instructions
[1;30m TEST 6: [0m[0;32mOK [0m[0;34m 6277 [0m instructions
[1;30m TEST 7: [0m[0;32mOK [0m[0;34m 6285 [0m instructions
[1;30m TEST 8: [0m[0;32mOK [0m[0;34m 6293 [0m instructions
[1;30m TEST 9: [0m[0;32mOK [0m[0;34m 6320 [0m instructions

Mean: 6290 for stack of size 441 

[0;35m Generating random numbers for stack_size 442...

[0m[1;30m TEST 0: [0m[0;32mOK [0m[0;34m 6286 [0m instructions
[1;30m TEST 1: [0m[0;32mOK [0m[0;34m 6285 [0m instructions
[1;30m TEST 2: [0m[0;32mOK [0m[0;34m 6261 [0m instructions
[1;30m TEST 3: [0m[0;32mOK [0m[0;34m 6303 [0m instructions
[1;30m TEST 4: [0m[0;32mOK [0m[0;34m 6304 [0m instructions
[1;30m TEST 5: [0m[0;32mOK [0m[0;34m 6280 [0m instructions
[1;30m TEST 6: [0m[0;32mOK [0m[0;34m 6344 [0m instructions
[1;30m TEST 7: [0m[0;32mOK [0m[0;34m 6321 [0m instructions
[1;30m TEST 8: [0m[0;32mOK [0m[0;34m 6299 [0m instructions
[1;30m TEST 9: [0m[0;32mOK [0m[0;34m 6296 [0m instructions

Mean: 6297 for stack of size 442 

[0;35m Generating random numbers for stack_size 443...

[0m[1;30m TEST 0: [0m[0;32mOK [0m[0;34m 6305 [0m instructions
[1;30m TEST 1: [0m[0;32mOK [0m[0;34m 6311 [0m instructions
[1;30m TEST 2: [0m[0;32mOK [0m[0;34m 6334 [0m instructions
[1;30m TEST 3: [0m[0;32mOK [0m[0;34m 6254 [0m instructions
[1;30m TEST 4: [0m[0;32mOK [0m[0;34m 6289 [0m instructions
[1;30m TEST 5: [0m[0;32mOK [0m[0;34m 6269 [0m instructions
[1;30m TEST 6: [0m[0;32mOK [0m[0;34m 6335 [0m instructions
[1;30m TEST 7: [0m[0;32mOK [0m[0;34m 6291 [0m instructions
[1;30m TEST 8: [0m[0;32mOK [0m[0;34m 6316 [0m instructions
[1;30m TEST 9: [0m[0;32mOK [0m[0;34m 6337 [0m instructions

Mean: 6304 for stack of size 443 

[0;35m Generating random numbers for stack_size 444...

[0m[1;30m TEST 0: [0m[0;32mOK [0m[0;34m 6352 [0m instructions
[1;30m TEST 1: [0m[0;32mOK [0m[0;34m 6325 [0m instructions
[1;30m TEST 2: [0m[0;32mOK [0m[0;34m 6279 [0m instructions
[1;30m TEST 3: [0m[0;32mOK [0m[0;34m 6310 [0m instructions
[1;30m TEST 4: [0m[0;32mOK [0m[0;34m 6299 [0m instructions
[1;30m TEST 5: [0m[0;32mOK [0m[0;34m 6323 [0m instructions
[1;30m TEST 6: [0m[0;32mOK [0m[0;34m 6292 [0m instructions
[1;30m TEST 7: [0m[0;32mOK [0m[0;34m 6280 [0m instructions
[1;30m TEST 8: [0m[0;32mOK [0m[0;34m 6311 [0m instructions
[1;30m TEST 9: [0m[0;32mOK [0m[0;34m 6337 [0m instructions

Mean: 6310 for stack of size 444 

[0;35m Generating random numbers for stack_size 445...

[0m[1;30m TEST 0: [0m[0;32mOK [0m[0;34m 6369 [0m instructions
[1;30m TEST 1: [0m[0;32mOK [0m[0;34m 6315 [0m instructions
[1;30m TEST 2: [0m[0;32mOK [0m[0;34m 6334 [0m instructions
[1;30m TEST 3: [0m[0;32mOK [0m[0;34m 6321 [0m instructions
[1;30m TEST 4: [0m[0;32mOK [0m[0;34m 6331 [0m instructions
[1;30m TEST 5: [0m[0;32mOK [0m[0;34m 6299 [0m instructions
[1;30m TEST 6: [0m[0;32mOK [0m[0;34m 6370 [0m instructions
[1;30m TEST 7: [0m[0;32mOK [0m[0;34m 6316 [0m instructions
[1;30m TEST 8: [0m[0;32mOK [0m[0;34m 6291 [0m instructions
[1;30m TEST 9: [0m[0;32mOK [0m[0;34m 6336 [0m instructions

Mean: 6328 for stack of size 445 

[0;35m Generating random numbers for stack_size 446...

[0m[1;30m TEST 0: [0m[0;32mOK [0m[0;34m 6336 [0m instructions
[1;30m TEST 1: [0m[0;32mOK [0m[0;34m 6333 [0m instructions
[1;30m TEST 2: [0m[0;32mOK [0m[0;34m 6389 [0m instructions
[1;30m TEST 3: [0m[0;32mOK [0m[0;34m 6388 [0m instructions
[1;30m TEST 4: [0m[0;32mOK [0m[0;34m 6288 [0m instructions
[1;30m TEST 5: [0m[0;32mOK [0m[0;34m 6402 [0m instructions
[1;30m TEST 6: [0m[0;32mOK [0m[0;34m 6321 [0m instructions
[1;30m TEST 7: [0m[0;32mOK [0m[0;34m 6331 [0m instructions
[1;30m TEST 8: [0m[0;32mOK [0m[0;34m 6320 [0m instructions
[1;30m TEST 9: [0m[0;32mOK [0m[0;34m 6333 [0m instructions

Mean: 6344 for stack of size 446 

[0;35m Generating random numbers for stack_size 447...

[0m[1;30m TEST 0: [0m[0;32mOK [0m[0;34m 6322 [0m instructions
[1;30m TEST 1: [0m[0;32mOK [0m[0;34m 6365 [0m instructions
[1;30m TEST 2: [0m[0;32mOK [0m[0;34m 6317 [0m instructions
[1;30m TEST 3: [0m[0;32mOK [0m[0;34m 6346 [0m instructions
[1;30m TEST 4: [0m[0;32mOK [0m[0;34m 6390 [0m instructions
[1;30m TEST 5: [0m[0;32mOK [0m[0;34m 6342 [0m instructions
[1;30m TEST 6: [0m[0;32mOK [0m[0;34m 6331 [0m instructions
[1;30m TEST 7: [0m[0;32mOK [0m[0;34m 6400 [0m instructions
[1;30m TEST 8: [0m[0;32mOK [0m[0;34m 6321 [0m instructions
[1;30m TEST 9: [0m[0;32mOK [0m[0;34m 6331 [0m instructions

Mean: 6346 for stack of size 447 

[0;35m Generating random numbers for stack_size 448...

[0m[1;30m TEST 0: [0m[0;32mOK [0m[0;34m 6223 [0m instructions
[1;30m TEST 1: [0m[0;32mOK [0m[0;34m 6222 [0m instructions
[1;30m TEST 2: [0m[0;32mOK [0m[0;34m 6216 [0m instructions
[1;30m TEST 3: [0m[0;32mOK [0m[0;34m 6242 [0m instructions
[1;30m TEST 4: [0m[0;32mOK [0m[0;34m 6168 [0m instructions
[1;30m TEST 5: [0m[0;32mOK [0m[0;34m 6196 [0m instructions
[1;30m TEST 6: [0m[0;32mOK [0m[0;34m 6260 [0m instructions
[1;30m TEST 7: [0m[0;32mOK [0m[0;34m 6194 [0m instructions
[1;30m TEST 8: [0m[0;32mOK [0m[0;34m 6222 [0m instructions
[1;30m TEST 9: [0m[0;32mOK [0m[0;34m 6212 [0m instructions

Mean: 6215 for stack of size 448 

[0;35m Generating random numbers for stack_size 449...

[0m[1;30m TEST 0: [0m[0;32mOK [0m[0;34m 6727 [0m instructions
[1;30m TEST 1: [0m[0;32mOK [0m[0;34m 6707 [0m instructions
[1;30m TEST 2: [0m[0;32mOK [0m[0;34m 6668 [0m instructions
[1;30m TEST 3: [0m[0;32mOK [0m[0;34m 6244 [0m instructions
[1;30m TEST 4: [0m[0;32mOK [0m[0;34m 6451 [0m instructions
[1;30m TEST 5: [0m[0;32mOK [0m[0;34m 6360 [0m instructions
[1;30m TEST 6: [0m[0;32mOK [0m[0;34m 6372 [0m instructions
[1;30m TEST 7: [0m[0;32mOK [0m[0;34m 6628 [0m instructions
[1;30m TEST 8: [0m[0;32mOK [0m[0;34m 6290 [0m instructions
[1;30m TEST 9: [0m[0;32mOK [0m[0;34m 6289 [0m instructions

Mean: 6473 for stack of size 449 

[0;35m Generating random numbers for stack_size 450...

[0m[1;30m TEST 0: [0m[0;32mOK [0m[0;34m 6685 [0m instructions
[1;30m TEST 1: [0m[0;32mOK [0m[0;34m 6655 [0m instructions
[1;30m TEST 2: [0m[0;32mOK [0m[0;34m 6543 [0m instructions
[1;30m TEST 3: [0m[0;32mOK [0m[0;34m 6686 [0m instructions
[1;30m TEST 4: [0m[0;32mOK [0m[0;34m 6694 [0m instructions
[1;30m TEST 5: [0m[0;32mOK [0m[0;34m 6694 [0m instructions
[1;30m TEST 6: [0m[0;32mOK [0m[0;34m 6674 [0m instructions
[1;30m TEST 7: [0m[0;32mOK [0m[0;34m 6671 [0m instructions
[1;30m TEST 8: [0m[0;32mOK [0m[0;34m 6666 [0m instructions
[1;30m TEST 9: [0m[0;32mOK [0m[0;34m 6448 [0m instructions

Mean: 6641 for stack of size 450 

[0;35m Generating random numbers for stack_size 451...

[0m[1;30m TEST 0: [0m[0;32mOK [0m[0;34m 6655 [0m instructions
[1;30m TEST 1: [0m[0;32mOK [0m[0;34m 6662 [0m instructions
[1;30m TEST 2: [0m[0;32mOK [0m[0;34m 6639 [0m instructions
[1;30m TEST 3: [0m[0;32mOK [0m[0;34m 6698 [0m instructions
[1;30m TEST 4: [0m[0;32mOK [0m[0;34m 6645 [0m instructions
[1;30m TEST 5: [0m[0;32mOK [0m[0;34m 6603 [0m instructions
[1;30m TEST 6: [0m[0;32mOK [0m[0;34m 6649 [0m instructions
[1;30m TEST 7: [0m[0;32mOK [0m[0;34m 6684 [0m instructions
[1;30m TEST 8: [0m[0;32mOK [0m[0;34m 6648 [0m instructions
[1;30m TEST 9: [0m[0;32mOK [0m[0;34m 6706 [0m instructions

Mean: 6658 for stack of size 451 

[0;35m Generating random numbers for stack_size 452...

[0m[1;30m TEST 0: [0m[0;32mOK [0m[0;34m 6631 [0m instructions
[1;30m TEST 1: [0m[0;32mOK [0m[0;34m 6704 [0m instructions
[1;30m TEST 2: [0m[0;32mOK [0m[0;34m 6668 [0m instructions
[1;30m TEST 3: [0m[0;32mOK [0m[0;34m 6640 [0m instructions
[1;30m TEST 4: [0m[0;32mOK [0m[0;34m 6593 [0m instructions
[1;30m TEST 5: [0m[0;32mOK [0m[0;34m 6637 [0m instructions
[1;30m TEST 6: [0m[0;32mOK [0m[0;34m 6635 [0m instructions
[1;30m TEST 7: [0m[0;32mOK [0m[0;34m 6703 [0m instructions
[1;30m TEST 8: [0m[0;32mOK [0m[0;34m 6651 [0m instructions
[1;30m TEST 9: [0m[0;32mOK [0m[0;34m 6692 [0m instructions

Mean: 6655 for stack of size 452 

[0;35m Generating random numbers for stack_size 453...

[0m[1;30m TEST 0: [0m[0;32mOK [0m[0;34m 6686 [0m instructions
[1;30m TEST 1: [0m[0;32mOK [0m[0;34m 6665 [0m instructions
[1;30m TEST 2: [0m[0;32mOK [0m[0;34m 6687 [0m instructions
[1;30m TEST 3: [0m[0;32mOK [0m[0;34m 6685 [0m instructions
[1;30m TEST 4: [0m[0;32mOK [0m[0;34m 6704 [0m instructions
[1;30m TEST 5: [0m[0;32mOK [0m[0;34m 6691 [0m instructions
[1;30m TEST 6: [0m[0;32mOK [0m[0;34m 6675 [0m instructions
[1;30m TEST 7: [0m[0;32mOK [0m[0;34m 6709 [0m instructions
[1;30m TEST 8: [0m[0;32mOK [0m[0;34m 6700 [0m instructions
[1;30m TEST 9: [0m[0;32mOK [0m[0;34m 6696 [0m instructions

Mean: 6689 for stack of size 453 

[0;35m Generating random numbers for stack_size 454...

[0m[1;30m TEST 0: [0m[0;32mOK [0m[0;34m 6690 [0m instructions
[1;30m TEST 1: [0m[0;32mOK [0m[0;34m 6709 [0m instructions
[1;30m TEST 2: [0m[0;32mOK [0m[0;34m 6659 [0m instructions
[1;30m TEST 3: [0m[0;32mOK [0m[0;34m 6671 [0m instructions
[1;30m TEST 4: [0m[0;32mOK [0m[0;34m 6705 [0m instructions
[1;30m TEST 5: [0m[0;32mOK [0m[0;34m 6679 [0m instructions
[1;30m TEST 6: [0m[0;32mOK [0m[0;34m 6674 [0m instructions
[1;30m TEST 7: [0m[0;32mOK [0m[0;34m 6688 [0m instructions
[1;30m TEST 8: [0m[0;32mOK [0m[0;34m 6684 [0m instructions
[1;30m TEST 9: [0m[0;32mOK [0m[0;34m 6685 [0m instructions

Mean: 6684 for stack of size 454 

[0;35m Generating random numbers for stack_size 455...

[0m[1;30m TEST 0: [0m[0;32mOK [0m[0;34m 6715 [0m instructions
[1;30m TEST 1: [0m[0;32mOK [0m[0;34m 6688 [0m instructions
[1;30m TEST 2: [0m[0;32mOK [0m[0;34m 6723 [0m instructions
[1;30m TEST 3: [0m[0;32mOK [0m[0;34m 6687 [0m instructions
[1;30m TEST 4: [0m[0;32mOK [0m[0;34m 6694 [0m instructions
[1;30m TEST 5: [0m[0;32mOK [0m[0;34m 6671 [0m instructions
[1;30m TEST 6: [0m[0;32mOK [0m[0;34m 6711 [0m instructions
[1;30m TEST 7: [0m[0;32mOK [0m[0;34m 6701 [0m instructions
[1;30m TEST 8: [0m[0;32mOK [0m[0;34m 6698 [0m instructions
[1;30m TEST 9: [0m[0;32mOK [0m[0;34m 6705 [0m instructions

Mean: 6699 for stack of size 455 

[0;35m Generating random numbers for stack_size 456...

[0m[1;30m TEST 0: [0m[0;32mOK [0m[0;34m 6640 [0m instructions
[1;30m TEST 1: [0m[0;32mOK [0m[0;34m 6770 [0m instructions
[1;30m TEST 2: [0m[0;32mOK [0m[0;34m 6701 [0m instructions
[1;30m TEST 3: [0m[0;32mOK [0m[0;34m 6690 [0m instructions
[1;30m TEST 4: [0m[0;32mOK [0m[0;34m 6686 [0m instructions
[1;30m TEST 5: [0m[0;32mOK [0m[0;34m 6772 [0m instructions
[1;30m TEST 6: [0m[0;32mOK [0m[0;34m 6702 [0m instructions
[1;30m TEST 7: [0m[0;32mOK [0m[0;34m 6698 [0m instructions
[1;30m TEST 8: [0m[0;32mOK [0m[0;34m 6757 [0m instructions
[1;30m TEST 9: [0m[0;32mOK [0m[0;34m 6730 [0m instructions

Mean: 6714 for stack of size 456 

[0;35m Generating random numbers for stack_size 457...

[0m[1;30m TEST 0: [0m[0;32mOK [0m[0;34m 6704 [0m instructions
[1;30m TEST 1: [0m[0;32mOK [0m[0;34m 6734 [0m instructions
[1;30m TEST 2: [0m[0;32mOK [0m[0;34m 6704 [0m instructions
[1;30m TEST 3: [0m[0;32mOK [0m[0;34m 6731 [0m instructions
[1;30m TEST 4: [0m[0;32mOK [0m[0;34m 6727 [0m instructions
[1;30m TEST 5: [0m[0;32mOK [0m[0;34m 6688 [0m instructions
[1;30m TEST 6: [0m[0;32mOK [0m[0;34m 6739 [0m instructions
[1;30m TEST 7: [0m[0;32mOK [0m[0;34m 6708 [0m instructions
[1;30m TEST 8: [0m[0;32mOK [0m[0;34m 6701 [0m instructions
[1;30m TEST 9: [0m[0;32mOK [0m[0;34m 6674 [0m instructions

Mean: 6711 for stack of size 457 

[0;35m Generating random numbers for stack_size 458...

[0m[1;30m TEST 0: [0m[0;32mOK [0m[0;34m 6675 [0m instructions
[1;30m TEST 1: [0m[0;32mOK [0m[0;34m 6681 [0m instructions
[1;30m TEST 2: [0m[0;32mOK [0m[0;34m 6706 [0m instructions
[1;30m TEST 3: [0m[0;32mOK [0m[0;34m 6700 [0m instructions
[1;30m TEST 4: [0m[0;32mOK [0m[0;34m 6722 [0m instructions
[1;30m TEST 5: [0m[0;32mOK [0m[0;34m 6678 [0m instructions
[1;30m TEST 6: [0m[0;32mOK [0m[0;34m 6701 [0m instructions
[1;30m TEST 7: [0m[0;32mOK [0m[0;34m 6743 [0m instructions
[1;30m TEST 8: [0m[0;32mOK [0m[0;34m 6701 [0m instructions
[1;30m TEST 9: [0m[0;32mOK [0m[0;34m 6682 [0m instructions

Mean: 6698 for stack of size 458 

[0;35m Generating random numbers for stack_size 459...

[0m[1;30m TEST 0: [0m[0;32mOK [0m[0;34m 6693 [0m instructions
[1;30m TEST 1: [0m[0;32mOK [0m[0;34m 6763 [0m instructions
[1;30m TEST 2: [0m[0;32mOK [0m[0;34m 6744 [0m instructions
[1;30m TEST 3: [0m[0;32mOK [0m[0;34m 6715 [0m instructions
[1;30m TEST 4: [0m[0;32mOK [0m[0;34m 6761 [0m instructions
[1;30m TEST 5: [0m[0;32mOK [0m[0;34m 6712 [0m instructions
[1;30m TEST 6: [0m[0;32mOK [0m[0;34m 6790 [0m instructions
[1;30m TEST 7: [0m[0;32mOK [0m[0;34m 6780 [0m instructions
[1;30m TEST 8: [0m[0;32mOK [0m[0;34m 6696 [0m instructions
[1;30m TEST 9: [0m[0;32mOK [0m[0;34m 6684 [0m instructions

Mean: 6733 for stack of size 459 

[0;35m Generating random numbers for stack_size 460...

[0m[1;30m TEST 0: [0m[0;32mOK [0m[0;34m 6709 [0m instructions
[1;30m TEST 1: [0m[0;32mOK [0m[0;34m 6712 [0m instructions
[1;30m TEST 2: [0m[0;32mOK [0m[0;34m 6726 [0m instructions
[1;30m TEST 3: [0m[0;32mOK [0m[0;34m 6709 [0m instructions
[1;30m TEST 4: [0m[0;32mOK [0m[0;34m 6702 [0m instructions
[1;30m TEST 5: [0m[0;32mOK [0m[0;34m 6737 [0m instructions
[1;30m TEST 6: [0m[0;32mOK [0m[0;34m 6700 [0m instructions
[1;30m TEST 7: [0m[0;32mOK [0m[0;34m 6684 [0m instructions
[1;30m TEST 8: [0m[0;32mOK [0m[0;34m 6711 [0m instructions
[1;30m TEST 9: [0m[0;32mOK [0m[0;34m 6758 [0m instructions

Mean: 6714 for stack of size 460 

[0;35m Generating random numbers for stack_size 461...

[0m[1;30m TEST 0: [0m[0;32mOK [0m[0;34m 6781 [0m instructions
[1;30m TEST 1: [0m[0;32mOK [0m[0;34m 6737 [0m instructions
[1;30m TEST 2: [0m[0;32mOK [0m[0;34m 6732 [0m instructions
[1;30m TEST 3: [0m[0;32mOK [0m[0;34m 6735 [0m instructions
[1;30m TEST 4: [0m[0;32mOK [0m[0;34m 6697 [0m instructions
[1;30m TEST 5: [0m[0;32mOK [0m[0;34m 6762 [0m instructions
[1;30m TEST 6: [0m[0;32mOK [0m[0;34m 6735 [0m instructions
[1;30m TEST 7: [0m[0;32mOK [0m[0;34m 6701 [0m instructions
[1;30m TEST 8: [0m[0;32mOK [0m[0;34m 6711 [0m instructions
[1;30m TEST 9: [0m[0;32mOK [0m[0;34m 6703 [0m instructions

Mean: 6729 for stack of size 461 

[0;35m Generating random numbers for stack_size 462...

[0m[1;30m TEST 0: [0m[0;32mOK [0m[0;34m 6724 [0m instructions
[1;30m TEST 1: [0m[0;32mOK [0m[0;34m 6726 [0m instructions
[1;30m TEST 2: [0m[0;32mOK [0m[0;34m 6725 [0m instructions
[1;30m TEST 3: [0m[0;32mOK [0m[0;34m 6764 [0m instructions
[1;30m TEST 4: [0m[0;32mOK [0m[0;34m 6697 [0m instructions
[1;30m TEST 5: [0m[0;32mOK [0m[0;34m 6703 [0m instructions
[1;30m TEST 6: [0m[0;32mOK [0m[0;34m 6757 [0m instructions
[1;30m TEST 7: [0m[0;32mOK [0m[0;34m 6712 [0m instructions
[1;30m TEST 8: [0m[0;32mOK [0m[0;34m 6704 [0m instructions
[1;30m TEST 9: [0m[0;32mOK [0m[0;34m 6671 [0m instructions

Mean: 6718 for stack of size 462 

[0;35m Generating random numbers for stack_size 463...

[0m[1;30m TEST 0: [0m[0;32mOK [0m[0;34m 6678 [0m instructions
[1;30m TEST 1: [0m[0;32mOK [0m[0;34m 6689 [0m instructions
[1;30m TEST 2: [0m[0;32mOK [0m[0;34m 6731 [0m instructions
[1;30m TEST 3: [0m[0;32mOK [0m[0;34m 6739 [0m instructions
[1;30m TEST 4: [0m[0;32mOK [0m[0;34m 6787 [0m instructions
[1;30m TEST 5: [0m[0;32mOK [0m[0;34m 6704 [0m instructions
[1;30m TEST 6: [0m[0;32mOK [0m[0;34m 6740 [0m instructions
[1;30m TEST 7: [0m[0;32mOK [0m[0;34m 6803 [0m instructions
[1;30m TEST 8: [0m[0;32mOK [0m[0;34m 6738 [0m instructions
[1;30m TEST 9: [0m[0;32mOK [0m[0;34m 6741 [0m instructions

Mean: 6735 for stack of size 463 

[0;35m Generating random numbers for stack_size 464...

[0m[1;30m TEST 0: [0m[0;32mOK [0m[0;34m 6765 [0m instructions
[1;30m TEST 1: [0m[0;32mOK [0m[0;34m 6745 [0m instructions
[1;30m TEST 2: [0m[0;32mOK [0m[0;34m 6765 [0m instructions
[1;30m TEST 3: [0m[0;32mOK [0m[0;34m 6738 [0m instructions
[1;30m TEST 4: [0m[0;32mOK [0m[0;34m 6792 [0m instructions
[1;30m TEST 5: [0m[0;32mOK [0m[0;34m 6798 [0m instructions
[1;30m TEST 6: [0m[0;32mOK [0m[0;34m 6738 [0m instructions
[1;30m TEST 7: [0m[0;32mOK [0m[0;34m 6749 [0m instructions
[1;30m TEST 8: [0m[0;32mOK [0m[0;34m 6733 [0m instructions
[1;30m TEST 9: [0m[0;32mOK [0m[0;34m 6758 [0m instructions

Mean: 6758 for stack of size 464 

[0;35m Generating random numbers for stack_size 465...

[0m[1;30m TEST 0: [0m[0;32mOK [0m[0;34m 6748 [0m instructions
[1;30m TEST 1: [0m[0;32mOK [0m[0;34m 6781 [0m instructions
[1;30m TEST 2: [0m[0;32mOK [0m[0;34m 6787 [0m instructions
[1;30m TEST 3: [0m[0;32mOK [0m[0;34m 6728 [0m instructions
[1;30m TEST 4: [0m[0;32mOK [0m[0;34m 6764 [0m instructions
[1;30m TEST 5: [0m[0;32mOK [0m[0;34m 6762 [0m instructions
[1;30m TEST 6: [0m[0;32mOK [0m[0;34m 6751 [0m instructions
[1;30m TEST 7: [0m[0;32mOK [0m[0;34m 6719 [0m instructions
[1;30m TEST 8: [0m[0;32mOK [0m[0;34m 6721 [0m instructions
[1;30m TEST 9: [0m[0;32mOK [0m[0;34m 6716 [0m instructions

Mean: 6747 for stack of size 465 

[0;35m Generating random numbers for stack_size 466...

[0m[1;30m TEST 0: [0m[0;32mOK [0m[0;34m 6735 [0m instructions
[1;30m TEST 1: [0m[0;32mOK [0m[0;34m 6786 [0m instructions
[1;30m TEST 2: [0m[0;32mOK [0m[0;34m 6800 [0m instructions
[1;30m TEST 3: [0m[0;32mOK [0m[0;34m 6755 [0m instructions
[1;30m TEST 4: [0m[0;32mOK [0m[0;34m 6772 [0m instructions
[1;30m TEST 5: [0m[0;32mOK [0m[0;34m 6716 [0m instructions
[1;30m TEST 6: [0m[0;32mOK [0m[0;34m 6791 [0m instructions
[1;30m TEST 7: [0m[0;32mOK [0m[0;34m 6805 [0m instructions
[1;30m TEST 8: [0m[0;32mOK [0m[0;34m 6777 [0m instructions
[1;30m TEST 9: [0m[0;32mOK [0m[0;34m 6730 [0m instructions

Mean: 6766 for stack of size 466 

[0;35m Generating random numbers for stack_size 467...

[0m[1;30m TEST 0: [0m[0;32mOK [0m[0;34m 6797 [0m instructions
[1;30m TEST 1: [0m[0;32mOK [0m[0;34m 6802 [0m instructions
[1;30m TEST 2: [0m[0;32mOK [0m[0;34m 6766 [0m instructions
[1;30m TEST 3: [0m[0;32mOK [0m[0;34m 6749 [0m instructions
[1;30m TEST 4: [0m[0;32mOK [0m[0;34m 6778 [0m instructions
[1;30m TEST 5: [0m[0;32mOK [0m[0;34m 6788 [0m instructions
[1;30m TEST 6: [0m[0;32mOK [0m[0;34m 6767 [0m instructions
[1;30m TEST 7: [0m[0;32mOK [0m[0;34m 6722 [0m instructions
[1;30m TEST 8: [0m[0;32mOK [0m[0;34m 6782 [0m instructions
[1;30m TEST 9: [0m[0;32mOK [0m[0;34m 6779 [0m instructions

Mean: 6773 for stack of size 467 

[0;35m Generating random numbers for stack_size 468...

[0m[1;30m TEST 0: [0m[0;32mOK [0m[0;34m 6760 [0m instructions
[1;30m TEST 1: [0m[0;32mOK [0m[0;34m 6839 [0m instructions
[1;30m TEST 2: [0m[0;32mOK [0m[0;34m 6794 [0m instructions
[1;30m TEST 3: [0m[0;32mOK [0m[0;34m 6745 [0m instructions
[1;30m TEST 4: [0m[0;32mOK [0m[0;34m 6766 [0m instructions
[1;30m TEST 5: [0m[0;32mOK [0m[0;34m 6805 [0m instructions
[1;30m TEST 6: [0m[0;32mOK [0m[0;34m 6762 [0m instructions
[1;30m TEST 7: [0m[0;32mOK [0m[0;34m 6820 [0m instructions
[1;30m TEST 8: [0m[0;32mOK [0m[0;34m 6800 [0m instructions
[1;30m TEST 9: [0m[0;32mOK [0m[0;34m 6780 [0m instructions

Mean: 6787 for stack of size 468 

[0;35m Generating random numbers for stack_size 469...

[0m[1;30m TEST 0: [0m[0;32mOK [0m[0;34m 6776 [0m instructions
[1;30m TEST 1: [0m[0;32mOK [0m[0;34m 6782 [0m instructions
[1;30m TEST 2: [0m[0;32mOK [0m[0;34m 6766 [0m instructions
[1;30m TEST 3: [0m[0;32mOK [0m[0;34m 6816 [0m instructions
[1;30m TEST 4: [0m[0;32mOK [0m[0;34m 6769 [0m instructions
[1;30m TEST 5: [0m[0;32mOK [0m[0;34m 6784 [0m instructions
[1;30m TEST 6: [0m[0;32mOK [0m[0;34m 6800 [0m instructions
[1;30m TEST 7: [0m[0;32mOK [0m[0;34m 6825 [0m instructions
[1;30m TEST 8: [0m[0;32mOK [0m[0;34m 6778 [0m instructions
[1;30m TEST 9: [0m[0;32mOK [0m[0;34m 6775 [0m instructions

Mean: 6787 for stack of size 469 

[0;35m Generating random numbers for stack_size 470...

[0m[1;30m TEST 0: [0m[0;32mOK [0m[0;34m 6818 [0m instructions
[1;30m TEST 1: [0m[0;32mOK [0m[0;34m 6793 [0m instructions
[1;30m TEST 2: [0m[0;32mOK [0m[0;34m 6795 [0m instructions
[1;30m TEST 3: [0m[0;32mOK [0m[0;34m 6782 [0m instructions
[1;30m TEST 4: [0m[0;32mOK [0m[0;34m 6788 [0m instructions
[1;30m TEST 5: [0m[0;32mOK [0m[0;34m 6766 [0m instructions
[1;30m TEST 6: [0m[0;32mOK [0m[0;34m 6803 [0m instructions
[1;30m TEST 7: [0m[0;32mOK [0m[0;34m 6732 [0m instructions
[1;30m TEST 8: [0m[0;32mOK [0m[0;34m 6784 [0m instructions
[1;30m TEST 9: [0m[0;32mOK [0m[0;34m 6820 [0m instructions

Mean: 6788 for stack of size 470 

[0;35m Generating random numbers for stack_size 471...

[0m[1;30m TEST 0: [0m[0;32mOK [0m[0;34m 6773 [0m instructions
[1;30m TEST 1: [0m[0;32mOK [0m[0;34m 6810 [0m instructions
[1;30m TEST 2: [0m[0;32mOK [0m[0;34m 6776 [0m instructions
[1;30m TEST 3: [0m[0;32mOK [0m[0;34m 6786 [0m instructions
[1;30m TEST 4: [0m[0;32mOK [0m[0;34m 6807 [0m instructions
[1;30m TEST 5: [0m[0;32mOK [0m[0;34m 6775 [0m instructions
[1;30m TEST 6: [0m[0;32mOK [0m[0;34m 6799 [0m instructions
[1;30m TEST 7: [0m[0;32mOK [0m[0;34m 6785 [0m instructions
[1;30m TEST 8: [0m[0;32mOK [0m[0;34m 6764 [0m instructions
[1;30m TEST 9: [0m[0;32mOK [0m[0;34m 6818 [0m instructions

Mean: 6789 for stack of size 471 

[0;35m Generating random numbers for stack_size 472...

[0m[1;30m TEST 0: [0m[0;32mOK [0m[0;34m 6810 [0m instructions
[1;30m TEST 1: [0m[0;32mOK [0m[0;34m 6798 [0m instructions
[1;30m TEST 2: [0m[0;32mOK [0m[0;34m 6850 [0m instructions
[1;30m TEST 3: [0m[0;32mOK [0m[0;34m 6788 [0m instructions
[1;30m TEST 4: [0m[0;32mOK [0m[0;34m 6800 [0m instructions
[1;30m TEST 5: [0m[0;32mOK [0m[0;34m 6839 [0m instructions
[1;30m TEST 6: [0m[0;32mOK [0m[0;34m 6822 [0m instructions
[1;30m TEST 7: [0m[0;32mOK [0m[0;34m 6810 [0m instructions
[1;30m TEST 8: [0m[0;32mOK [0m[0;34m 6812 [0m instructions
[1;30m TEST 9: [0m[0;32mOK [0m[0;34m 6816 [0m instructions

Mean: 6814 for stack of size 472 

[0;35m Generating random numbers for stack_size 473...

[0m[1;30m TEST 0: [0m[0;32mOK [0m[0;34m 6849 [0m instructions
[1;30m TEST 1: [0m[0;32mOK [0m[0;34m 6829 [0m instructions
[1;30m TEST 2: [0m[0;32mOK [0m[0;34m 6838 [0m instructions
[1;30m TEST 3: [0m[0;32mOK [0m[0;34m 6843 [0m instructions
[1;30m TEST 4: [0m[0;32mOK [0m[0;34m 6863 [0m instructions
[1;30m TEST 5: [0m[0;32mOK [0m[0;34m 6855 [0m instructions
[1;30m TEST 6: [0m[0;32mOK [0m[0;34m 6854 [0m instructions
[1;30m TEST 7: [0m[0;32mOK [0m[0;34m 6820 [0m instructions
[1;30m TEST 8: [0m[0;32mOK [0m[0;34m 6861 [0m instructions
[1;30m TEST 9: [0m[0;32mOK [0m[0;34m 6809 [0m instructions

Mean: 6842 for stack of size 473 

[0;35m Generating random numbers for stack_size 474...

[0m[1;30m TEST 0: [0m[0;32mOK [0m[0;34m 6837 [0m instructions
[1;30m TEST 1: [0m[0;32mOK [0m[0;34m 6825 [0m instructions
[1;30m TEST 2: [0m[0;32mOK [0m[0;34m 6851 [0m instructions
[1;30m TEST 3: [0m[0;32mOK [0m[0;34m 6812 [0m instructions
[1;30m TEST 4: [0m[0;32mOK [0m[0;34m 6804 [0m instructions
[1;30m TEST 5: [0m[0;32mOK [0m[0;34m 6827 [0m instructions
[1;30m TEST 6: [0m[0;32mOK [0m[0;34m 6778 [0m instructions
[1;30m TEST 7: [0m[0;32mOK [0m[0;34m 6842 [0m instructions
[1;30m TEST 8: [0m[0;32mOK [0m[0;34m 6875 [0m instructions
[1;30m TEST 9: [0m[0;32mOK [0m[0;34m 6877 [0m instructions

Mean: 6832 for stack of size 474 

[0;35m Generating random numbers for stack_size 475...

[0m[1;30m TEST 0: [0m[0;32mOK [0m[0;34m 6795 [0m instructions
[1;30m TEST 1: [0m[0;32mOK [0m[0;34m 6857 [0m instructions
[1;30m TEST 2: [0m[0;32mOK [0m[0;34m 6843 [0m instructions
[1;30m TEST 3: [0m[0;32mOK [0m[0;34m 6858 [0m instructions
[1;30m TEST 4: [0m[0;32mOK [0m[0;34m 6833 [0m instructions
[1;30m TEST 5: [0m[0;32mOK [0m[0;34m 6860 [0m instructions
[1;30m TEST 6: [0m[0;32mOK [0m[0;34m 6877 [0m instructions
[1;30m TEST 7: [0m[0;32mOK [0m[0;34m 6857 [0m instructions
[1;30m TEST 8: [0m[0;32mOK [0m[0;34m 6876 [0m instructions
[1;30m TEST 9: [0m[0;32mOK [0m[0;34m 6791 [0m instructions

Mean: 6844 for stack of size 475 

[0;35m Generating random numbers for stack_size 476...

[0m[1;30m TEST 0: [0m[0;32mOK [0m[0;34m 6854 [0m instructions
[1;30m TEST 1: [0m[0;32mOK [0m[0;34m 6864 [0m instructions
[1;30m TEST 2: [0m[0;32mOK [0m[0;34m 6809 [0m instructions
[1;30m TEST 3: [0m[0;32mOK [0m[0;34m 6852 [0m instructions
[1;30m TEST 4: [0m[0;32mOK [0m[0;34m 6852 [0m instructions
[1;30m TEST 5: [0m[0;32mOK [0m[0;34m 6858 [0m instructions
[1;30m TEST 6: [0m[0;32mOK [0m[0;34m 6866 [0m instructions
[1;30m TEST 7: [0m[0;32mOK [0m[0;34m 6819 [0m instructions
[1;30m TEST 8: [0m[0;32mOK [0m[0;34m 6849 [0m instructions
[1;30m TEST 9: [0m[0;32mOK [0m[0;34m 6865 [0m instructions

Mean: 6848 for stack of size 476 

[0;35m Generating random numbers for stack_size 477...

[0m[1;30m TEST 0: [0m[0;32mOK [0m[0;34m 6859 [0m instructions
[1;30m TEST 1: [0m[0;32mOK [0m[0;34m 6839 [0m instructions
[1;30m TEST 2: [0m[0;32mOK [0m[0;34m 6846 [0m instructions
[1;30m TEST 3: [0m[0;32mOK [0m[0;34m 6870 [0m instructions
[1;30m TEST 4: [0m[0;32mOK [0m[0;34m 6804 [0m instructions
[1;30m TEST 5: [0m[0;32mOK [0m[0;34m 6793 [0m instructions
[1;30m TEST 6: [0m[0;32mOK [0m[0;34m 6806 [0m instructions
[1;30m TEST 7: [0m[0;32mOK [0m[0;34m 6843 [0m instructions
[1;30m TEST 8: [0m[0;32mOK [0m[0;34m 6850 [0m instructions
[1;30m TEST 9: [0m[0;32mOK [0m[0;34m 6820 [0m instructions

Mean: 6833 for stack of size 477 

[0;35m Generating random numbers for stack_size 478...

[0m[1;30m TEST 0: [0m[0;32mOK [0m[0;34m 6781 [0m instructions
[1;30m TEST 1: [0m[0;32mOK [0m[0;34m 6840 [0m instructions
[1;30m TEST 2: [0m[0;32mOK [0m[0;34m 6892 [0m instructions
[1;30m TEST 3: [0m[0;32mOK [0m[0;34m 6889 [0m instructions
[1;30m TEST 4: [0m[0;32mOK [0m[0;34m 6864 [0m instructions
[1;30m TEST 5: [0m[0;32mOK [0m[0;34m 6828 [0m instructions
[1;30m TEST 6: [0m[0;32mOK [0m[0;34m 6813 [0m instructions
[1;30m TEST 7: [0m[0;32mOK [0m[0;34m 6901 [0m instructions
[1;30m TEST 8: [0m[0;32mOK [0m[0;34m 6843 [0m instructions
[1;30m TEST 9: [0m[0;32mOK [0m[0;34m 6900 [0m instructions

Mean: 6855 for stack of size 478 

[0;35m Generating random numbers for stack_size 479...

[0m[1;30m TEST 0: [0m[0;32mOK [0m[0;34m 6861 [0m instructions
[1;30m TEST 1: [0m[0;32mOK [0m[0;34m 6860 [0m instructions
[1;30m TEST 2: [0m[0;32mOK [0m[0;34m 6890 [0m instructions
[1;30m TEST 3: [0m[0;32mOK [0m[0;34m 6923 [0m instructions
[1;30m TEST 4: [0m[0;32mOK [0m[0;34m 6825 [0m instructions
[1;30m TEST 5: [0m[0;32mOK [0m[0;34m 6872 [0m instructions
[1;30m TEST 6: [0m[0;32mOK [0m[0;34m 6916 [0m instructions
[1;30m TEST 7: [0m[0;32mOK [0m[0;34m 6820 [0m instructions
[1;30m TEST 8: [0m[0;32mOK [0m[0;34m 6856 [0m instructions
[1;30m TEST 9: [0m[0;32mOK [0m[0;34m 6881 [0m instructions

Mean: 6870 for stack of size 479 

[0;35m Generating random numbers for stack_size 480...

[0m[1;30m TEST 0: [0m[0;32mOK [0m[0;34m 6699 [0m instructions
[1;30m TEST 1: [0m[0;32mOK [0m[0;34m 6699 [0m instructions
[1;30m TEST 2: [0m[0;32mOK [0m[0;34m 6738 [0m instructions
[1;30m TEST 3: [0m[0;32mOK [0m[0;34m 6712 [0m instructions
[1;30m TEST 4: [0m[0;32mOK [0m[0;34m 6736 [0m instructions
[1;30m TEST 5: [0m[0;32mOK [0m[0;34m 6712 [0m instructions
[1;30m TEST 6: [0m[0;32mOK [0m[0;34m 6735 [0m instructions
[1;30m TEST 7: [0m[0;32mOK [0m[0;34m 6759 [0m instructions
[1;30m TEST 8: [0m[0;32mOK [0m[0;34m 6727 [0m instructions
[1;30m TEST 9: [0m[0;32mOK [0m[0;34m 6692 [0m instructions

Mean: 6720 for stack of size 480 

[0;35m Generating random numbers for stack_size 481...

[0m[1;30m TEST 0: [0m[0;32mOK [0m[0;32m 7198 [0m instructions
[1;30m TEST 1: [0m[0;32mOK [0m[0;34m 6972 [0m instructions
[1;30m TEST 2: [0m[0;32mOK [0m[0;32m 7252 [0m instructions
[1;30m TEST 3: [0m[0;32mOK [0m[0;34m 6974 [0m instructions
[1;30m TEST 4: [0m[0;32mOK [0m[0;32m 7229 [0m instructions
[1;30m TEST 5: [0m[0;32mOK [0m[0;32m 7237 [0m instructions
[1;30m TEST 6: [0m[0;32mOK [0m[0;32m 7123 [0m instructions
[1;30m TEST 7: [0m[0;32mOK [0m[0;32m 7131 [0m instructions
[1;30m TEST 8: [0m[0;32mOK [0m[0;34m 6922 [0m instructions
[1;30m TEST 9: [0m[0;32mOK [0m[0;34m 6806 [0m instructions

Mean: 7084 for stack of size 481 

[0;35m Generating random numbers for stack_size 482...

[0m[1;30m TEST 0: [0m[0;32mOK [0m[0;32m 7045 [0m instructions
[1;30m TEST 1: [0m[0;32mOK [0m[0;32m 7139 [0m instructions
[1;30m TEST 2: [0m[0;32mOK [0m[0;32m 7234 [0m instructions
[1;30m TEST 3: [0m[0;32mOK [0m[0;32m 7225 [0m instructions
[1;30m TEST 4: [0m[0;32mOK [0m[0;32m 7227 [0m instructions
[1;30m TEST 5: [0m[0;32mOK [0m[0;32m 7197 [0m instructions
[1;30m TEST 6: [0m[0;32mOK [0m[0;32m 7256 [0m instructions
[1;30m TEST 7: [0m[0;32mOK [0m[0;32m 7223 [0m instructions
[1;30m TEST 8: [0m[0;32mOK [0m[0;32m 7201 [0m instructions
[1;30m TEST 9: [0m[0;32mOK [0m[0;32m 7161 [0m instructions

Mean: 7190 for stack of size 482 

[0;35m Generating random numbers for stack_size 483...

[0m[1;30m TEST 0: [0m[0;32mOK [0m[0;32m 7236 [0m instructions
[1;30m TEST 1: [0m[0;32mOK [0m[0;34m 6909 [0m instructions
[1;30m TEST 2: [0m[0;32mOK [0m[0;32m 7190 [0m instructions
[1;30m TEST 3: [0m[0;32mOK [0m[0;32m 7192 [0m instructions
[1;30m TEST 4: [0m[0;32mOK [0m[0;34m 6931 [0m instructions
[1;30m TEST 5: [0m[0;32mOK [0m[0;32m 7108 [0m instructions
[1;30m TEST 6: [0m[0;32mOK [0m[0;32m 7224 [0m instructions
[1;30m TEST 7: [0m[0;32mOK [0m[0;32m 7227 [0m instructions
[1;30m TEST 8: [0m[0;32mOK [0m[0;32m 7208 [0m instructions
[1;30m TEST 9: [0m[0;32mOK [0m[0;32m 7260 [0m instructions

Mean: 7148 for stack of size 483 

[0;35m Generating random numbers for stack_size 484...

[0m[1;30m TEST 0: [0m[0;32mOK [0m[0;32m 7214 [0m instructions
[1;30m TEST 1: [0m[0;32mOK [0m[0;32m 7168 [0m instructions
[1;30m TEST 2: [0m[0;32mOK [0m[0;32m 7245 [0m instructions
[1;30m TEST 3: [0m[0;32mOK [0m[0;32m 7254 [0m instructions
[1;30m TEST 4: [0m[0;32mOK [0m[0;32m 7213 [0m instructions
[1;30m TEST 5: [0m[0;32mOK [0m[0;32m 7214 [0m instructions
[1;30m TEST 6: [0m[0;32mOK [0m[0;32m 7225 [0m instructions
[1;30m TEST 7: [0m[0;32mOK [0m[0;32m 7198 [0m instructions
[1;30m TEST 8: [0m[0;32mOK [0m[0;32m 7169 [0m instructions
[1;30m TEST 9: [0m[0;32mOK [0m[0;32m 7204 [0m instructions

Mean: 7210 for stack of size 484 

[0;35m Generating random numbers for stack_size 485...

[0m[1;30m TEST 0: [0m[0;32mOK [0m[0;32m 7180 [0m instructions
[1;30m TEST 1: [0m[0;32mOK [0m[0;32m 7238 [0m instructions
[1;30m TEST 2: [0m[0;32mOK [0m[0;32m 7247 [0m instructions
[1;30m TEST 3: [0m[0;32mOK [0m[0;32m 7270 [0m instructions
[1;30m TEST 4: [0m[0;32mOK [0m[0;32m 7219 [0m instructions
[1;30m TEST 5: [0m[0;32mOK [0m[0;32m 7215 [0m instructions
[1;30m TEST 6: [0m[0;32mOK [0m[0;32m 7226 [0m instructions
[1;30m TEST 7: [0m[0;32mOK [0m[0;32m 7238 [0m instructions
[1;30m TEST 8: [0m[0;32mOK [0m[0;32m 7203 [0m instructions
[1;30m TEST 9: [0m[0;32mOK [0m[0;32m 7202 [0m instructions

Mean: 7223 for stack of size 485 

[0;35m Generating random numbers for stack_size 486...

[0m[1;30m TEST 0: [0m[0;32mOK [0m[0;32m 7200 [0m instructions
[1;30m TEST 1: [0m[0;32mOK [0m[0;32m 7199 [0m instructions
[1;30m TEST 2: [0m[0;32mOK [0m[0;32m 7221 [0m instructions
[1;30m TEST 3: [0m[0;32mOK [0m[0;32m 7169 [0m instructions
[1;30m TEST 4: [0m[0;32mOK [0m[0;32m 7225 [0m instructions
[1;30m TEST 5: [0m[0;32mOK [0m[0;32m 7171 [0m instructions
[1;30m TEST 6: [0m[0;32mOK [0m[0;32m 7251 [0m instructions
[1;30m TEST 7: [0m[0;32mOK [0m[0;32m 7265 [0m instructions
[1;30m TEST 8: [0m[0;32mOK [0m[0;32m 7240 [0m instructions
[1;30m TEST 9: [0m[0;32mOK [0m[0;32m 7294 [0m instructions

Mean: 7223 for stack of size 486 

[0;35m Generating random numbers for stack_size 487...

[0m[1;30m TEST 0: [0m[0;32mOK [0m[0;32m 7249 [0m instructions
[1;30m TEST 1: [0m[0;32mOK [0m[0;32m 7254 [0m instructions
[1;30m TEST 2: [0m[0;32mOK [0m[0;32m 7204 [0m instructions
[1;30m TEST 3: [0m[0;32mOK [0m[0;32m 7249 [0m instructions
[1;30m TEST 4: [0m[0;32mOK [0m[0;32m 7198 [0m instructions
[1;30m TEST 5: [0m[0;32mOK [0m[0;32m 7217 [0m instructions
[1;30m TEST 6: [0m[0;32mOK [0m[0;32m 7231 [0m instructions
[1;30m TEST 7: [0m[0;32mOK [0m[0;32m 7212 [0m instructions
[1;30m TEST 8: [0m[0;32mOK [0m[0;32m 7227 [0m instructions
[1;30m TEST 9: [0m[0;32mOK [0m[0;32m 7211 [0m instructions

Mean: 7225 for stack of size 487 

[0;35m Generating random numbers for stack_size 488...

[0m[1;30m TEST 0: [0m[0;32mOK [0m[0;32m 7197 [0m instructions
[1;30m TEST 1: [0m[0;32mOK [0m[0;32m 7200 [0m instructions
[1;30m TEST 2: [0m[0;32mOK [0m[0;32m 7217 [0m instructions
[1;30m TEST 3: [0m[0;32mOK [0m[0;32m 7259 [0m instructions
[1;30m TEST 4: [0m[0;32mOK [0m[0;32m 7203 [0m instructions
[1;30m TEST 5: [0m[0;32mOK [0m[0;32m 7280 [0m instructions
[1;30m TEST 6: [0m[0;32mOK [0m[0;32m 7200 [0m instructions
[1;30m TEST 7: [0m[0;32mOK [0m[0;32m 7269 [0m instructions
[1;30m TEST 8: [0m[0;32mOK [0m[0;32m 7333 [0m instructions
[1;30m TEST 9: [0m[0;32mOK [0m[0;32m 7256 [0m instructions

Mean: 7241 for stack of size 488 

[0;35m Generating random numbers for stack_size 489...

[0m[1;30m TEST 0: [0m[0;32mOK [0m[0;32m 7246 [0m instructions
[1;30m TEST 1: [0m[0;32mOK [0m[0;32m 7229 [0m instructions
[1;30m TEST 2: [0m[0;32mOK [0m[0;32m 7250 [0m instructions
[1;30m TEST 3: [0m[0;32mOK [0m[0;32m 7233 [0m instructions
[1;30m TEST 4: [0m[0;32mOK [0m[0;32m 7253 [0m instructions
[1;30m TEST 5: [0m[0;32mOK [0m[0;32m 7225 [0m instructions
[1;30m TEST 6: [0m[0;32mOK [0m[0;32m 7241 [0m instructions
[1;30m TEST 7: [0m[0;32mOK [0m[0;32m 7284 [0m instructions
[1;30m TEST 8: [0m[0;32mOK [0m[0;32m 7281 [0m instructions
[1;30m TEST 9: [0m[0;32mOK [0m[0;32m 7188 [0m instructions

Mean: 7243 for stack of size 489 

[0;35m Generating random numbers for stack_size 490...

[0m[1;30m TEST 0: [0m[0;32mOK [0m[0;32m 7237 [0m instructions
[1;30m TEST 1: [0m[0;32mOK [0m[0;32m 7253 [0m instructions
[1;30m TEST 2: [0m[0;32mOK [0m[0;32m 7262 [0m instructions
[1;30m TEST 3: [0m[0;32mOK [0m[0;32m 7242 [0m instructions
[1;30m TEST 4: [0m[0;32mOK [0m[0;32m 7270 [0m instructions
[1;30m TEST 5: [0m[0;32mOK [0m[0;32m 7189 [0m instructions
[1;30m TEST 6: [0m[0;32mOK [0m[0;32m 7283 [0m instructions
[1;30m TEST 7: [0m[0;32mOK [0m[0;32m 7237 [0m instructions
[1;30m TEST 8: [0m[0;32mOK [0m[0;32m 7213 [0m instructions
[1;30m TEST 9: [0m[0;32mOK [0m[0;32m 7246 [0m instructions

Mean: 7243 for stack of size 490 

[0;35m Generating random numbers for stack_size 491...

[0m[1;30m TEST 0: [0m[0;32mOK [0m[0;32m 7270 [0m instructions
[1;30m TEST 1: [0m[0;32mOK [0m[0;32m 7236 [0m instructions
[1;30m TEST 2: [0m[0;32mOK [0m[0;32m 7199 [0m instructions
[1;30m TEST 3: [0m[0;32mOK [0m[0;32m 7307 [0m instructions
[1;30m TEST 4: [0m[0;32mOK [0m[0;32m 7280 [0m instructions
[1;30m TEST 5: [0m[0;32mOK [0m[0;32m 7241 [0m instructions
[1;30m TEST 6: [0m[0;32mOK [0m[0;32m 7243 [0m instructions
[1;30m TEST 7: [0m[0;32mOK [0m[0;32m 7263 [0m instructions
[1;30m TEST 8: [0m[0;32mOK [0m[0;32m 7234 [0m instructions
[1;30m TEST 9: [0m[0;32mOK [0m[0;32m 7216 [0m instructions

Mean: 7248 for stack of size 491 

[0;35m Generating random numbers for stack_size 492...

[0m[1;30m TEST 0: [0m[0;32mOK [0m[0;32m 7271 [0m instructions
[1;30m TEST 1: [0m[0;32mOK [0m[0;32m 7267 [0m instructions
[1;30m TEST 2: [0m[0;32mOK [0m[0;32m 7150 [0m instructions
[1;30m TEST 3: [0m[0;32mOK [0m[0;32m 7271 [0m instructions
[1;30m TEST 4: [0m[0;32mOK [0m[0;32m 7273 [0m instructions
[1;30m TEST 5: [0m[0;32mOK [0m[0;32m 7249 [0m instructions
[1;30m TEST 6: [0m[0;32mOK [0m[0;32m 7229 [0m instructions
[1;30m TEST 7: [0m[0;32mOK [0m[0;32m 7340 [0m instructions
[1;30m TEST 8: [0m[0;32mOK [0m[0;32m 7240 [0m instructions
[1;30m TEST 9: [0m[0;32mOK [0m[0;32m 7255 [0m instructions

Mean: 7254 for stack of size 492 

[0;35m Generating random numbers for stack_size 493...

[0m[1;30m TEST 0: [0m[0;32mOK [0m[0;32m 7290 [0m instructions
[1;30m TEST 1: [0m[0;32mOK [0m[0;32m 7261 [0m instructions
[1;30m TEST 2: [0m[0;32mOK [0m[0;32m 7230 [0m instructions
[1;30m TEST 3: [0m[0;32mOK [0m[0;32m 7262 [0m instructions
[1;30m TEST 4: [0m[0;32mOK [0m[0;32m 7281 [0m instructions
[1;30m TEST 5: [0m[0;32mOK [0m[0;32m 7243 [0m instructions
[1;30m TEST 6: [0m[0;32mOK [0m[0;32m 7274 [0m instructions
[1;30m TEST 7: [0m[0;32mOK [0m[0;32m 7280 [0m instructions
[1;30m TEST 8: [0m[0;32mOK [0m[0;32m 7218 [0m instructions
[1;30m TEST 9: [0m[0;32mOK [0m[0;32m 7229 [0m instructions

Mean: 7256 for stack of size 493 

[0;35m Generating random numbers for stack_size 494...

[0m[1;30m TEST 0: [0m[0;32mOK [0m[0;32m 7282 [0m instructions
[1;30m TEST 1: [0m[0;32mOK [0m[0;32m 7289 [0m instructions
[1;30m TEST 2: [0m[0;32mOK [0m[0;32m 7232 [0m instructions
[1;30m TEST 3: [0m[0;32mOK [0m[0;32m 7267 [0m instructions
[1;30m TEST 4: [0m[0;32mOK [0m[0;32m 7266 [0m instructions
[1;30m TEST 5: [0m[0;32mOK [0m[0;32m 7297 [0m instructions
[1;30m TEST 6: [0m[0;32mOK [0m[0;32m 7287 [0m instructions
[1;30m TEST 7: [0m[0;32mOK [0m[0;32m 7252 [0m instructions
[1;30m TEST 8: [0m[0;32mOK [0m[0;32m 7298 [0m instructions
[1;30m TEST 9: [0m[0;32mOK [0m[0;32m 7245 [0m instructions

Mean: 7271 for stack of size 494 

[0;35m Generating random numbers for stack_size 495...

[0m[1;30m TEST 0: [0m[0;32mOK [0m[0;32m 7245 [0m instructions
[1;30m TEST 1: [0m[0;32mOK [0m[0;32m 7332 [0m instructions
[1;30m TEST 2: [0m[0;32mOK [0m[0;32m 7261 [0m instructions
[1;30m TEST 3: [0m[0;32mOK [0m[0;32m 7286 [0m instructions
[1;30m TEST 4: [0m[0;32mOK [0m[0;32m 7289 [0m instructions
[1;30m TEST 5: [0m[0;32mOK [0m[0;32m 7223 [0m instructions
[1;30m TEST 6: [0m[0;32mOK [0m[0;32m 7254 [0m instructions
[1;30m TEST 7: [0m[0;32mOK [0m[0;32m 7328 [0m instructions
[1;30m TEST 8: [0m[0;32mOK [0m[0;32m 7247 [0m instructions
[1;30m TEST 9: [0m[0;32mOK [0m[0;32m 7249 [0m instructions

Mean: 7271 for stack of size 495 

[0;35m Generating random numbers for stack_size 496...

[0m[1;30m TEST 0: [0m[0;32mOK [0m[0;32m 7282 [0m instructions
[1;30m TEST 1: [0m[0;32mOK [0m[0;32m 7303 [0m instructions
[1;30m TEST 2: [0m[0;32mOK [0m[0;32m 7218 [0m instructions
[1;30m TEST 3: [0m[0;32mOK [0m[0;32m 7291 [0m instructions
[1;30m TEST 4: [0m[0;32mOK [0m[0;32m 7234 [0m instructions
[1;30m TEST 5: [0m[0;32mOK [0m[0;32m 7301 [0m instructions
[1;30m TEST 6: [0m[0;32mOK [0m[0;32m 7290 [0m instructions
[1;30m TEST 7: [0m[0;32mOK [0m[0;32m 7285 [0m instructions
[1;30m TEST 8: [0m[0;32mOK [0m[0;32m 7283 [0m instructions
[1;30m TEST 9: [0m[0;32mOK [0m[0;32m 7286 [0m instructions

Mean: 7277 for stack of size 496 

[0;35m Generating random numbers for stack_size 497...

[0m[1;30m TEST 0: [0m[0;32mOK [0m[0;32m 7282 [0m instructions
[1;30m TEST 1: [0m[0;32mOK [0m[0;32m 7268 [0m instructions
[1;30m TEST 2: [0m[0;32mOK [0m[0;32m 7298 [0m instructions
[1;30m TEST 3: [0m[0;32mOK [0m[0;32m 7251 [0m instructions
[1;30m TEST 4: [0m[0;32mOK [0m[0;32m 7261 [0m instructions
[1;30m TEST 5: [0m[0;32mOK [0m[0;32m 7253 [0m instructions
[1;30m TEST 6: [0m[0;32mOK [0m[0;32m 7332 [0m instructions
[1;30m TEST 7: [0m[0;32mOK [0m[0;32m 7330 [0m instructions
[1;30m TEST 8: [0m[0;32mOK [0m[0;32m 7354 [0m instructions
[1;30m TEST 9: [0m[0;32mOK [0m[0;32m 7294 [0m instructions

Mean: 7292 for stack of size 497 

[0;35m Generating random numbers for stack_size 498...

[0m[1;30m TEST 0: [0m[0;32mOK [0m[0;32m 7341 [0m instructions
[1;30m TEST 1: [0m[0;32mOK [0m[0;32m 7268 [0m instructions
[1;30m TEST 2: [0m[0;32mOK [0m[0;32m 7282 [0m instructions
[1;30m TEST 3: [0m[0;32mOK [0m[0;32m 7259 [0m instructions
[1;30m TEST 4: [0m[0;32mOK [0m[0;32m 7268 [0m instructions
[1;30m TEST 5: [0m[0;32mOK [0m[0;32m 7273 [0m instructions
[1;30m TEST 6: [0m[0;32mOK [0m[0;32m 7288 [0m instructions
[1;30m TEST 7: [0m[0;32mOK [0m[0;32m 7298 [0m instructions
[1;30m TEST 8: [0m[0;32mOK [0m[0;32m 7301 [0m instructions
[1;30m TEST 9: [0m[0;32mOK [0m[0;32m 7257 [0m instructions

Mean: 7283 for stack of size 498 

[0;35m Generating random numbers for stack_size 499...

[0m[1;30m TEST 0: [0m[0;32mOK [0m[0;32m 7268 [0m instructions
[1;30m TEST 1: [0m[0;32mOK [0m[0;32m 7334 [0m instructions
[1;30m TEST 2: [0m[0;32mOK [0m[0;32m 7288 [0m instructions
[1;30m TEST 3: [0m[0;32mOK [0m[0;32m 7300 [0m instructions
[1;30m TEST 4: [0m[0;32mOK [0m[0;32m 7331 [0m instructions
[1;30m TEST 5: [0m[0;32mOK [0m[0;32m 7265 [0m instructions
[1;30m TEST 6: [0m[0;32mOK [0m[0;32m 7342 [0m instructions
[1;30m TEST 7: [0m[0;32mOK [0m[0;32m 7335 [0m instructions
[1;30m TEST 8: [0m[0;32mOK [0m[0;32m 7284 [0m instructions
[1;30m TEST 9: [0m[0;32mOK [0m[0;32m 7257 [0m instructions

Mean: 7300 for stack of size 499 

[0;35m Generating random numbers for stack_size 500...

[0m[1;30m TEST 0: [0m[0;32mOK [0m[0;32m 7606 [0m instructions
[1;30m TEST 1: [0m[0;32mOK [0m[0;32m 7632 [0m instructions
[1;30m TEST 2: [0m[0;32mOK [0m[0;32m 7619 [0m instructions
[1;30m TEST 3: [0m[0;32mOK [0m[0;32m 7650 [0m instructions
[1;30m TEST 4: [0m[0;32mOK [0m[0;32m 7644 [0m instructions
[1;30m TEST 5: [0m[0;32mOK [0m[0;32m 7654 [0m instructions
[1;30m TEST 6: [0m[0;32mOK [0m[0;32m 7682 [0m instructions
[1;30m TEST 7: [0m[0;32mOK [0m[0;32m 7651 [0m instructions
[1;30m TEST 8: [0m[0;32mOK [0m[0;32m 7663 [0m instructions
[1;30m TEST 9: [0m[0;32mOK [0m[0;32m 7611 [0m instructions

Mean: 7641 for stack of size 500 

